Component: Arm Compiler for Embedded 6.22 Tool: armlink [5ee90200]

==============================================================================

Section Cross References

    project_rccar.o(.text.main) refers to project_rccar.o(.text.setup) for setup
    project_rccar.o(.text.main) refers to project_rccar.o(.rodata.str1.1) for .L.str
    project_rccar.o(.text.main) refers to printf.o(.text) for printf
    project_rccar.o(.text.main) refers to ecuart2.o(.text.USART_write) for USART_write
    project_rccar.o(.ARM.exidx.text.main) refers to project_rccar.o(.text.main) for [Anonymous Symbol]
    project_rccar.o(.text.setup) refers to ecrcc2.o(.text.RCC_PLL_init) for RCC_PLL_init
    project_rccar.o(.text.setup) refers to ecuart2.o(.text.UART2_init) for UART2_init
    project_rccar.o(.text.setup) refers to ecuart2.o(.text.UART2_baud) for UART2_baud
    project_rccar.o(.text.setup) refers to ecuart2.o(.text.UART1_init) for UART1_init
    project_rccar.o(.text.setup) refers to ecuart2.o(.text.UART1_baud) for UART1_baud
    project_rccar.o(.text.setup) refers to ecgpio2.o(.text.GPIO_init) for GPIO_init
    project_rccar.o(.text.setup) refers to ecpwm2.o(.text.PWM_init) for PWM_init
    project_rccar.o(.text.setup) refers to ecpwm2.o(.text.PWM_period_us) for PWM_period_us
    project_rccar.o(.text.setup) refers to project_rccar.o(.data.duty) for duty
    project_rccar.o(.text.setup) refers to ecpwm2.o(.text.PWM_duty) for PWM_duty
    project_rccar.o(.text.setup) refers to project_rccar.o(.data.duty_2) for duty_2
    project_rccar.o(.text.setup) refers to ecgpio2.o(.text.GPIO_otype) for GPIO_otype
    project_rccar.o(.text.setup) refers to ecgpio2.o(.text.GPIO_write) for GPIO_write
    project_rccar.o(.text.setup) refers to ectim2.o(.text.TIM_UI_enable) for TIM_UI_enable
    project_rccar.o(.text.setup) refers to project_rccar.o(.text.__NVIC_EnableIRQ) for __NVIC_EnableIRQ
    project_rccar.o(.ARM.exidx.text.setup) refers to project_rccar.o(.text.setup) for [Anonymous Symbol]
    project_rccar.o(.ARM.exidx.text.__NVIC_EnableIRQ) refers to project_rccar.o(.text.__NVIC_EnableIRQ) for [Anonymous Symbol]
    project_rccar.o(.text.USART1_IRQHandler) refers to ecuart2.o(.text.is_USART_RXNE) for is_USART_RXNE
    project_rccar.o(.text.USART1_IRQHandler) refers to ecuart2.o(.text.USART_read) for USART_read
    project_rccar.o(.text.USART1_IRQHandler) refers to project_rccar.o(.bss.btData) for btData
    project_rccar.o(.text.USART1_IRQHandler) refers to project_rccar.o(.rodata.str1.1) for .L.str.2
    project_rccar.o(.text.USART1_IRQHandler) refers to printf.o(.text) for printf
    project_rccar.o(.text.USART1_IRQHandler) refers to ecuart2.o(.text.USART_write) for USART_write
    project_rccar.o(.text.USART1_IRQHandler) refers to project_rccar.o(.bss.bReceive) for bReceive
    project_rccar.o(.text.USART1_IRQHandler) refers to project_rccar.o(.data.moterPWM) for moterPWM
    project_rccar.o(.text.USART1_IRQHandler) refers to project_rccar.o(.data.moterPWM_2) for moterPWM_2
    project_rccar.o(.text.USART1_IRQHandler) refers to ecgpio2.o(.text.GPIO_read) for GPIO_read
    project_rccar.o(.text.USART1_IRQHandler) refers to project_rccar.o(.bss.moterDIR) for moterDIR
    project_rccar.o(.text.USART1_IRQHandler) refers to project_rccar.o(.bss.moterDIR_2) for moterDIR_2
    project_rccar.o(.text.USART1_IRQHandler) refers to ecgpio2.o(.text.GPIO_write) for GPIO_write
    project_rccar.o(.ARM.exidx.text.USART1_IRQHandler) refers to project_rccar.o(.text.USART1_IRQHandler) for [Anonymous Symbol]
    project_rccar.o(.text.TIM2_IRQHandler) refers to ectim2.o(.text.is_UIF) for is_UIF
    project_rccar.o(.text.TIM2_IRQHandler) refers to project_rccar.o(.bss.moterDIR) for moterDIR
    project_rccar.o(.text.TIM2_IRQHandler) refers to project_rccar.o(.data.moterPWM) for moterPWM
    project_rccar.o(.text.TIM2_IRQHandler) refers to f2d.o(x$fpl$f2d) for __aeabi_f2d
    project_rccar.o(.text.TIM2_IRQHandler) refers to d2f.o(x$fpl$d2f) for __aeabi_d2f
    project_rccar.o(.text.TIM2_IRQHandler) refers to project_rccar.o(.data.duty) for duty
    project_rccar.o(.text.TIM2_IRQHandler) refers to ecpwm2.o(.text.PWM_duty) for PWM_duty
    project_rccar.o(.text.TIM2_IRQHandler) refers to project_rccar.o(.bss.moterDIR_2) for moterDIR_2
    project_rccar.o(.text.TIM2_IRQHandler) refers to project_rccar.o(.data.moterPWM_2) for moterPWM_2
    project_rccar.o(.text.TIM2_IRQHandler) refers to project_rccar.o(.data.duty_2) for duty_2
    project_rccar.o(.text.TIM2_IRQHandler) refers to ectim2.o(.text.clear_UIF) for clear_UIF
    project_rccar.o(.ARM.exidx.text.TIM2_IRQHandler) refers to project_rccar.o(.text.TIM2_IRQHandler) for [Anonymous Symbol]
    project_rccar.o(.text.USART2_IRQHandler) refers to ecuart2.o(.text.is_USART_RXNE) for is_USART_RXNE
    project_rccar.o(.text.USART2_IRQHandler) refers to ecuart2.o(.text.USART_read) for USART_read
[...]
    .ARM.Collect$$rtexit$$00000000           0x08000302   Section        2  rtexit.o(.ARM.Collect$$rtexit$$00000000)
    .ARM.Collect$$rtexit$$00000002           0x08000304   Section        0  rtexit2.o(.ARM.Collect$$rtexit$$00000002)
    .ARM.Collect$$rtexit$$00000003           0x08000304   Section        4  rtexit2.o(.ARM.Collect$$rtexit$$00000003)
    .ARM.Collect$$rtexit$$00000004           0x08000308   Section        6  rtexit2.o(.ARM.Collect$$rtexit$$00000004)
    $v0                                      0x08000310   Number         0  startup_stm32f411xe.o(.text)
    .text                                    0x08000310   Section       64  startup_stm32f411xe.o(.text)
    .text                                    0x08000350   Section        0  printf.o(.text)
    .text                                    0x08000368   Section        0  heapauxi.o(.text)
    .text                                    0x0800036e   Section        0  _printf_pad.o(.text)
    .text                                    0x080003bc   Section        0  _printf_truncate.o(.text)
    .text                                    0x080003e0   Section        0  _printf_str.o(.text)
    .text                                    0x08000434   Section        0  _printf_dec.o(.text)
    .text                                    0x080004ac   Section        0  _printf_charcount.o(.text)
    .text                                    0x080004d4   Section        0  _printf_char_file.o(.text)
    .text                                    0x080004f8   Section        0  _printf_wctomb.o(.text)
    .text                                    0x080005b4   Section        0  _printf_longlong_dec.o(.text)
    _printf_longlong_oct_internal            0x08000631   Thumb Code     0  _printf_oct_int_ll.o(.text)
    .text                                    0x08000630   Section        0  _printf_oct_int_ll.o(.text)
    _printf_hex_common                       0x080006a1   Thumb Code     0  _printf_hex_int_ll_ptr.o(.text)
    .text                                    0x080006a0   Section        0  _printf_hex_int_ll_ptr.o(.text)
    .text                                    0x08000734   Section        0  __printf_flags_ss_wp.o(.text)
    .text                                    0x080008bc   Section      138  lludiv10.o(.text)
    .text                                    0x08000946   Section        0  _printf_intcommon.o(.text)
    _fp_digits                               0x080009f9   Thumb Code   432  _printf_fp_dec.o(.text)
    .text                                    0x080009f8   Section        0  _printf_fp_dec.o(.text)
    .text                                    0x08000e14   Section        0  _printf_fp_hex.o(.text)
    _printf_input_char                       0x08001111   Thumb Code    10  _printf_char_common.o(.text)
    .text                                    0x08001110   Section        0  _printf_char_common.o(.text)
    .text                                    0x08001140   Section        0  _printf_char.o(.text)
    .text                                    0x0800116c   Section        0  _printf_wchar.o(.text)
    .text                                    0x08001198   Section        0  ferror.o(.text)
    .text                                    0x080011a0   Section        0  _c16rtomb.o(.text)
    .text                                    0x080011e8   Section       74  sys_stackheap_outer.o(.text)
    .text                                    0x08001234   Section       16  rt_ctype_table.o(.text)
    .text                                    0x08001244   Section        8  rt_locale_intlibspace.o(.text)
    .text                                    0x0800124c   Section        0  _printf_fp_infnan.o(.text)
    .text                                    0x080012cc   Section        0  bigflt0.o(.text)
    .text                                    0x080013b0   Section        0  exit.o(.text)
    .text                                    0x080013c4   Section        8  libspace.o(.text)
    .text                                    0x080013d0   Section      124  strcmpv7em.o(.text)
    .text                                    0x0800144c   Section        0  sys_exit.o(.text)
    .text                                    0x08001458   Section        2  use_no_semi.o(.text)
    .text                                    0x0800145a   Section        0  indicate_semi.o(.text)
    [Anonymous Symbol]                       0x0800145c   Section        0  ecgpio2.o(.text.GPIO_init)
    [Anonymous Symbol]                       0x08001488   Section        0  ecgpio2.o(.text.GPIO_mode)
    [Anonymous Symbol]                       0x080014c8   Section        0  ecgpio2.o(.text.GPIO_ospeed)
    [Anonymous Symbol]                       0x08001508   Section        0  ecgpio2.o(.text.GPIO_otype)
    [Anonymous Symbol]                       0x08001544   Section        0  ecgpio2.o(.text.GPIO_pupd)
    [Anonymous Symbol]                       0x08001584   Section        0  ecgpio2.o(.text.GPIO_read)
    [Anonymous Symbol]                       0x080015ac   Section        0  ecgpio2.o(.text.GPIO_write)
    [Anonymous Symbol]                       0x080015f4   Section        0  ecpwm2.o(.text.PWM_duty)
    [Anonymous Symbol]                       0x080016c0   Section        0  ecpwm2.o(.text.PWM_init)
    [Anonymous Symbol]                       0x08001a00   Section        0  ecpwm2.o(.text.PWM_period_us)
    [Anonymous Symbol]                       0x08001a30   Section        0  ecpwm2.o(.text.PWM_pinmap)
    [Anonymous Symbol]                       0x08001c4c   Section        0  ecrcc2.o(.text.RCC_GPIOA_enable)
    [Anonymous Symbol]                       0x08001c60   Section        0  ecrcc2.o(.text.RCC_GPIOB_enable)
    [Anonymous Symbol]                       0x08001c74   Section        0  ecrcc2.o(.text.RCC_GPIOC_enable)
    [Anonymous Symbol]                       0x08001c88   Section        0  ecrcc2.o(.text.RCC_GPIOD_enable)
    [Anonymous Symbol]                       0x08001c9c   Section        0  ecrcc2.o(.text.RCC_GPIOE_enable)
    [Anonymous Symbol]                       0x08001cb0   Section        0  ecrcc2.o(.text.RCC_GPIOH_enable)
    [Anonymous Symbol]                       0x08001cc4   Section        0  ecgpio2.o(.text.RCC_GPIO_enable)
    [Anonymous Symbol]                       0x08001d60   Section        0  ecrcc2.o(.text.RCC_PLL_init)
    [Anonymous Symbol]                       0x08001e74   Section        0  ecsystick2.o(.text.SysTick_Handler)
    [Anonymous Symbol]                       0x08001e7c   Section        0  ecsystick2.o(.text.SysTick_counter)
    [Anonymous Symbol]                       0x08001e8c   Section        0  system_stm32f4xx.o(.text.SystemInit)
    [Anonymous Symbol]                       0x08001ea0   Section        0  project_rccar.o(.text.TIM2_IRQHandler)
    [Anonymous Symbol]                       0x08001f88   Section        0  ectim2.o(.text.TIM_UI_enable)
    [Anonymous Symbol]                       0x08001f9c   Section        0  ectim2.o(.text.TIM_init)
    [Anonymous Symbol]                       0x080020dc   Section        0  ectim2.o(.text.TIM_period)
    [Anonymous Symbol]                       0x080020f0   Section        0  ectim2.o(.text.TIM_period_ms)
    [Anonymous Symbol]                       0x080021e4   Section        0  ectim2.o(.text.TIM_period_us)
    [Anonymous Symbol]                       0x080022c4   Section        0  ecuart2.o(.text.UART1_baud)
    [Anonymous Symbol]                       0x080022dc   Section        0  ecuart2.o(.text.UART1_init)
    [Anonymous Symbol]                       0x080022f4   Section        0  ecuart2.o(.text.UART2_baud)
    [Anonymous Symbol]                       0x0800230c   Section        0  ecuart2.o(.text.UART2_init)
    [Anonymous Symbol]                       0x08002328   Section        0  ecuart2.o(.text.UART_baud)
    [Anonymous Symbol]                       0x08002420   Section        0  project_rccar.o(.text.USART1_IRQHandler)
    [Anonymous Symbol]                       0x08002750   Section        0  project_rccar.o(.text.USART2_IRQHandler)
    [Anonymous Symbol]                       0x08002850   Section        0  ecuart2.o(.text.USART_delay)
    [Anonymous Symbol]                       0x08002884   Section        0  ecuart2.o(.text.USART_read)
    [Anonymous Symbol]                       0x080028a4   Section        0  ecuart2.o(.text.USART_setting)
    [Anonymous Symbol]                       0x08002b24   Section        0  ecuart2.o(.text.USART_write)
    __NVIC_EnableIRQ                         0x08002b89   Thumb Code    48  project_rccar.o(.text.__NVIC_EnableIRQ)
    [Anonymous Symbol]                       0x08002b88   Section        0  project_rccar.o(.text.__NVIC_EnableIRQ)
    __NVIC_EnableIRQ                         0x08002bb9   Thumb Code    48  ecuart2.o(.text.__NVIC_EnableIRQ)
    [Anonymous Symbol]                       0x08002bb8   Section        0  ecuart2.o(.text.__NVIC_EnableIRQ)
    __NVIC_SetPriority                       0x08002be9   Thumb Code    66  ecuart2.o(.text.__NVIC_SetPriority)
    [Anonymous Symbol]                       0x08002be8   Section        0  ecuart2.o(.text.__NVIC_SetPriority)
    [Anonymous Symbol]                       0x08002c2c   Section        0  ectim2.o(.text.clear_UIF)
    [Anonymous Symbol]                       0x08002c40   Section        0  ecpinnames.o(.text.ecPinmap)
    [Anonymous Symbol]                       0x08002cfc   Section        0  ecuart2.o(.text.fputc)
    [Anonymous Symbol]                       0x08002d24   Section        0  ectim2.o(.text.is_UIF)
    [Anonymous Symbol]                       0x08002d34   Section        0  ecuart2.o(.text.is_USART_RXNE)
    [Anonymous Symbol]                       0x08002d44   Section        0  project_rccar.o(.text.main)
    [Anonymous Symbol]                       0x08002d78   Section        0  project_rccar.o(.text.setup)
    CL$$btod_d2e                             0x08002e26   Section       62  btod.o(CL$$btod_d2e)
    CL$$btod_d2e_denorm_low                  0x08002e64   Section       70  btod.o(CL$$btod_d2e_denorm_low)
    CL$$btod_d2e_norm_op1                    0x08002eaa   Section       96  btod.o(CL$$btod_d2e_norm_op1)
    CL$$btod_div_common                      0x08002f0c   Section      824  btod.o(CL$$btod_div_common)
    CL$$btod_e2e                             0x08003244   Section      220  btod.o(CL$$btod_e2e)
    CL$$btod_ediv                            0x08003320   Section       42  btod.o(CL$$btod_ediv)
    CL$$btod_emul                            0x0800334a   Section       42  btod.o(CL$$btod_emul)
    CL$$btod_mult_common                     0x08003374   Section      580  btod.o(CL$$btod_mult_common)
    i.__ARM_fpclassify                       0x080035b8   Section        0  fpclassify.o(i.__ARM_fpclassify)
    i.__hardfp_round                         0x080035e8   Section        0  round.o(i.__hardfp_round)
    i._is_digit                              0x080036c8   Section        0  __printf_wp.o(i._is_digit)
    locale$$code                             0x080036d8   Section       44  lc_numeric_c.o(locale$$code)
    locale$$code                             0x08003704   Section       44  lc_ctype_c.o(locale$$code)
    $v0                                      0x08003730   Number         0  d2f.o(x$fpl$d2f)
    x$fpl$d2f                                0x08003730   Section       98  d2f.o(x$fpl$d2f)
    $v0                                      0x08003794   Number         0  daddsub_clz.o(x$fpl$dadd)
    x$fpl$dadd                               0x08003794   Section      336  daddsub_clz.o(x$fpl$dadd)
    _dadd1                                   0x080037a5   Thumb Code     0  daddsub_clz.o(x$fpl$dadd)
    $v0                                      0x080038e4   Number         0  dcmpi.o(x$fpl$dcmpinf)
    x$fpl$dcmpinf                            0x080038e4   Section       24  dcmpi.o(x$fpl$dcmpinf)
    $v0                                      0x080038fc   Number         0  ddiv.o(x$fpl$ddiv)
    x$fpl$ddiv                               0x080038fc   Section      696  ddiv.o(x$fpl$ddiv)
    ddiv_entry                               0x08003903   Thumb Code     0  ddiv.o(x$fpl$ddiv)
    $v0                                      0x08003bb4   Number         0  dfixu.o(x$fpl$dfixu)
    x$fpl$dfixu                              0x08003bb4   Section       90  dfixu.o(x$fpl$dfixu)
    $v0                                      0x08003c0e   Number         0  dflt_clz.o(x$fpl$dfltu)
    x$fpl$dfltu                              0x08003c0e   Section       38  dflt_clz.o(x$fpl$dfltu)
    $v0                                      0x08003c34   Number         0  dleqf.o(x$fpl$dleqf)
    x$fpl$dleqf                              0x08003c34   Section      120  dleqf.o(x$fpl$dleqf)
    $v0                                      0x08003cac   Number         0  dmul.o(x$fpl$dmul)
    x$fpl$dmul                               0x08003cac   Section      340  dmul.o(x$fpl$dmul)
    $v0                                      0x08003e00   Number         0  dnaninf.o(x$fpl$dnaninf)
    x$fpl$dnaninf                            0x08003e00   Section      156  dnaninf.o(x$fpl$dnaninf)
    $v0                                      0x08003e9c   Number         0  dretinf.o(x$fpl$dretinf)
    x$fpl$dretinf                            0x08003e9c   Section       12  dretinf.o(x$fpl$dretinf)
    $v0                                      0x08003ea8   Number         0  drleqf.o(x$fpl$drleqf)
    x$fpl$drleqf                             0x08003ea8   Section      108  drleqf.o(x$fpl$drleqf)
    $v0                                      0x08003f14   Number         0  drnd.o(x$fpl$drnd)
    x$fpl$drnd                               0x08003f14   Section      180  drnd.o(x$fpl$drnd)
    $v0                                      0x08003fc8   Number         0  daddsub_clz.o(x$fpl$dsub)
    x$fpl$dsub                               0x08003fc8   Section      476  daddsub_clz.o(x$fpl$dsub)
    _dsub1                                   0x08003fd9   Thumb Code     0  daddsub_clz.o(x$fpl$dsub)
    $v0                                      0x080041a4   Number         0  f2d.o(x$fpl$f2d)
    x$fpl$f2d                                0x080041a4   Section       86  f2d.o(x$fpl$f2d)
    $v0                                      0x080041fa   Number         0  fnaninf.o(x$fpl$fnaninf)
    x$fpl$fnaninf                            0x080041fa   Section      140  fnaninf.o(x$fpl$fnaninf)
    $v0                                      0x08004286   Number         0  fpinit.o(x$fpl$fpinit)
    x$fpl$fpinit                             0x08004286   Section       26  fpinit.o(x$fpl$fpinit)
    $v0                                      0x080042a0   Number         0  fretinf.o(x$fpl$fretinf)
    x$fpl$fretinf                            0x080042a0   Section       10  fretinf.o(x$fpl$fretinf)
    $v0                                      0x080042aa   Number         0  printf1.o(x$fpl$printf1)
    x$fpl$printf1                            0x080042aa   Section        4  printf1.o(x$fpl$printf1)
    $v0                                      0x080042ae   Number         0  printf2.o(x$fpl$printf2)
    x$fpl$printf2                            0x080042ae   Section        4  printf2.o(x$fpl$printf2)
    x$fpl$usenofp                            0x080042b2   Section        0  usenofp.o(x$fpl$usenofp)
    initial_mbstate                          0x080042b4   Data           8  _printf_wctomb.o(.constdata)
    .constdata                               0x080042b4   Section        8  _printf_wctomb.o(.constdata)
    uc_hextab                                0x080042bc   Data          20  _printf_hex_int_ll_ptr.o(.constdata)
    .constdata                               0x080042bc   Section       40  _printf_hex_int_ll_ptr.o(.constdata)
    lc_hextab                                0x080042d0   Data          20  _printf_hex_int_ll_ptr.o(.constdata)
    maptable                                 0x080042e4   Data          17  __printf_flags_ss_wp.o(.constdata)
    .constdata                               0x080042e4   Section       17  __printf_flags_ss_wp.o(.constdata)
    lc_hextab                                0x080042f5   Data          19  _printf_fp_hex.o(.constdata)
    .constdata                               0x080042f5   Section       38  _printf_fp_hex.o(.constdata)
    uc_hextab                                0x08004308   Data          19  _printf_fp_hex.o(.constdata)
    tenpwrs_x                                0x0800431c   Data          60  bigflt0.o(.constdata)
    .constdata                               0x0800431c   Section      148  bigflt0.o(.constdata)
    tenpwrs_i                                0x08004358   Data          64  bigflt0.o(.constdata)
    .L.str.13                                0x080043b0   Data          11  project_rccar.o(.rodata.str1.1)
    [Anonymous Symbol]                       0x080043b0   Section        0  project_rccar.o(.rodata.str1.1)
    .L.str.14                                0x080043bb   Data          10  project_rccar.o(.rodata.str1.1)
    .L.str.12                                0x080043c5   Data           8  project_rccar.o(.rodata.str1.1)
    .L.str.9                                 0x080043cd   Data          13  project_rccar.o(.rodata.str1.1)
    .L.str.10                                0x080043da   Data          14  project_rccar.o(.rodata.str1.1)
    .L.str.11                                0x080043e8   Data          15  project_rccar.o(.rodata.str1.1)
    .L.str.8                                 0x080043f7   Data          28  project_rccar.o(.rodata.str1.1)
    .L.str.15                                0x08004413   Data           4  project_rccar.o(.rodata.str1.1)
    .L.str.16                                0x08004417   Data           4  project_rccar.o(.rodata.str1.1)
    .L.str.18                                0x0800441b   Data           4  project_rccar.o(.rodata.str1.1)
    .L.str.17                                0x0800441f   Data           4  project_rccar.o(.rodata.str1.1)
    .L.str.19                                0x08004423   Data          15  project_rccar.o(.rodata.str1.1)
    .L.str.1                                 0x08004432   Data          18  project_rccar.o(.rodata.str1.1)
    .L.str                                   0x08004444   Data          15  project_rccar.o(.rodata.str1.1)
    .L.str.3                                 0x08004453   Data          11  project_rccar.o(.rodata.str1.1)
    .L.str.2                                 0x0800445e   Data           9  project_rccar.o(.rodata.str1.1)
    .L.str.5                                 0x08004467   Data          11  project_rccar.o(.rodata.str1.1)
    .L.str.4                                 0x08004472   Data          12  project_rccar.o(.rodata.str1.1)
    .L.str.7                                 0x0800447b   Data           3  project_rccar.o(.rodata.str1.1)
    .L.str.6                                 0x0800447e   Data          11  project_rccar.o(.rodata.str1.1)
    locale$$data                             0x080044ac   Section       28  lc_numeric_c.o(locale$$data)
    __lcnum_c_name                           0x080044b0   Data           2  lc_numeric_c.o(locale$$data)
    __lcnum_c_start                          0x080044b8   Data           0  lc_numeric_c.o(locale$$data)
    __lcnum_c_point                          0x080044c4   Data           0  lc_numeric_c.o(locale$$data)
    __lcnum_c_thousands                      0x080044c6   Data           0  lc_numeric_c.o(locale$$data)
    __lcnum_c_grouping                       0x080044c7   Data           0  lc_numeric_c.o(locale$$data)
    __lcnum_c_end                            0x080044c8   Data           0  lc_numeric_c.o(locale$$data)
    locale$$data                             0x080044c8   Section      272  lc_ctype_c.o(locale$$data)
    __lcctype_c_name                         0x080044cc   Data           2  lc_ctype_c.o(locale$$data)
    __lcctype_c_start                        0x080044d4   Data           0  lc_ctype_c.o(locale$$data)
    __lcctype_c_end                          0x080045d8   Data           0  lc_ctype_c.o(locale$$data)
    .bss                                     0x20000018   Section       96  libspace.o(.bss)
    Heap_Mem                                 0x20000098   Data         512  startup_stm32f411xe.o(HEAP)
    HEAP                                     0x20000098   Section      512  startup_stm32f411xe.o(HEAP)
    Stack_Mem                                0x20000298   Data        1024  startup_stm32f411xe.o(STACK)
    STACK                                    0x20000298   Section     1024  startup_stm32f411xe.o(STACK)
    __initial_sp                             0x20000698   Data           0  startup_stm32f411xe.o(STACK)

    Global Symbols

    Symbol Name                              Value     Ov Type        Size  Object(Section)

    BuildAttributes$$THM_ISAv4$E$P$D$K$B$S$7EM$VFPi3$EXTD16$VFPS$VFMA$PE$A:L22UL41UL21$X:L11$S22US41US21$IEEE1$IW$~IW$USESV6$~STKCKD$USESV7$~SHL$OTIME$ROPI$IEEEJ$EBA8$UX$STANDARDLIB$REQ8$PRES8$EABIv2 0x00000000   Number         0  anon$$obj.o ABSOLUTE
    _printf_flags                            0x00000000   Number         0  printf_stubs.o ABSOLUTE
    _printf_return_value                     0x00000000   Number         0  printf_stubs.o ABSOLUTE
    _printf_sizespec                         0x00000000   Number         0  printf_stubs.o ABSOLUTE
    _printf_widthprec                        0x00000000   Number         0  printf_stubs.o ABSOLUTE
    __ARM_exceptions_init                     - Undefined Weak Reference
    __alloca_initialize                       - Undefined Weak Reference
    __arm_preinit_                            - Undefined Weak Reference
    __arm_relocate_pie_                       - Undefined Weak Reference
    __cpp_initialize__aeabi_                  - Undefined Weak Reference
    __cxa_finalize                            - Undefined Weak Reference
    __sigvec_lookup                           - Undefined Weak Reference
    _atexit_init                              - Undefined Weak Reference
    _call_atexit_fns                          - Undefined Weak Reference
    _clock_init                               - Undefined Weak Reference
    _fp_trap_init                             - Undefined Weak Reference
    _fp_trap_shutdown                         - Undefined Weak Reference
    _get_lc_collate                           - Undefined Weak Reference
    _get_lc_monetary                          - Undefined Weak Reference
    _get_lc_time                              - Undefined Weak Reference
    _getenv_init                              - Undefined Weak Reference
    _handle_redirection                       - Undefined Weak Reference
    _init_alloc                               - Undefined Weak Reference
    _init_user_alloc                          - Undefined Weak Reference
    _initio                                   - Undefined Weak Reference
    _mutex_acquire                            - Undefined Weak Reference
    _mutex_release                            - Undefined Weak Reference
    _printf_mbtowc                            - Undefined Weak Reference
    _printf_wc                                - Undefined Weak Reference
    _rand_init                                - Undefined Weak Reference
    _signal_finish                            - Undefined Weak Reference
    _signal_init                              - Undefined Weak Reference
    _terminate_alloc                          - Undefined Weak Reference
    _terminate_user_alloc                     - Undefined Weak Reference
    _terminateio                              - Undefined Weak Reference
    __Vectors_Size                           0x00000198   Number         0  startup_stm32f411xe.o ABSOLUTE
    __Vectors                                0x08000000   Data           4  startup_stm32f411xe.o(RESET)
    __Vectors_End                            0x08000198   Data           0  startup_stm32f411xe.o(RESET)
    __main                                   0x08000199   Thumb Code     8  __main.o(!!!main)
    __scatterload                            0x080001a1   Thumb Code     0  __scatter.o(!!!scatter)
    __scatterload_rt2                        0x080001a1   Thumb Code    84  __scatter.o(!!!scatter)
    __scatterload_rt2_thumb_only             0x080001a1   Thumb Code     0  __scatter.o(!!!scatter)
    __scatterload_loop                       0x080001ab   Thumb Code     0  __scatter.o(!!!scatter)
    __scatterload_copy                       0x080001fd   Thumb Code    26  __scatter_copy.o(!!handler_copy)
    __scatterload_null                       0x08000219   Thumb Code     2  __scatter.o(!!handler_null)
    __scatterload_zeroinit                   0x0800021d   Thumb Code    28  __scatter_zi.o(!!handler_zi)
    _printf_n                                0x08000239   Thumb Code     0  _printf_n.o(.ARM.Collect$$_printf_percent$$00000001)
    _printf_percent                          0x08000239   Thumb Code     0  _printf_percent.o(.ARM.Collect$$_printf_percent$$00000000)
    _printf_p                                0x0800023f   Thumb Code     0  _printf_p.o(.ARM.Collect$$_printf_percent$$00000002)
    _printf_f                                0x08000245   Thumb Code     0  _printf_f.o(.ARM.Collect$$_printf_percent$$00000003)
    _printf_e                                0x0800024b   Thumb Code     0  _printf_e.o(.ARM.Collect$$_printf_percent$$00000004)
    _printf_g                                0x08000251   Thumb Code     0  _printf_g.o(.ARM.Collect$$_printf_percent$$00000005)
    _printf_a                                0x08000257   Thumb Code     0  _printf_a.o(.ARM.Collect$$_printf_percent$$00000006)
    _printf_ll                               0x0800025d   Thumb Code     0  _printf_ll.o(.ARM.Collect$$_printf_percent$$00000007)
    _printf_i                                0x08000267   Thumb Code     0  _printf_i.o(.ARM.Collect$$_printf_percent$$00000008)
    _printf_d                                0x0800026d   Thumb Code     0  _printf_d.o(.ARM.Collect$$_printf_percent$$00000009)
    _printf_u                                0x08000273   Thumb Code     0  _printf_u.o(.ARM.Collect$$_printf_percent$$0000000A)
    _printf_o                                0x08000279   Thumb Code     0  _printf_o.o(.ARM.Collect$$_printf_percent$$0000000B)
    _printf_x                                0x0800027f   Thumb Code     0  _printf_x.o(.ARM.Collect$$_printf_percent$$0000000C)
    _printf_lli                              0x08000285   Thumb Code     0  _printf_lli.o(.ARM.Collect$$_printf_percent$$0000000D)
    _printf_lld                              0x0800028b   Thumb Code     0  _printf_lld.o(.ARM.Collect$$_printf_percent$$0000000E)
    _printf_llu                              0x08000291   Thumb Code     0  _printf_llu.o(.ARM.Collect$$_printf_percent$$0000000F)
    _printf_llo                              0x08000297   Thumb Code     0  _printf_llo.o(.ARM.Collect$$_printf_percent$$00000010)
    _printf_llx                              0x0800029d   Thumb Code     0  _printf_llx.o(.ARM.Collect$$_printf_percent$$00000011)
    _printf_l                                0x080002a3   Thumb Code     0  _printf_l.o(.ARM.Collect$$_printf_percent$$00000012)
    _printf_c                                0x080002ad   Thumb Code     0  _printf_c.o(.ARM.Collect$$_printf_percent$$00000013)
    _printf_s                                0x080002b3   Thumb Code     0  _printf_s.o(.ARM.Collect$$_printf_percent$$00000014)
    _printf_lc                               0x080002b9   Thumb Code     0  _printf_lc.o(.ARM.Collect$$_printf_percent$$00000015)
    _printf_ls                               0x080002bf   Thumb Code     0  _printf_ls.o(.ARM.Collect$$_printf_percent$$00000016)
    _printf_percent_end                      0x080002c5   Thumb Code     0  _printf_percent_end.o(.ARM.Collect$$_printf_percent$$00000017)
    __rt_lib_init                            0x080002c9   Thumb Code     0  libinit.o(.ARM.Collect$$libinit$$00000000)
    __rt_lib_init_fp_1                       0x080002cb   Thumb Code     0  libinit2.o(.ARM.Collect$$libinit$$00000001)
    __rt_lib_init_heap_1                     0x080002cf   Thumb Code     0  libinit2.o(.ARM.Collect$$libinit$$0000000C)
    __rt_lib_init_lc_common                  0x080002cf   Thumb Code     0  libinit2.o(.ARM.Collect$$libinit$$00000011)
    __rt_lib_init_preinit_1                  0x080002cf   Thumb Code     0  libinit2.o(.ARM.Collect$$libinit$$00000006)
    __rt_lib_init_rand_1                     0x080002cf   Thumb Code     0  libinit2.o(.ARM.Collect$$libinit$$00000010)
    __rt_lib_init_relocate_pie_1             0x080002cf   Thumb Code     0  libinit2.o(.ARM.Collect$$libinit$$00000004)
    __rt_lib_init_user_alloc_1               0x080002cf   Thumb Code     0  libinit2.o(.ARM.Collect$$libinit$$0000000E)
    __rt_lib_init_lc_collate_1               0x080002d5   Thumb Code     0  libinit2.o(.ARM.Collect$$libinit$$00000013)
    __rt_lib_init_lc_ctype_2                 0x080002d5   Thumb Code     0  libinit2.o(.ARM.Collect$$libinit$$00000014)
    __rt_lib_init_lc_ctype_1                 0x080002e1   Thumb Code     0  libinit2.o(.ARM.Collect$$libinit$$00000015)
    __rt_lib_init_lc_monetary_1              0x080002e1   Thumb Code     0  libinit2.o(.ARM.Collect$$libinit$$00000017)
    __rt_lib_init_lc_numeric_2               0x080002e1   Thumb Code     0  libinit2.o(.ARM.Collect$$libinit$$00000018)
    __rt_lib_init_alloca_1                   0x080002eb   Thumb Code     0  libinit2.o(.ARM.Collect$$libinit$$00000030)
    __rt_lib_init_argv_1                     0x080002eb   Thumb Code     0  libinit2.o(.ARM.Collect$$libinit$$0000002E)
    __rt_lib_init_atexit_1                   0x080002eb   Thumb Code     0  libinit2.o(.ARM.Collect$$libinit$$0000001D)
    __rt_lib_init_clock_1                    0x080002eb   Thumb Code     0  libinit2.o(.ARM.Collect$$libinit$$00000023)
    __rt_lib_init_cpp_1                      0x080002eb   Thumb Code     0  libinit2.o(.ARM.Collect$$libinit$$00000034)
    __rt_lib_init_exceptions_1               0x080002eb   Thumb Code     0  libinit2.o(.ARM.Collect$$libinit$$00000032)
    __rt_lib_init_fp_trap_1                  0x080002eb   Thumb Code     0  libinit2.o(.ARM.Collect$$libinit$$00000021)
    __rt_lib_init_getenv_1                   0x080002eb   Thumb Code     0  libinit2.o(.ARM.Collect$$libinit$$00000025)
    __rt_lib_init_lc_numeric_1               0x080002eb   Thumb Code     0  libinit2.o(.ARM.Collect$$libinit$$00000019)
    __rt_lib_init_lc_time_1                  0x080002eb   Thumb Code     0  libinit2.o(.ARM.Collect$$libinit$$0000001B)
    __rt_lib_init_return                     0x080002eb   Thumb Code     0  libinit2.o(.ARM.Collect$$libinit$$00000035)
    __rt_lib_init_signal_1                   0x080002eb   Thumb Code     0  libinit2.o(.ARM.Collect$$libinit$$0000001F)
    __rt_lib_init_stdio_1                    0x080002eb   Thumb Code     0  libinit2.o(.ARM.Collect$$libinit$$00000027)
    __rt_lib_shutdown                        0x080002ed   Thumb Code     0  libshutdown.o(.ARM.Collect$$libshutdown$$00000000)
    __rt_lib_shutdown_cpp_1                  0x080002ef   Thumb Code     0  libshutdown2.o(.ARM.Collect$$libshutdown$$00000002)
    __rt_lib_shutdown_fp_trap_1              0x080002ef   Thumb Code     0  libshutdown2.o(.ARM.Collect$$libshutdown$$00000007)
    __rt_lib_shutdown_heap_1                 0x080002ef   Thumb Code     0  libshutdown2.o(.ARM.Collect$$libshutdown$$0000000F)
    __rt_lib_shutdown_return                 0x080002ef   Thumb Code     0  libshutdown2.o(.ARM.Collect$$libshutdown$$00000010)
    __rt_lib_shutdown_signal_1               0x080002ef   Thumb Code     0  libshutdown2.o(.ARM.Collect$$libshutdown$$0000000A)
    __rt_lib_shutdown_stdio_1                0x080002ef   Thumb Code     0  libshutdown2.o(.ARM.Collect$$libshutdown$$00000004)
    __rt_lib_shutdown_user_alloc_1           0x080002ef   Thumb Code     0  libshutdown2.o(.ARM.Collect$$libshutdown$$0000000C)
    __rt_entry                               0x080002f1   Thumb Code     0  __rtentry.o(.ARM.Collect$$rtentry$$00000000)
    __rt_entry_presh_1                       0x080002f1   Thumb Code     0  __rtentry2.o(.ARM.Collect$$rtentry$$00000002)
    __rt_entry_sh                            0x080002f1   Thumb Code     0  __rtentry4.o(.ARM.Collect$$rtentry$$00000004)
    __rt_entry_li                            0x080002f7   Thumb Code     0  __rtentry2.o(.ARM.Collect$$rtentry$$0000000A)
    __rt_entry_postsh_1                      0x080002f7   Thumb Code     0  __rtentry2.o(.ARM.Collect$$rtentry$$00000009)
    __rt_entry_main                          0x080002fb   Thumb Code     0  __rtentry2.o(.ARM.Collect$$rtentry$$0000000D)
    __rt_entry_postli_1                      0x080002fb   Thumb Code     0  __rtentry2.o(.ARM.Collect$$rtentry$$0000000C)
    __rt_exit                                0x08000303   Thumb Code     0  rtexit.o(.ARM.Collect$$rtexit$$00000000)
    __rt_exit_ls                             0x08000305   Thumb Code     0  rtexit2.o(.ARM.Collect$$rtexit$$00000003)
    __rt_exit_prels_1                        0x08000305   Thumb Code     0  rtexit2.o(.ARM.Collect$$rtexit$$00000002)
    __rt_exit_exit                           0x08000309   Thumb Code     0  rtexit2.o(.ARM.Collect$$rtexit$$00000004)
    Reset_Handler                            0x08000311   Thumb Code     8  startup_stm32f411xe.o(.text)
    NMI_Handler                              0x08000319   Thumb Code     2  startup_stm32f411xe.o(.text)
    HardFault_Handler                        0x0800031b   Thumb Code     2  startup_stm32f411xe.o(.text)
    MemManage_Handler                        0x0800031d   Thumb Code     2  startup_stm32f411xe.o(.text)
    BusFault_Handler                         0x0800031f   Thumb Code     2  startup_stm32f411xe.o(.text)
    UsageFault_Handler                       0x08000321   Thumb Code     2  startup_stm32f411xe.o(.text)
    SVC_Handler                              0x08000323   Thumb Code     2  startup_stm32f411xe.o(.text)
    DebugMon_Handler                         0x08000325   Thumb Code     2  startup_stm32f411xe.o(.text)
    PendSV_Handler                           0x08000327   Thumb Code     2  startup_stm32f411xe.o(.text)
    ADC_IRQHandler                           0x0800032b   Thumb Code     0  startup_stm32f411xe.o(.text)
    DMA1_Stream0_IRQHandler                  0x0800032b   Thumb Code     0  startup_stm32f411xe.o(.text)
    DMA1_Stream1_IRQHandler                  0x0800032b   Thumb Code     0  startup_stm32f411xe.o(.text)
    DMA1_Stream2_IRQHandler                  0x0800032b   Thumb Code     0  startup_stm32f411xe.o(.text)
    DMA1_Stream3_IRQHandler                  0x0800032b   Thumb Code     0  startup_stm32f411xe.o(.text)
    DMA1_Stream4_IRQHandler                  0x0800032b   Thumb Code     0  startup_stm32f411xe.o(.text)
    DMA1_Stream5_IRQHandler                  0x0800032b   Thumb Code     0  startup_stm32f411xe.o(.text)
    DMA1_Stream6_IRQHandler                  0x0800032b   Thumb Code     0  startup_stm32f411xe.o(.text)
    DMA1_Stream7_IRQHandler                  0x0800032b   Thumb Code     0  startup_stm32f411xe.o(.text)
    DMA2_Stream0_IRQHandler                  0x0800032b   Thumb Code     0  startup_stm32f411xe.o(.text)
    DMA2_Stream1_IRQHandler                  0x0800032b   Thumb Code     0  startup_stm32f411xe.o(.text)
    DMA2_Stream2_IRQHandler                  0x0800032b   Thumb Code     0  startup_stm32f411xe.o(.text)
    DMA2_Stream3_IRQHandler                  0x0800032b   Thumb Code     0  startup_stm32f411xe.o(.text)
    DMA2_Stream4_IRQHandler                  0x0800032b   Thumb Code     0  startup_stm32f411xe.o(.text)
    DMA2_Stream5_IRQHandler                  0x0800032b   Thumb Code     0  startup_stm32f411xe.o(.text)
    DMA2_Stream6_IRQHandler                  0x0800032b   Thumb Code     0  startup_stm32f411xe.o(.text)
    DMA2_Stream7_IRQHandler                  0x0800032b   Thumb Code     0  startup_stm32f411xe.o(.text)
    EXTI0_IRQHandler                         0x0800032b   Thumb Code     0  startup_stm32f411xe.o(.text)
    EXTI15_10_IRQHandler                     0x0800032b   Thumb Code     0  startup_stm32f411xe.o(.text)
    EXTI1_IRQHandler                         0x0800032b   Thumb Code     0  startup_stm32f411xe.o(.text)
    EXTI2_IRQHandler                         0x0800032b   Thumb Code     0  startup_stm32f411xe.o(.text)
    EXTI3_IRQHandler                         0x0800032b   Thumb Code     0  startup_stm32f411xe.o(.text)
    EXTI4_IRQHandler                         0x0800032b   Thumb Code     0  startup_stm32f411xe.o(.text)
    EXTI9_5_IRQHandler                       0x0800032b   Thumb Code     0  startup_stm32f411xe.o(.text)
    FLASH_IRQHandler                         0x0800032b   Thumb Code     0  startup_stm32f411xe.o(.text)
    FPU_IRQHandler                           0x0800032b   Thumb Code     0  startup_stm32f411xe.o(.text)
    I2C1_ER_IRQHandler                       0x0800032b   Thumb Code     0  startup_stm32f411xe.o(.text)
    I2C1_EV_IRQHandler                       0x0800032b   Thumb Code     0  startup_stm32f411xe.o(.text)
    I2C2_ER_IRQHandler                       0x0800032b   Thumb Code     0  startup_stm32f411xe.o(.text)
    I2C2_EV_IRQHandler                       0x0800032b   Thumb Code     0  startup_stm32f411xe.o(.text)
    I2C3_ER_IRQHandler                       0x0800032b   Thumb Code     0  startup_stm32f411xe.o(.text)
    I2C3_EV_IRQHandler                       0x0800032b   Thumb Code     0  startup_stm32f411xe.o(.text)
    OTG_FS_IRQHandler                        0x0800032b   Thumb Code     0  startup_stm32f411xe.o(.text)
    OTG_FS_WKUP_IRQHandler                   0x0800032b   Thumb Code     0  startup_stm32f411xe.o(.text)
    PVD_IRQHandler                           0x0800032b   Thumb Code     0  startup_stm32f411xe.o(.text)
    RCC_IRQHandler                           0x0800032b   Thumb Code     0  startup_stm32f411xe.o(.text)
    RTC_Alarm_IRQHandler                     0x0800032b   Thumb Code     0  startup_stm32f411xe.o(.text)
    RTC_WKUP_IRQHandler                      0x0800032b   Thumb Code     0  startup_stm32f411xe.o(.text)
    SDIO_IRQHandler                          0x0800032b   Thumb Code     0  startup_stm32f411xe.o(.text)
    SPI1_IRQHandler                          0x0800032b   Thumb Code     0  startup_stm32f411xe.o(.text)
    SPI2_IRQHandler                          0x0800032b   Thumb Code     0  startup_stm32f411xe.o(.text)
    SPI3_IRQHandler                          0x0800032b   Thumb Code     0  startup_stm32f411xe.o(.text)
    SPI4_IRQHandler                          0x0800032b   Thumb Code     0  startup_stm32f411xe.o(.text)
    SPI5_IRQHandler                          0x0800032b   Thumb Code     0  startup_stm32f411xe.o(.text)
    TAMP_STAMP_IRQHandler                    0x0800032b   Thumb Code     0  startup_stm32f411xe.o(.text)
    TIM1_BRK_TIM9_IRQHandler                 0x0800032b   Thumb Code     0  startup_stm32f411xe.o(.text)
    TIM1_CC_IRQHandler                       0x0800032b   Thumb Code     0  startup_stm32f411xe.o(.text)
    TIM1_TRG_COM_TIM11_IRQHandler            0x0800032b   Thumb Code     0  startup_stm32f411xe.o(.text)
    TIM1_UP_TIM10_IRQHandler                 0x0800032b   Thumb Code     0  startup_stm32f411xe.o(.text)
    TIM3_IRQHandler                          0x0800032b   Thumb Code     0  startup_stm32f411xe.o(.text)
    TIM4_IRQHandler                          0x0800032b   Thumb Code     0  startup_stm32f411xe.o(.text)
    TIM5_IRQHandler                          0x0800032b   Thumb Code     0  startup_stm32f411xe.o(.text)
    USART6_IRQHandler                        0x0800032b   Thumb Code     0  startup_stm32f411xe.o(.text)
    WWDG_IRQHandler                          0x0800032b   Thumb Code     0  startup_stm32f411xe.o(.text)
    __user_initial_stackheap                 0x0800032d   Thumb Code     0  startup_stm32f411xe.o(.text)
    printf                                   0x08000351   Thumb Code    20  printf.o(.text)
    __use_two_region_memory                  0x08000369   Thumb Code     2  heapauxi.o(.text)
    __rt_heap_escrow$2region                 0x0800036b   Thumb Code     2  heapauxi.o(.text)
    __rt_heap_expand$2region                 0x0800036d   Thumb Code     2  heapauxi.o(.text)
    _printf_pre_padding                      0x0800036f   Thumb Code    44  _printf_pad.o(.text)
    _printf_post_padding                     0x0800039b   Thumb Code    34  _printf_pad.o(.text)
    _printf_truncate_signed                  0x080003bd   Thumb Code    18  _printf_truncate.o(.text)
    _printf_truncate_unsigned                0x080003cf   Thumb Code    18  _printf_truncate.o(.text)
    _printf_str                              0x080003e1   Thumb Code    82  _printf_str.o(.text)
    _printf_int_dec                          0x08000435   Thumb Code   104  _printf_dec.o(.text)
    _printf_charcount                        0x080004ad   Thumb Code    40  _printf_charcount.o(.text)
    _printf_char_file                        0x080004d5   Thumb Code    32  _printf_char_file.o(.text)
    _printf_wctomb                           0x080004f9   Thumb Code   182  _printf_wctomb.o(.text)
    _printf_longlong_dec                     0x080005b5   Thumb Code   108  _printf_longlong_dec.o(.text)
    _printf_longlong_oct                     0x08000631   Thumb Code    68  _printf_oct_int_ll.o(.text)
    _printf_int_oct                          0x08000675   Thumb Code    24  _printf_oct_int_ll.o(.text)
    _printf_ll_oct                           0x0800068d   Thumb Code    12  _printf_oct_int_ll.o(.text)
    _printf_longlong_hex                     0x080006a1   Thumb Code    86  _printf_hex_int_ll_ptr.o(.text)
    _printf_int_hex                          0x080006f7   Thumb Code    28  _printf_hex_int_ll_ptr.o(.text)
    _printf_ll_hex                           0x08000713   Thumb Code    12  _printf_hex_int_ll_ptr.o(.text)
    _printf_hex_ptr                          0x0800071f   Thumb Code    18  _printf_hex_int_ll_ptr.o(.text)
    __printf                                 0x08000735   Thumb Code   388  __printf_flags_ss_wp.o(.text)
    _ll_udiv10                               0x080008bd   Thumb Code   138  lludiv10.o(.text)
    _printf_int_common                       0x08000947   Thumb Code   178  _printf_intcommon.o(.text)
    _printf_fp_dec_real                      0x08000ba9   Thumb Code   620  _printf_fp_dec.o(.text)
    _printf_fp_hex_real                      0x08000e15   Thumb Code   756  _printf_fp_hex.o(.text)
    _printf_char_common                      0x0800111b   Thumb Code    32  _printf_char_common.o(.text)
    _printf_cs_common                        0x08001141   Thumb Code    20  _printf_char.o(.text)
    _printf_char                             0x08001155   Thumb Code    16  _printf_char.o(.text)
    _printf_string                           0x08001165   Thumb Code     8  _printf_char.o(.text)
    _printf_lcs_common                       0x0800116d   Thumb Code    20  _printf_wchar.o(.text)
    _printf_wchar                            0x08001181   Thumb Code    16  _printf_wchar.o(.text)
    _printf_wstring                          0x08001191   Thumb Code     8  _printf_wchar.o(.text)
    ferror                                   0x08001199   Thumb Code     8  ferror.o(.text)
    _c16rtomb                                0x080011a1   Thumb Code    72  _c16rtomb.o(.text)
    _wcrtomb                                 0x080011a1   Thumb Code     0  _c16rtomb.o(.text)
    __user_setup_stackheap                   0x080011e9   Thumb Code    74  sys_stackheap_outer.o(.text)
    __rt_ctype_table                         0x08001235   Thumb Code    16  rt_ctype_table.o(.text)
    __rt_locale                              0x08001245   Thumb Code     8  rt_locale_intlibspace.o(.text)
    _printf_fp_infnan                        0x0800124d   Thumb Code   112  _printf_fp_infnan.o(.text)
    _btod_etento                             0x080012cd   Thumb Code   224  bigflt0.o(.text)
    exit                                     0x080013b1   Thumb Code    18  exit.o(.text)
    __user_libspace                          0x080013c5   Thumb Code     8  libspace.o(.text)
    __user_perproc_libspace                  0x080013c5   Thumb Code     0  libspace.o(.text)
    __user_perthread_libspace                0x080013c5   Thumb Code     0  libspace.o(.text)
    strcmp                                   0x080013d1   Thumb Code   124  strcmpv7em.o(.text)
    _sys_exit                                0x0800144d   Thumb Code     8  sys_exit.o(.text)
    __I$use$semihosting                      0x08001459   Thumb Code     0  use_no_semi.o(.text)
    __use_no_semihosting_swi                 0x08001459   Thumb Code     2  use_no_semi.o(.text)
    __semihosting_library_function           0x0800145b   Thumb Code     0  indicate_semi.o(.text)
    GPIO_init                                0x0800145d   Thumb Code    44  ecgpio2.o(.text.GPIO_init)
    GPIO_mode                                0x08001489   Thumb Code    62  ecgpio2.o(.text.GPIO_mode)
    GPIO_ospeed                              0x080014c9   Thumb Code    62  ecgpio2.o(.text.GPIO_ospeed)
    GPIO_otype                               0x08001509   Thumb Code    58  ecgpio2.o(.text.GPIO_otype)
    GPIO_pupd                                0x08001545   Thumb Code    62  ecgpio2.o(.text.GPIO_pupd)
    GPIO_read                                0x08001585   Thumb Code    40  ecgpio2.o(.text.GPIO_read)
    GPIO_write                               0x080015ad   Thumb Code    70  ecgpio2.o(.text.GPIO_write)
    PWM_duty                                 0x080015f5   Thumb Code   198  ecpwm2.o(.text.PWM_duty)
    PWM_init                                 0x080016c1   Thumb Code   824  ecpwm2.o(.text.PWM_init)
    PWM_period_us                            0x08001a01   Thumb Code    46  ecpwm2.o(.text.PWM_period_us)
    PWM_pinmap                               0x08001a31   Thumb Code   538  ecpwm2.o(.text.PWM_pinmap)
    RCC_GPIOA_enable                         0x08001c4d   Thumb Code    18  ecrcc2.o(.text.RCC_GPIOA_enable)
    RCC_GPIOB_enable                         0x08001c61   Thumb Code    18  ecrcc2.o(.text.RCC_GPIOB_enable)
    RCC_GPIOC_enable                         0x08001c75   Thumb Code    18  ecrcc2.o(.text.RCC_GPIOC_enable)
    RCC_GPIOD_enable                         0x08001c89   Thumb Code    18  ecrcc2.o(.text.RCC_GPIOD_enable)
    RCC_GPIOE_enable                         0x08001c9d   Thumb Code    18  ecrcc2.o(.text.RCC_GPIOE_enable)
    RCC_GPIOH_enable                         0x08001cb1   Thumb Code    18  ecrcc2.o(.text.RCC_GPIOH_enable)
    RCC_GPIO_enable                          0x08001cc5   Thumb Code   154  ecgpio2.o(.text.RCC_GPIO_enable)
    RCC_PLL_init                             0x08001d61   Thumb Code   276  ecrcc2.o(.text.RCC_PLL_init)
    SysTick_Handler                          0x08001e75   Thumb Code     8  ecsystick2.o(.text.SysTick_Handler)
    SysTick_counter                          0x08001e7d   Thumb Code    16  ecsystick2.o(.text.SysTick_counter)
    SystemInit                               0x08001e8d   Thumb Code    18  system_stm32f4xx.o(.text.SystemInit)
    TIM2_IRQHandler                          0x08001ea1   Thumb Code   224  project_rccar.o(.text.TIM2_IRQHandler)
    TIM_UI_enable                            0x08001f89   Thumb Code    18  ectim2.o(.text.TIM_UI_enable)
    TIM_init                                 0x08001f9d   Thumb Code   320  ectim2.o(.text.TIM_init)
    TIM_period                               0x080020dd   Thumb Code    20  ectim2.o(.text.TIM_period)
    TIM_period_ms                            0x080020f1   Thumb Code   244  ectim2.o(.text.TIM_period_ms)
    TIM_period_us                            0x080021e5   Thumb Code   224  ectim2.o(.text.TIM_period_us)
    UART1_baud                               0x080022c5   Thumb Code    24  ecuart2.o(.text.UART1_baud)
    UART1_init                               0x080022dd   Thumb Code    24  ecuart2.o(.text.UART1_init)
    UART2_baud                               0x080022f5   Thumb Code    24  ecuart2.o(.text.UART2_baud)
    UART2_init                               0x0800230d   Thumb Code    24  ecuart2.o(.text.UART2_init)
    UART_baud                                0x08002329   Thumb Code   240  ecuart2.o(.text.UART_baud)
    USART1_IRQHandler                        0x08002421   Thumb Code   814  project_rccar.o(.text.USART1_IRQHandler)
    USART2_IRQHandler                        0x08002751   Thumb Code   254  project_rccar.o(.text.USART2_IRQHandler)
    USART_delay                              0x08002851   Thumb Code    50  ecuart2.o(.text.USART_delay)
    USART_read                               0x08002885   Thumb Code    32  ecuart2.o(.text.USART_read)
    USART_setting                            0x080028a5   Thumb Code   640  ecuart2.o(.text.USART_setting)
    USART_write                              0x08002b25   Thumb Code   100  ecuart2.o(.text.USART_write)
    clear_UIF                                0x08002c2d   Thumb Code    18  ectim2.o(.text.clear_UIF)
    ecPinmap                                 0x08002c41   Thumb Code   188  ecpinnames.o(.text.ecPinmap)
    fputc                                    0x08002cfd   Thumb Code    38  ecuart2.o(.text.fputc)
    is_UIF                                   0x08002d25   Thumb Code    16  ectim2.o(.text.is_UIF)
    is_USART_RXNE                            0x08002d35   Thumb Code    16  ecuart2.o(.text.is_USART_RXNE)
    main                                     0x08002d45   Thumb Code    50  project_rccar.o(.text.main)
    setup                                    0x08002d79   Thumb Code   174  project_rccar.o(.text.setup)
    _btod_d2e                                0x08002e27   Thumb Code    62  btod.o(CL$$btod_d2e)
    _d2e_denorm_low                          0x08002e65   Thumb Code    70  btod.o(CL$$btod_d2e_denorm_low)
    _d2e_norm_op1                            0x08002eab   Thumb Code    96  btod.o(CL$$btod_d2e_norm_op1)
    __btod_div_common                        0x08002f0d   Thumb Code   696  btod.o(CL$$btod_div_common)
    _e2e                                     0x08003245   Thumb Code   220  btod.o(CL$$btod_e2e)
    _btod_ediv                               0x08003321   Thumb Code    42  btod.o(CL$$btod_ediv)
    _btod_emul                               0x0800334b   Thumb Code    42  btod.o(CL$$btod_emul)
    __btod_mult_common                       0x08003375   Thumb Code   580  btod.o(CL$$btod_mult_common)
    __ARM_fpclassify                         0x080035b9   Thumb Code    48  fpclassify.o(i.__ARM_fpclassify)
    __hardfp_round                           0x080035e9   Thumb Code   194  round.o(i.__hardfp_round)
    _is_digit                                0x080036c9   Thumb Code    14  __printf_wp.o(i._is_digit)
    _get_lc_numeric                          0x080036d9   Thumb Code    44  lc_numeric_c.o(locale$$code)
    _get_lc_ctype                            0x08003705   Thumb Code    44  lc_ctype_c.o(locale$$code)
    __aeabi_d2f                              0x08003731   Thumb Code     0  d2f.o(x$fpl$d2f)
    _d2f                                     0x08003731   Thumb Code    98  d2f.o(x$fpl$d2f)
    __aeabi_dadd                             0x08003795   Thumb Code     0  daddsub_clz.o(x$fpl$dadd)
    _dadd                                    0x08003795   Thumb Code   332  daddsub_clz.o(x$fpl$dadd)
    __fpl_dcmp_Inf                           0x080038e5   Thumb Code    24  dcmpi.o(x$fpl$dcmpinf)
    __aeabi_ddiv                             0x080038fd   Thumb Code     0  ddiv.o(x$fpl$ddiv)
    _ddiv                                    0x080038fd   Thumb Code   560  ddiv.o(x$fpl$ddiv)
    __aeabi_d2uiz                            0x08003bb5   Thumb Code     0  dfixu.o(x$fpl$dfixu)
    _dfixu                                   0x08003bb5   Thumb Code    90  dfixu.o(x$fpl$dfixu)
    __aeabi_ui2d                             0x08003c0f   Thumb Code     0  dflt_clz.o(x$fpl$dfltu)
    _dfltu                                   0x08003c0f   Thumb Code    38  dflt_clz.o(x$fpl$dfltu)
    __aeabi_cdcmple                          0x08003c35   Thumb Code     0  dleqf.o(x$fpl$dleqf)
    _dcmple                                  0x08003c35   Thumb Code   120  dleqf.o(x$fpl$dleqf)
    __fpl_dcmple_InfNaN                      0x08003c97   Thumb Code     0  dleqf.o(x$fpl$dleqf)
    __aeabi_dmul                             0x08003cad   Thumb Code     0  dmul.o(x$fpl$dmul)
    _dmul                                    0x08003cad   Thumb Code   332  dmul.o(x$fpl$dmul)
    __fpl_dnaninf                            0x08003e01   Thumb Code   156  dnaninf.o(x$fpl$dnaninf)
    __fpl_dretinf                            0x08003e9d   Thumb Code    12  dretinf.o(x$fpl$dretinf)
    __aeabi_cdrcmple                         0x08003ea9   Thumb Code     0  drleqf.o(x$fpl$drleqf)
    _drcmple                                 0x08003ea9   Thumb Code   108  drleqf.o(x$fpl$drleqf)
    _drnd                                    0x08003f15   Thumb Code   180  drnd.o(x$fpl$drnd)
    __aeabi_dsub                             0x08003fc9   Thumb Code     0  daddsub_clz.o(x$fpl$dsub)
    _dsub                                    0x08003fc9   Thumb Code   472  daddsub_clz.o(x$fpl$dsub)
    __aeabi_f2d                              0x080041a5   Thumb Code     0  f2d.o(x$fpl$f2d)
    _f2d                                     0x080041a5   Thumb Code    86  f2d.o(x$fpl$f2d)
    __fpl_fnaninf                            0x080041fb   Thumb Code   140  fnaninf.o(x$fpl$fnaninf)
    _fp_init                                 0x08004287   Thumb Code    26  fpinit.o(x$fpl$fpinit)
    __fplib_config_fpu_vfp                   0x0800429f   Thumb Code     0  fpinit.o(x$fpl$fpinit)
    __fplib_config_pureend_doubles           0x0800429f   Thumb Code     0  fpinit.o(x$fpl$fpinit)
    __fpl_fretinf                            0x080042a1   Thumb Code    10  fretinf.o(x$fpl$fretinf)
    _printf_fp_dec                           0x080042ab   Thumb Code     4  printf1.o(x$fpl$printf1)
    _printf_fp_hex                           0x080042af   Thumb Code     4  printf2.o(x$fpl$printf2)
    __I$use$fp                               0x080042b2   Number         0  usenofp.o(x$fpl$usenofp)
    Region$$Table$$Base                      0x0800448c   Number         0  anon$$obj.o(Region$$Table)
    Region$$Table$$Limit                     0x080044ac   Number         0  anon$$obj.o(Region$$Table)
    __ctype                                  0x080044d5   Data           0  lc_ctype_c.o(locale$$data)
    EC_SYSCLK                                0x20000000   Data           4  ecrcc2.o(.data.EC_SYSCLK)
    duty                                     0x20000004   Data           4  project_rccar.o(.data.duty)
    duty_2                                   0x20000008   Data           4  project_rccar.o(.data.duty_2)
    moterPWM                                 0x2000000c   Data           4  project_rccar.o(.data.moterPWM)
    moterPWM_2                               0x20000010   Data           4  project_rccar.o(.data.moterPWM_2)
    __libspace_start                         0x20000018   Data          96  libspace.o(.bss)
    __stdout                                 0x20000078   Data           8  ecuart2.o(.bss.__stdout)
    __temporary_stack_top$libspace           0x20000078   Data           0  libspace.o(.bss)
    bReceive                                 0x20000080   Data           4  project_rccar.o(.bss.bReceive)
    btData                                   0x20000084   Data           1  project_rccar.o(.bss.btData)
    moterDIR                                 0x20000088   Data           4  project_rccar.o(.bss.moterDIR)
    moterDIR_2                               0x2000008c   Data           4  project_rccar.o(.bss.moterDIR_2)
    msTicks                                  0x20000090   Data           4  ecsystick2.o(.bss.msTicks)
    pcData                                   0x20000094   Data           1  project_rccar.o(.bss.pcData)



==============================================================================

Memory Map of the image

  Image Entry point : 0x08000199

  Load Region LR_IROM1 (Base: 0x08000000, Size: 0x000045f0, Max: 0x00080000, ABSOLUTE)

    Execution Region ER_IROM1 (Exec base: 0x08000000, Load base: 0x08000000, Size: 0x000045d8, Max: 0x00080000, ABSOLUTE)

    Exec Addr    Load Addr    Size         Type   Attr      Idx    E Section Name        Object

    0x08000000   0x08000000   0x00000198   Data   RO          349    RESET               startup_stm32f411xe.o
    0x08000198   0x08000198   0x00000008   Code   RO          376  * !!!main             c_w.l(__main.o)
    0x080001a0   0x080001a0   0x0000005c   Code   RO          763    !!!scatter          c_w.l(__scatter.o)
    0x080001fc   0x080001fc   0x0000001a   Code   RO          767    !!handler_copy      c_w.l(__scatter_copy.o)
    0x08000216   0x08000216   0x00000002   PAD
    0x08000218   0x08000218   0x00000002   Code   RO          764    !!handler_null      c_w.l(__scatter.o)
    0x0800021a   0x0800021a   0x00000002   PAD
    0x0800021c   0x0800021c   0x0000001c   Code   RO          769    !!handler_zi        c_w.l(__scatter_zi.o)
    0x08000238   0x08000238   0x00000000   Code   RO          482    .ARM.Collect$$_printf_percent$$00000000  c_w.l(_printf_percent.o)
    0x08000238   0x08000238   0x00000006   Code   RO          471    .ARM.Collect$$_printf_percent$$00000001  c_w.l(_printf_n.o)
    0x0800023e   0x0800023e   0x00000006   Code   RO          473    .ARM.Collect$$_printf_percent$$00000002  c_w.l(_printf_p.o)
    0x08000244   0x08000244   0x00000006   Code   RO          478    .ARM.Collect$$_printf_percent$$00000003  c_w.l(_printf_f.o)
    0x0800024a   0x0800024a   0x00000006   Code   RO          479    .ARM.Collect$$_printf_percent$$00000004  c_w.l(_printf_e.o)
    0x08000250   0x08000250   0x00000006   Code   RO          480    .ARM.Collect$$_printf_percent$$00000005  c_w.l(_printf_g.o)
    0x08000256   0x08000256   0x00000006   Code   RO          481    .ARM.Collect$$_printf_percent$$00000006  c_w.l(_printf_a.o)
    0x0800025c   0x0800025c   0x0000000a   Code   RO          486    .ARM.Collect$$_printf_percent$$00000007  c_w.l(_printf_ll.o)
    0x08000266   0x08000266   0x00000006   Code   RO          475    .ARM.Collect$$_printf_percent$$00000008  c_w.l(_printf_i.o)
    0x0800026c   0x0800026c   0x00000006   Code   RO          476    .ARM.Collect$$_printf_percent$$00000009  c_w.l(_printf_d.o)
    0x08000272   0x08000272   0x00000006   Code   RO          477    .ARM.Collect$$_printf_percent$$0000000A  c_w.l(_printf_u.o)
    0x08000278   0x08000278   0x00000006   Code   RO          474    .ARM.Collect$$_printf_percent$$0000000B  c_w.l(_printf_o.o)
    0x0800027e   0x0800027e   0x00000006   Code   RO          472    .ARM.Collect$$_printf_percent$$0000000C  c_w.l(_printf_x.o)
    0x08000284   0x08000284   0x00000006   Code   RO          483    .ARM.Collect$$_printf_percent$$0000000D  c_w.l(_printf_lli.o)
    0x0800028a   0x0800028a   0x00000006   Code   RO          484    .ARM.Collect$$_printf_percent$$0000000E  c_w.l(_printf_lld.o)
    0x08000290   0x08000290   0x00000006   Code   RO          485    .ARM.Collect$$_printf_percent$$0000000F  c_w.l(_printf_llu.o)
    0x08000296   0x08000296   0x00000006   Code   RO          490    .ARM.Collect$$_printf_percent$$00000010  c_w.l(_printf_llo.o)
    0x0800029c   0x0800029c   0x00000006   Code   RO          491    .ARM.Collect$$_printf_percent$$00000011  c_w.l(_printf_llx.o)
    0x080002a2   0x080002a2   0x0000000a   Code   RO          487    .ARM.Collect$$_printf_percent$$00000012  c_w.l(_printf_l.o)
    0x080002ac   0x080002ac   0x00000006   Code   RO          469    .ARM.Collect$$_printf_percent$$00000013  c_w.l(_printf_c.o)
    0x080002b2   0x080002b2   0x00000006   Code   RO          470    .ARM.Collect$$_printf_percent$$00000014  c_w.l(_printf_s.o)
    0x080002b8   0x080002b8   0x00000006   Code   RO          488    .ARM.Collect$$_printf_percent$$00000015  c_w.l(_printf_lc.o)
    0x080002be   0x080002be   0x00000006   Code   RO          489    .ARM.Collect$$_printf_percent$$00000016  c_w.l(_printf_ls.o)
    0x080002c4   0x080002c4   0x00000004   Code   RO          553    .ARM.Collect$$_printf_percent$$00000017  c_w.l(_printf_percent_end.o)
    0x080002c8   0x080002c8   0x00000002   Code   RO          612    .ARM.Collect$$libinit$$00000000  c_w.l(libinit.o)
    0x080002ca   0x080002ca   0x00000004   Code   RO          629    .ARM.Collect$$libinit$$00000001  c_w.l(libinit2.o)
    0x080002ce   0x080002ce   0x00000000   Code   RO          632    .ARM.Collect$$libinit$$00000004  c_w.l(libinit2.o)
    0x080002ce   0x080002ce   0x00000000   Code   RO          634    .ARM.Collect$$libinit$$00000006  c_w.l(libinit2.o)
    0x080002ce   0x080002ce   0x00000000   Code   RO          637    .ARM.Collect$$libinit$$0000000C  c_w.l(libinit2.o)
    0x080002ce   0x080002ce   0x00000000   Code   RO          639    .ARM.Collect$$libinit$$0000000E  c_w.l(libinit2.o)
    0x080002ce   0x080002ce   0x00000000   Code   RO          641    .ARM.Collect$$libinit$$00000010  c_w.l(libinit2.o)
    0x080002ce   0x080002ce   0x00000006   Code   RO          642    .ARM.Collect$$libinit$$00000011  c_w.l(libinit2.o)
    0x080002d4   0x080002d4   0x00000000   Code   RO          644    .ARM.Collect$$libinit$$00000013  c_w.l(libinit2.o)
    0x080002d4   0x080002d4   0x0000000c   Code   RO          645    .ARM.Collect$$libinit$$00000014  c_w.l(libinit2.o)
    0x080002e0   0x080002e0   0x00000000   Code   RO          646    .ARM.Collect$$libinit$$00000015  c_w.l(libinit2.o)
    0x080002e0   0x080002e0   0x00000000   Code   RO          648    .ARM.Collect$$libinit$$00000017  c_w.l(libinit2.o)
    0x080002e0   0x080002e0   0x0000000a   Code   RO          649    .ARM.Collect$$libinit$$00000018  c_w.l(libinit2.o)
    0x080002ea   0x080002ea   0x00000000   Code   RO          650    .ARM.Collect$$libinit$$00000019  c_w.l(libinit2.o)
    0x080002ea   0x080002ea   0x00000000   Code   RO          652    .ARM.Collect$$libinit$$0000001B  c_w.l(libinit2.o)
    0x080002ea   0x080002ea   0x00000000   Code   RO          654    .ARM.Collect$$libinit$$0000001D  c_w.l(libinit2.o)
    0x080002ea   0x080002ea   0x00000000   Code   RO          656    .ARM.Collect$$libinit$$0000001F  c_w.l(libinit2.o)
    0x080002ea   0x080002ea   0x00000000   Code   RO          658    .ARM.Collect$$libinit$$00000021  c_w.l(libinit2.o)
    0x080002ea   0x080002ea   0x00000000   Code   RO          660    .ARM.Collect$$libinit$$00000023  c_w.l(libinit2.o)
    0x080002ea   0x080002ea   0x00000000   Code   RO          662    .ARM.Collect$$libinit$$00000025  c_w.l(libinit2.o)
    0x080002ea   0x080002ea   0x00000000   Code   RO          664    .ARM.Collect$$libinit$$00000027  c_w.l(libinit2.o)
    0x080002ea   0x080002ea   0x00000000   Code   RO          668    .ARM.Collect$$libinit$$0000002E  c_w.l(libinit2.o)
    0x080002ea   0x080002ea   0x00000000   Code   RO          670    .ARM.Collect$$libinit$$00000030  c_w.l(libinit2.o)
    0x080002ea   0x080002ea   0x00000000   Code   RO          672    .ARM.Collect$$libinit$$00000032  c_w.l(libinit2.o)
    0x080002ea   0x080002ea   0x00000000   Code   RO          674    .ARM.Collect$$libinit$$00000034  c_w.l(libinit2.o)
    0x080002ea   0x080002ea   0x00000002   Code   RO          675    .ARM.Collect$$libinit$$00000035  c_w.l(libinit2.o)
    0x080002ec   0x080002ec   0x00000002   Code   RO          699    .ARM.Collect$$libshutdown$$00000000  c_w.l(libshutdown.o)
    0x080002ee   0x080002ee   0x00000000   Code   RO          714    .ARM.Collect$$libshutdown$$00000002  c_w.l(libshutdown2.o)
    0x080002ee   0x080002ee   0x00000000   Code   RO          716    .ARM.Collect$$libshutdown$$00000004  c_w.l(libshutdown2.o)
    0x080002ee   0x080002ee   0x00000000   Code   RO          719    .ARM.Collect$$libshutdown$$00000007  c_w.l(libshutdown2.o)
    0x080002ee   0x080002ee   0x00000000   Code   RO          722    .ARM.Collect$$libshutdown$$0000000A  c_w.l(libshutdown2.o)
    0x080002ee   0x080002ee   0x00000000   Code   RO          724    .ARM.Collect$$libshutdown$$0000000C  c_w.l(libshutdown2.o)
    0x080002ee   0x080002ee   0x00000000   Code   RO          727    .ARM.Collect$$libshutdown$$0000000F  c_w.l(libshutdown2.o)
    0x080002ee   0x080002ee   0x00000002   Code   RO          728    .ARM.Collect$$libshutdown$$00000010  c_w.l(libshutdown2.o)
    0x080002f0   0x080002f0   0x00000000   Code   RO          402    .ARM.Collect$$rtentry$$00000000  c_w.l(__rtentry.o)
    0x080002f0   0x080002f0   0x00000000   Code   RO          522    .ARM.Collect$$rtentry$$00000002  c_w.l(__rtentry2.o)
    0x080002f0   0x080002f0   0x00000006   Code   RO          534    .ARM.Collect$$rtentry$$00000004  c_w.l(__rtentry4.o)
    0x080002f6   0x080002f6   0x00000000   Code   RO          524    .ARM.Collect$$rtentry$$00000009  c_w.l(__rtentry2.o)
    0x080002f6   0x080002f6   0x00000004   Code   RO          525    .ARM.Collect$$rtentry$$0000000A  c_w.l(__rtentry2.o)
    0x080002fa   0x080002fa   0x00000000   Code   RO          527    .ARM.Collect$$rtentry$$0000000C  c_w.l(__rtentry2.o)
    0x080002fa   0x080002fa   0x00000008   Code   RO          528    .ARM.Collect$$rtentry$$0000000D  c_w.l(__rtentry2.o)
    0x08000302   0x08000302   0x00000002   Code   RO          620    .ARM.Collect$$rtexit$$00000000  c_w.l(rtexit.o)
    0x08000304   0x08000304   0x00000000   Code   RO          677    .ARM.Collect$$rtexit$$00000002  c_w.l(rtexit2.o)
    0x08000304   0x08000304   0x00000004   Code   RO          678    .ARM.Collect$$rtexit$$00000003  c_w.l(rtexit2.o)
    0x08000308   0x08000308   0x00000006   Code   RO          679    .ARM.Collect$$rtexit$$00000004  c_w.l(rtexit2.o)
    0x0800030e   0x0800030e   0x00000002   PAD
    0x08000310   0x08000310   0x00000040   Code   RO          350    .text               startup_stm32f411xe.o
    0x08000350   0x08000350   0x00000018   Code   RO          372    .text               c_w.l(printf.o)
    0x08000368   0x08000368   0x00000006   Code   RO          374    .text               c_w.l(heapauxi.o)
    0x0800036e   0x0800036e   0x0000004e   Code   RO          405    .text               c_w.l(_printf_pad.o)
    0x080003bc   0x080003bc   0x00000024   Code   RO          407    .text               c_w.l(_printf_truncate.o)
    0x080003e0   0x080003e0   0x00000052   Code   RO          409    .text               c_w.l(_printf_str.o)
    0x08000432   0x08000432   0x00000002   PAD
    0x08000434   0x08000434   0x00000078   Code   RO          411    .text               c_w.l(_printf_dec.o)
    0x080004ac   0x080004ac   0x00000028   Code   RO          413    .text               c_w.l(_printf_charcount.o)
    0x080004d4   0x080004d4   0x00000024   Code   RO          415    .text               c_w.l(_printf_char_file.o)
    0x080004f8   0x080004f8   0x000000bc   Code   RO          417    .text               c_w.l(_printf_wctomb.o)
    0x080005b4   0x080005b4   0x0000007c   Code   RO          420    .text               c_w.l(_printf_longlong_dec.o)
    0x08000630   0x08000630   0x00000070   Code   RO          426    .text               c_w.l(_printf_oct_int_ll.o)
    0x080006a0   0x080006a0   0x00000094   Code   RO          446    .text               c_w.l(_printf_hex_int_ll_ptr.o)
    0x08000734   0x08000734   0x00000188   Code   RO          466    .text               c_w.l(__printf_flags_ss_wp.o)
    0x080008bc   0x080008bc   0x0000008a   Code   RO          536    .text               c_w.l(lludiv10.o)
    0x08000946   0x08000946   0x000000b2   Code   RO          538    .text               c_w.l(_printf_intcommon.o)
    0x080009f8   0x080009f8   0x0000041c   Code   RO          540    .text               c_w.l(_printf_fp_dec.o)
    0x08000e14   0x08000e14   0x000002fc   Code   RO          544    .text               c_w.l(_printf_fp_hex.o)
    0x08001110   0x08001110   0x00000030   Code   RO          547    .text               c_w.l(_printf_char_common.o)
    0x08001140   0x08001140   0x0000002c   Code   RO          549    .text               c_w.l(_printf_char.o)
    0x0800116c   0x0800116c   0x0000002c   Code   RO          551    .text               c_w.l(_printf_wchar.o)
    0x08001198   0x08001198   0x00000008   Code   RO          554    .text               c_w.l(ferror.o)
    0x080011a0   0x080011a0   0x00000048   Code   RO          558    .text               c_w.l(_c16rtomb.o)
    0x080011e8   0x080011e8   0x0000004a   Code   RO          562    .text               c_w.l(sys_stackheap_outer.o)
    0x08001232   0x08001232   0x00000002   PAD
    0x08001234   0x08001234   0x00000010   Code   RO          564    .text               c_w.l(rt_ctype_table.o)
    0x08001244   0x08001244   0x00000008   Code   RO          569    .text               c_w.l(rt_locale_intlibspace.o)
    0x0800124c   0x0800124c   0x00000080   Code   RO          571    .text               c_w.l(_printf_fp_infnan.o)
    0x080012cc   0x080012cc   0x000000e4   Code   RO          575    .text               c_w.l(bigflt0.o)
    0x080013b0   0x080013b0   0x00000012   Code   RO          605    .text               c_w.l(exit.o)
    0x080013c2   0x080013c2   0x00000002   PAD
    0x080013c4   0x080013c4   0x00000008   Code   RO          617    .text               c_w.l(libspace.o)
    0x080013cc   0x080013cc   0x00000004   PAD
    0x080013d0   0x080013d0   0x0000007c   Code   RO          627    .text               c_w.l(strcmpv7em.o)
    0x0800144c   0x0800144c   0x0000000c   Code   RO          689    .text               c_w.l(sys_exit.o)
    0x08001458   0x08001458   0x00000002   Code   RO          704    .text               c_w.l(use_no_semi.o)
    0x0800145a   0x0800145a   0x00000000   Code   RO          706    .text               c_w.l(indicate_semi.o)
    0x0800145a   0x0800145a   0x00000002   PAD
    0x0800145c   0x0800145c   0x0000002c   Code   RO          105    .text.GPIO_init     ecgpio2.o
    0x08001488   0x08001488   0x0000003e   Code   RO          107    .text.GPIO_mode     ecgpio2.o
    0x080014c6   0x080014c6   0x00000002   PAD
    0x080014c8   0x080014c8   0x0000003e   Code   RO          109    .text.GPIO_ospeed   ecgpio2.o
    0x08001506   0x08001506   0x00000002   PAD
    0x08001508   0x08001508   0x0000003a   Code   RO          111    .text.GPIO_otype    ecgpio2.o
    0x08001542   0x08001542   0x00000002   PAD
    0x08001544   0x08001544   0x0000003e   Code   RO          113    .text.GPIO_pupd     ecgpio2.o
    0x08001582   0x08001582   0x00000002   PAD
    0x08001584   0x08001584   0x00000028   Code   RO          115    .text.GPIO_read     ecgpio2.o
    0x080015ac   0x080015ac   0x00000046   Code   RO          117    .text.GPIO_write    ecgpio2.o
    0x080015f2   0x080015f2   0x00000002   PAD
    0x080015f4   0x080015f4   0x000000c6   Code   RO          186    .text.PWM_duty      ecpwm2.o
    0x080016ba   0x080016ba   0x00000006   PAD
    0x080016c0   0x080016c0   0x00000340   Code   RO          170    .text.PWM_init      ecpwm2.o
    0x08001a00   0x08001a00   0x0000002e   Code   RO          178    .text.PWM_period_us  ecpwm2.o
    0x08001a2e   0x08001a2e   0x00000002   PAD
    0x08001a30   0x08001a30   0x0000021a   Code   RO          172    .text.PWM_pinmap    ecpwm2.o
    0x08001c4a   0x08001c4a   0x00000002   PAD
    0x08001c4c   0x08001c4c   0x00000012   Code   RO          199    .text.RCC_GPIOA_enable  ecrcc2.o
    0x08001c5e   0x08001c5e   0x00000002   PAD
    0x08001c60   0x08001c60   0x00000012   Code   RO          201    .text.RCC_GPIOB_enable  ecrcc2.o
    0x08001c72   0x08001c72   0x00000002   PAD
    0x08001c74   0x08001c74   0x00000012   Code   RO          203    .text.RCC_GPIOC_enable  ecrcc2.o
    0x08001c86   0x08001c86   0x00000002   PAD
    0x08001c88   0x08001c88   0x00000012   Code   RO          205    .text.RCC_GPIOD_enable  ecrcc2.o
    0x08001c9a   0x08001c9a   0x00000002   PAD
    0x08001c9c   0x08001c9c   0x00000012   Code   RO          207    .text.RCC_GPIOE_enable  ecrcc2.o
    0x08001cae   0x08001cae   0x00000002   PAD
    0x08001cb0   0x08001cb0   0x00000012   Code   RO          209    .text.RCC_GPIOH_enable  ecrcc2.o
    0x08001cc2   0x08001cc2   0x00000002   PAD
    0x08001cc4   0x08001cc4   0x0000009a   Code   RO          101    .text.RCC_GPIO_enable  ecgpio2.o
    0x08001d5e   0x08001d5e   0x00000002   PAD
    0x08001d60   0x08001d60   0x00000114   Code   RO          197    .text.RCC_PLL_init  ecrcc2.o
    0x08001e74   0x08001e74   0x00000008   Code   RO          248    .text.SysTick_Handler  ecsystick2.o
    0x08001e7c   0x08001e7c   0x00000010   Code   RO          250    .text.SysTick_counter  ecsystick2.o
    0x08001e8c   0x08001e8c   0x00000012   Code   RO          357    .text.SystemInit    system_stm32f4xx.o
    0x08001e9e   0x08001e9e   0x00000002   PAD
    0x08001ea0   0x08001ea0   0x000000e8   Code   RO           10    .text.TIM2_IRQHandler  project_rccar.o
    0x08001f88   0x08001f88   0x00000012   Code   RO          280    .text.TIM_UI_enable  ectim2.o
    0x08001f9a   0x08001f9a   0x00000002   PAD
    0x08001f9c   0x08001f9c   0x00000140   Code   RO          270    .text.TIM_init      ectim2.o
    0x080020dc   0x080020dc   0x00000014   Code   RO          276    .text.TIM_period    ectim2.o
    0x080020f0   0x080020f0   0x000000f4   Code   RO          272    .text.TIM_period_ms  ectim2.o
    0x080021e4   0x080021e4   0x000000e0   Code   RO          274    .text.TIM_period_us  ectim2.o
    0x080022c4   0x080022c4   0x00000018   Code   RO          323    .text.UART1_baud    ecuart2.o
    0x080022dc   0x080022dc   0x00000018   Code   RO          319    .text.UART1_init    ecuart2.o
    0x080022f4   0x080022f4   0x00000018   Code   RO          325    .text.UART2_baud    ecuart2.o
    0x0800230c   0x0800230c   0x00000018   Code   RO          321    .text.UART2_init    ecuart2.o
    0x08002324   0x08002324   0x00000004   PAD
    0x08002328   0x08002328   0x000000f8   Code   RO          313    .text.UART_baud     ecuart2.o
    0x08002420   0x08002420   0x0000032e   Code   RO            8    .text.USART1_IRQHandler  project_rccar.o
    0x0800274e   0x0800274e   0x00000002   PAD
    0x08002750   0x08002750   0x000000fe   Code   RO           12    .text.USART2_IRQHandler  project_rccar.o
    0x0800284e   0x0800284e   0x00000002   PAD
    0x08002850   0x08002850   0x00000032   Code   RO          307    .text.USART_delay   ecuart2.o
    0x08002882   0x08002882   0x00000002   PAD
    0x08002884   0x08002884   0x00000020   Code   RO          305    .text.USART_read    ecuart2.o
    0x080028a4   0x080028a4   0x00000280   Code   RO          311    .text.USART_setting  ecuart2.o
    0x08002b24   0x08002b24   0x00000064   Code   RO          301    .text.USART_write   ecuart2.o
    0x08002b88   0x08002b88   0x00000030   Code   RO            6    .text.__NVIC_EnableIRQ  project_rccar.o
    0x08002bb8   0x08002bb8   0x00000030   Code   RO          317    .text.__NVIC_EnableIRQ  ecuart2.o
    0x08002be8   0x08002be8   0x00000042   Code   RO          315    .text.__NVIC_SetPriority  ecuart2.o
    0x08002c2a   0x08002c2a   0x00000002   PAD
    0x08002c2c   0x08002c2c   0x00000012   Code   RO          290    .text.clear_UIF     ectim2.o
    0x08002c3e   0x08002c3e   0x00000002   PAD
    0x08002c40   0x08002c40   0x000000bc   Code   RO          162    .text.ecPinmap      ecpinnames.o
    0x08002cfc   0x08002cfc   0x00000026   Code   RO          299    .text.fputc         ecuart2.o
    0x08002d22   0x08002d22   0x00000002   PAD
    0x08002d24   0x08002d24   0x00000010   Code   RO          288    .text.is_UIF        ectim2.o
    0x08002d34   0x08002d34   0x00000010   Code   RO          309    .text.is_USART_RXNE  ecuart2.o
    0x08002d44   0x08002d44   0x00000032   Code   RO            2    .text.main          project_rccar.o
    0x08002d76   0x08002d76   0x00000002   PAD
    0x08002d78   0x08002d78   0x000000ae   Code   RO            4    .text.setup         project_rccar.o
    0x08002e26   0x08002e26   0x0000003e   Code   RO          578    CL$$btod_d2e        c_w.l(btod.o)
    0x08002e64   0x08002e64   0x00000046   Code   RO          580    CL$$btod_d2e_denorm_low  c_w.l(btod.o)
    0x08002eaa   0x08002eaa   0x00000060   Code   RO          579    CL$$btod_d2e_norm_op1  c_w.l(btod.o)
    0x08002f0a   0x08002f0a   0x00000002   PAD
    0x08002f0c   0x08002f0c   0x00000338   Code   RO          588    CL$$btod_div_common  c_w.l(btod.o)
    0x08003244   0x08003244   0x000000dc   Code   RO          585    CL$$btod_e2e        c_w.l(btod.o)
    0x08003320   0x08003320   0x0000002a   Code   RO          582    CL$$btod_ediv       c_w.l(btod.o)
    0x0800334a   0x0800334a   0x0000002a   Code   RO          581    CL$$btod_emul       c_w.l(btod.o)
    0x08003374   0x08003374   0x00000244   Code   RO          587    CL$$btod_mult_common  c_w.l(btod.o)
    0x080035b8   0x080035b8   0x00000030   Code   RO          615    i.__ARM_fpclassify  m_wm.l(fpclassify.o)
    0x080035e8   0x080035e8   0x000000e0   Code   RO          398    i.__hardfp_round    m_wm.l(round.o)
    0x080036c8   0x080036c8   0x0000000e   Code   RO          459    i._is_digit         c_w.l(__printf_wp.o)
    0x080036d6   0x080036d6   0x00000002   PAD
    0x080036d8   0x080036d8   0x0000002c   Code   RO          603    locale$$code        c_w.l(lc_numeric_c.o)
    0x08003704   0x08003704   0x0000002c   Code   RO          625    locale$$code        c_w.l(lc_ctype_c.o)
    0x08003730   0x08003730   0x00000062   Code   RO          378    x$fpl$d2f           fz_wm.l(d2f.o)
    0x08003792   0x08003792   0x00000002   PAD
    0x08003794   0x08003794   0x00000150   Code   RO          492    x$fpl$dadd          fz_wm.l(daddsub_clz.o)
    0x080038e4   0x080038e4   0x00000018   Code   RO          560    x$fpl$dcmpinf       fz_wm.l(dcmpi.o)
    0x080038fc   0x080038fc   0x000002b8   Code   RO          381    x$fpl$ddiv          fz_wm.l(ddiv.o)
    0x08003bb4   0x08003bb4   0x0000005a   Code   RO          384    x$fpl$dfixu         fz_wm.l(dfixu.o)
    0x08003c0e   0x08003c0e   0x00000026   Code   RO          388    x$fpl$dfltu         fz_wm.l(dflt_clz.o)
    0x08003c34   0x08003c34   0x00000078   Code   RO          498    x$fpl$dleqf         fz_wm.l(dleqf.o)
    0x08003cac   0x08003cac   0x00000154   Code   RO          394    x$fpl$dmul          fz_wm.l(dmul.o)
    0x08003e00   0x08003e00   0x0000009c   Code   RO          500    x$fpl$dnaninf       fz_wm.l(dnaninf.o)
    0x08003e9c   0x08003e9c   0x0000000c   Code   RO          502    x$fpl$dretinf       fz_wm.l(dretinf.o)
    0x08003ea8   0x08003ea8   0x0000006c   Code   RO          504    x$fpl$drleqf        fz_wm.l(drleqf.o)
    0x08003f14   0x08003f14   0x000000b4   Code   RO          506    x$fpl$drnd          fz_wm.l(drnd.o)
    0x08003fc8   0x08003fc8   0x000001dc   Code   RO          494    x$fpl$dsub          fz_wm.l(daddsub_clz.o)
    0x080041a4   0x080041a4   0x00000056   Code   RO          396    x$fpl$f2d           fz_wm.l(f2d.o)
    0x080041fa   0x080041fa   0x0000008c   Code   RO          508    x$fpl$fnaninf       fz_wm.l(fnaninf.o)
    0x08004286   0x08004286   0x0000001a   Code   RO          687    x$fpl$fpinit        fz_wm.l(fpinit.o)
    0x080042a0   0x080042a0   0x0000000a   Code   RO          510    x$fpl$fretinf       fz_wm.l(fretinf.o)
    0x080042aa   0x080042aa   0x00000004   Code   RO          512    x$fpl$printf1       fz_wm.l(printf1.o)
    0x080042ae   0x080042ae   0x00000004   Code   RO          514    x$fpl$printf2       fz_wm.l(printf2.o)
    0x080042b2   0x080042b2   0x00000000   Code   RO          520    x$fpl$usenofp       fz_wm.l(usenofp.o)
    0x080042b2   0x080042b2   0x00000002   PAD
    0x080042b4   0x080042b4   0x00000008   Data   RO          418    .constdata          c_w.l(_printf_wctomb.o)
    0x080042bc   0x080042bc   0x00000028   Data   RO          447    .constdata          c_w.l(_printf_hex_int_ll_ptr.o)
    0x080042e4   0x080042e4   0x00000011   Data   RO          467    .constdata          c_w.l(__printf_flags_ss_wp.o)
    0x080042f5   0x080042f5   0x00000026   Data   RO          545    .constdata          c_w.l(_printf_fp_hex.o)
    0x0800431b   0x0800431b   0x00000001   PAD
    0x0800431c   0x0800431c   0x00000094   Data   RO          576    .constdata          c_w.l(bigflt0.o)
    0x080043b0   0x080043b0   0x000000d9   Data   RO           23    .rodata.str1.1      project_rccar.o
    0x08004489   0x08004489   0x00000003   PAD
    0x0800448c   0x0800448c   0x00000020   Data   RO          762    Region$$Table       anon$$obj.o
    0x080044ac   0x080044ac   0x0000001c   Data   RO          602    locale$$data        c_w.l(lc_numeric_c.o)
    0x080044c8   0x080044c8   0x00000110   Data   RO          624    locale$$data        c_w.l(lc_ctype_c.o)


    Execution Region RW_IRAM1 (Exec base: 0x20000000, Load base: 0x080045d8, Size: 0x00000698, Max: 0x00020000, ABSOLUTE)

    Exec Addr    Load Addr    Size         Type   Attr      Idx    E Section Name        Object

    0x20000000   0x080045d8   0x00000004   Data   RW          211    .data.EC_SYSCLK     ecrcc2.o
    0x20000004   0x080045dc   0x00000004   Data   RW           19    .data.duty          project_rccar.o
    0x20000008   0x080045e0   0x00000004   Data   RW           20    .data.duty_2        project_rccar.o
    0x2000000c   0x080045e4   0x00000004   Data   RW           21    .data.moterPWM      project_rccar.o
    0x20000010   0x080045e8   0x00000004   Data   RW           22    .data.moterPWM_2    project_rccar.o
    0x20000014   0x080045ec   0x00000004   PAD
    0x20000018        -       0x00000060   Zero   RW          618    .bss                c_w.l(libspace.o)
    0x20000078        -       0x00000008   Zero   RW          339    .bss.__stdout       ecuart2.o
    0x20000080        -       0x00000004   Zero   RW           17    .bss.bReceive       project_rccar.o
    0x20000084        -       0x00000001   Zero   RW           15    .bss.btData         project_rccar.o
    0x20000085   0x080045ec   0x00000003   PAD
    0x20000088        -       0x00000004   Zero   RW           24    .bss.moterDIR       project_rccar.o
    0x2000008c        -       0x00000004   Zero   RW           25    .bss.moterDIR_2     project_rccar.o
    0x20000090        -       0x00000004   Zero   RW          262    .bss.msTicks        ecsystick2.o
    0x20000094        -       0x00000001   Zero   RW           14    .bss.pcData         project_rccar.o
    0x20000095   0x080045ec   0x00000003   PAD
    0x20000098        -       0x00000200   Zero   RW          348    HEAP                startup_stm32f411xe.o
    0x20000298        -       0x00000400   Zero   RW          347    STACK               startup_stm32f411xe.o


==============================================================================

Image component sizes


      Code (inc. data)   RO Data    RW Data    ZI Data      Debug   Object Name

       552          0          0          0          0       5446   ecgpio2.o
       188          0          0          0          0       2643   ecpinnames.o
      1614         64          0          0          0       7163   ecpwm2.o
       384          0          0          4          0       2457   ecrcc2.o
        24          0          0          0          4       4522   ecsystick2.o
       860          0          0          0          0       6664   ectim2.o
      1334          8          0          0          8       9175   ecuart2.o
      1572         16        217         16         14       6665   project_rccar.o
        64         26        408          0       1536        884   startup_stm32f411xe.o
        18          0          0          0          0       2811   system_stm32f4xx.o

    ----------------------------------------------------------------------
      6666        114        660         20       1572      48430   Object Totals
         0          0         32          0          0          0   (incl. Generated)
        56          0          3          0         10          0   (incl. Padding)

    ----------------------------------------------------------------------

      Code (inc. data)   RO Data    RW Data    ZI Data      Debug   Library Member Name

         8          0          0          0          0         68   __main.o
       392          4         17          0          0         92   __printf_flags_ss_wp.o
        14          0          0          0          0         68   __printf_wp.o
         0          0          0          0          0          0   __rtentry.o
        12          0          0          0          0          0   __rtentry2.o
         6          0          0          0          0          0   __rtentry4.o
        94          8          0          0          0          0   __scatter.o
        26          0          0          0          0          0   __scatter_copy.o
        28          0          0          0          0          0   __scatter_zi.o
        72          0          0          0          0         96   _c16rtomb.o
         6          0          0          0          0          0   _printf_a.o
         6          0          0          0          0          0   _printf_c.o
        44          0          0          0          0        108   _printf_char.o
        48          6          0          0          0         96   _printf_char_common.o
        36          4          0          0          0         80   _printf_char_file.o
        40          0          0          0          0         68   _printf_charcount.o
         6          0          0          0          0          0   _printf_d.o
       120         16          0          0          0         92   _printf_dec.o
         6          0          0          0          0          0   _printf_e.o
         6          0          0          0          0          0   _printf_f.o
      1052          0          0          0          0        148   _printf_fp_dec.o
       764          8         38          0          0        100   _printf_fp_hex.o
       128         16          0          0          0         84   _printf_fp_infnan.o
         6          0          0          0          0          0   _printf_g.o
       148          4         40          0          0        160   _printf_hex_int_ll_ptr.o
         6          0          0          0          0          0   _printf_i.o
       178          0          0          0          0         88   _printf_intcommon.o
        10          0          0          0          0          0   _printf_l.o
         6          0          0          0          0          0   _printf_lc.o
        10          0          0          0          0          0   _printf_ll.o
         6          0          0          0          0          0   _printf_lld.o
         6          0          0          0          0          0   _printf_lli.o
         6          0          0          0          0          0   _printf_llo.o
         6          0          0          0          0          0   _printf_llu.o
         6          0          0          0          0          0   _printf_llx.o
       124         16          0          0          0         92   _printf_longlong_dec.o
         6          0          0          0          0          0   _printf_ls.o
         6          0          0          0          0          0   _printf_n.o
         6          0          0          0          0          0   _printf_o.o
       112          8          0          0          0        124   _printf_oct_int_ll.o
         6          0          0          0          0          0   _printf_p.o
        78          0          0          0          0        108   _printf_pad.o
         0          0          0          0          0          0   _printf_percent.o
         4          0          0          0          0          0   _printf_percent_end.o
         6          0          0          0          0          0   _printf_s.o
        82          0          0          0          0         80   _printf_str.o
        36          0          0          0          0         84   _printf_truncate.o
         6          0          0          0          0          0   _printf_u.o
        44          0          0          0          0        108   _printf_wchar.o
       188          6          8          0          0         92   _printf_wctomb.o
         6          0          0          0          0          0   _printf_x.o
       228          4        148          0          0         96   bigflt0.o
      1936        128          0          0          0        668   btod.o
        18          0          0          0          0         80   exit.o
         8          0          0          0          0         68   ferror.o
         6          0          0          0          0        152   heapauxi.o
         0          0          0          0          0          0   indicate_semi.o
        44         10        272          0          0         76   lc_ctype_c.o
        44         10         28          0          0         76   lc_numeric_c.o
         2          0          0          0          0          0   libinit.o
        34          0          0          0          0          0   libinit2.o
         2          0          0          0          0          0   libshutdown.o
         2          0          0          0          0          0   libshutdown2.o
         8          4          0          0         96         68   libspace.o
       138          0          0          0          0         80   lludiv10.o
        24          4          0          0          0         84   printf.o
        16          4          0          0          0         76   rt_ctype_table.o
         8          4          0          0          0         68   rt_locale_intlibspace.o
         2          0          0          0          0          0   rtexit.o
        10          0          0          0          0          0   rtexit2.o
       124          0          0          0          0         88   strcmpv7em.o
        12          4          0          0          0         68   sys_exit.o
        74          0          0          0          0         80   sys_stackheap_outer.o
         2          0          0          0          0         68   use_no_semi.o
        98          4          0          0          0        140   d2f.o
       812         16          0          0          0        392   daddsub_clz.o
        24          0          0          0          0        116   dcmpi.o
       696        140          0          0          0        264   ddiv.o
        90          4          0          0          0        140   dfixu.o
        38          0          0          0          0        116   dflt_clz.o
       120          4          0          0          0        140   dleqf.o
       340         12          0          0          0        152   dmul.o
       156          4          0          0          0        140   dnaninf.o
        12          0          0          0          0        116   dretinf.o
       108          0          0          0          0        128   drleqf.o
       180          4          0          0          0        128   drnd.o
        86          4          0          0          0        132   f2d.o
       140          4          0          0          0        132   fnaninf.o
        26          0          0          0          0        116   fpinit.o
        10          0          0          0          0        116   fretinf.o
         4          0          0          0          0        116   printf1.o
         4          0          0          0          0        116   printf2.o
         0          0          0          0          0          0   usenofp.o
        48          0          0          0          0        124   fpclassify.o
       224         30          0          0          0        172   round.o

    ----------------------------------------------------------------------
     10002        498        552          0         96       6928   Library Totals
        26          4          1          0          0          0   (incl. Padding)

    ----------------------------------------------------------------------

      Code (inc. data)   RO Data    RW Data    ZI Data      Debug   Library Name

      6760        268        551          0         96       3932   c_w.l
      2944        196          0          0          0       2700   fz_wm.l
       272         30          0          0          0        296   m_wm.l

    ----------------------------------------------------------------------
     10002        498        552          0         96       6928   Library Totals

    ----------------------------------------------------------------------

==============================================================================


      Code (inc. data)   RO Data    RW Data    ZI Data      Debug   

     16668        612       1212         20       1668      51286   Grand Totals
     16668        612       1212         20       1668      51286   ELF Image Totals
     16668        612       1212         20          0          0   ROM Totals

==============================================================================

    Total RO  Size (Code + RO Data)                17880 (  17.46kB)
    Total RW  Size (RW Data + ZI Data)              1688 (   1.65kB)
    Total ROM Size (Code + RO Data + RW Data)      17900 (  17.48kB)

==============================================================================

