Component: Arm Compiler for Embedded 6.22 Tool: armlink [5ee90200]

==============================================================================

Section Cross References

    lab_pwm_rcmotor.o(.text.main) refers to lab_pwm_rcmotor.o(.text.setup) for setup
    lab_pwm_rcmotor.o(.ARM.exidx.text.main) refers to lab_pwm_rcmotor.o(.text.main) for [Anonymous Symbol]
    lab_pwm_rcmotor.o(.text.setup) refers to ecrcc2.o(.text.RCC_PLL_init) for RCC_PLL_init
    lab_pwm_rcmotor.o(.text.setup) refers to ecgpio2.o(.text.GPIO_init) for GPIO_init
    lab_pwm_rcmotor.o(.text.setup) refers to ecgpio2.o(.text.GPIO_pupd) for GPIO_pupd
    lab_pwm_rcmotor.o(.text.setup) refers to ecexti2.o(.text.EXTI_init) for EXTI_init
    lab_pwm_rcmotor.o(.text.setup) refers to ecpwm2.o(.text.PWM_init) for PWM_init
    lab_pwm_rcmotor.o(.text.setup) refers to ecgpio2.o(.text.GPIO_ospeed) for GPIO_ospeed
    lab_pwm_rcmotor.o(.text.setup) refers to ecpwm2.o(.text.PWM_period) for PWM_period
    lab_pwm_rcmotor.o(.text.setup) refers to lab_pwm_rcmotor.o(.data.pulse_width) for pulse_width
    lab_pwm_rcmotor.o(.text.setup) refers to ecpwm2.o(.text.PWM_pulsewidth) for PWM_pulsewidth
    lab_pwm_rcmotor.o(.text.setup) refers to ectim2.o(.text.TIM_UI_init) for TIM_UI_init
    lab_pwm_rcmotor.o(.text.setup) refers to ectim2.o(.text.TIM_UI_enable) for TIM_UI_enable
    lab_pwm_rcmotor.o(.ARM.exidx.text.setup) refers to lab_pwm_rcmotor.o(.text.setup) for [Anonymous Symbol]
    lab_pwm_rcmotor.o(.text.TIM3_IRQHandler) refers to ectim2.o(.text.is_UIF) for is_UIF
    lab_pwm_rcmotor.o(.text.TIM3_IRQHandler) refers to lab_pwm_rcmotor.o(.bss.state) for state
    lab_pwm_rcmotor.o(.text.TIM3_IRQHandler) refers to lab_pwm_rcmotor.o(.bss.degree) for degree
    lab_pwm_rcmotor.o(.text.TIM3_IRQHandler) refers to dflt_clz.o(x$fpl$dfltu) for __aeabi_ui2d
    lab_pwm_rcmotor.o(.text.TIM3_IRQHandler) refers to ddiv.o(x$fpl$ddiv) for __aeabi_ddiv
    lab_pwm_rcmotor.o(.text.TIM3_IRQHandler) refers to daddsub_clz.o(x$fpl$dadd) for __aeabi_dadd
    lab_pwm_rcmotor.o(.text.TIM3_IRQHandler) refers to d2f.o(x$fpl$d2f) for __aeabi_d2f
    lab_pwm_rcmotor.o(.text.TIM3_IRQHandler) refers to lab_pwm_rcmotor.o(.data.pulse_width) for pulse_width
    lab_pwm_rcmotor.o(.text.TIM3_IRQHandler) refers to ecpwm2.o(.text.PWM_pulsewidth) for PWM_pulsewidth
    lab_pwm_rcmotor.o(.text.TIM3_IRQHandler) refers to ectim2.o(.text.clear_UIF) for clear_UIF
    lab_pwm_rcmotor.o(.ARM.exidx.text.TIM3_IRQHandler) refers to lab_pwm_rcmotor.o(.text.TIM3_IRQHandler) for [Anonymous Symbol]
    lab_pwm_rcmotor.o(.text.EXTI15_10_IRQHandler) refers to ecexti2.o(.text.is_pending_EXTI) for is_pending_EXTI
    lab_pwm_rcmotor.o(.text.EXTI15_10_IRQHandler) refers to lab_pwm_rcmotor.o(.data.pulse_width) for pulse_width
    lab_pwm_rcmotor.o(.text.EXTI15_10_IRQHandler) refers to lab_pwm_rcmotor.o(.bss.state) for state
    lab_pwm_rcmotor.o(.text.EXTI15_10_IRQHandler) refers to lab_pwm_rcmotor.o(.bss.degree) for degree
    lab_pwm_rcmotor.o(.text.EXTI15_10_IRQHandler) refers to ecpwm2.o(.text.PWM_pulsewidth) for PWM_pulsewidth
    lab_pwm_rcmotor.o(.text.EXTI15_10_IRQHandler) refers to ecexti2.o(.text.clear_pending_EXTI) for clear_pending_EXTI
    lab_pwm_rcmotor.o(.ARM.exidx.text.EXTI15_10_IRQHandler) refers to lab_pwm_rcmotor.o(.text.EXTI15_10_IRQHandler) for [Anonymous Symbol]
    ecexti2.o(.text.EXTI_init) refers to ecpinnames.o(.text.ecPinmap) for ecPinmap
    ecexti2.o(.text.EXTI_init) refers to ecexti2.o(.text.__NVIC_SetPriority) for __NVIC_SetPriority
    ecexti2.o(.text.EXTI_init) refers to ecexti2.o(.text.__NVIC_EnableIRQ) for __NVIC_EnableIRQ
    ecexti2.o(.ARM.exidx.text.EXTI_init) refers to ecexti2.o(.text.EXTI_init) for [Anonymous Symbol]
    ecexti2.o(.ARM.exidx.text.__NVIC_SetPriority) refers to ecexti2.o(.text.__NVIC_SetPriority) for [Anonymous Symbol]
    ecexti2.o(.ARM.exidx.text.__NVIC_EnableIRQ) refers to ecexti2.o(.text.__NVIC_EnableIRQ) for [Anonymous Symbol]
    ecexti2.o(.text.EXTI_enable) refers to ecpinnames.o(.text.ecPinmap) for ecPinmap
    ecexti2.o(.ARM.exidx.text.EXTI_enable) refers to ecexti2.o(.text.EXTI_enable) for [Anonymous Symbol]
    ecexti2.o(.text.EXTI_disable) refers to ecpinnames.o(.text.ecPinmap) for ecPinmap
    ecexti2.o(.ARM.exidx.text.EXTI_disable) refers to ecexti2.o(.text.EXTI_disable) for [Anonymous Symbol]
    ecexti2.o(.text.is_pending_EXTI) refers to ecpinnames.o(.text.ecPinmap) for ecPinmap
    ecexti2.o(.ARM.exidx.text.is_pending_EXTI) refers to ecexti2.o(.text.is_pending_EXTI) for [Anonymous Symbol]
    ecexti2.o(.text.clear_pending_EXTI) refers to ecpinnames.o(.text.ecPinmap) for ecPinmap
    ecexti2.o(.ARM.exidx.text.clear_pending_EXTI) refers to ecexti2.o(.text.clear_pending_EXTI) for [Anonymous Symbol]
    ecgpio2.o(.text.RCC_GPIO_enable) refers to ecpinnames.o(.text.ecPinmap) for ecPinmap
    ecgpio2.o(.text.RCC_GPIO_enable) refers to ecrcc2.o(.text.RCC_GPIOA_enable) for RCC_GPIOA_enable
[...]
    ecrcc2.o(.text.RCC_HSI_init) refers to ecrcc2.o(.data.EC_SYSCLK) for EC_SYSCLK
    ecrcc2.o(.ARM.exidx.text.RCC_HSI_init) refers to ecrcc2.o(.text.RCC_HSI_init) for [Anonymous Symbol]
    ecrcc2.o(.text.RCC_PLL_init) refers to ecrcc2.o(.data.EC_SYSCLK) for EC_SYSCLK
    ecrcc2.o(.ARM.exidx.text.RCC_PLL_init) refers to ecrcc2.o(.text.RCC_PLL_init) for [Anonymous Symbol]
    ecrcc2.o(.ARM.exidx.text.RCC_GPIOA_enable) refers to ecrcc2.o(.text.RCC_GPIOA_enable) for [Anonymous Symbol]
    ecrcc2.o(.ARM.exidx.text.RCC_GPIOB_enable) refers to ecrcc2.o(.text.RCC_GPIOB_enable) for [Anonymous Symbol]
    ecrcc2.o(.ARM.exidx.text.RCC_GPIOC_enable) refers to ecrcc2.o(.text.RCC_GPIOC_enable) for [Anonymous Symbol]
    ecrcc2.o(.ARM.exidx.text.RCC_GPIOD_enable) refers to ecrcc2.o(.text.RCC_GPIOD_enable) for [Anonymous Symbol]
    ecrcc2.o(.ARM.exidx.text.RCC_GPIOE_enable) refers to ecrcc2.o(.text.RCC_GPIOE_enable) for [Anonymous Symbol]
    ecrcc2.o(.ARM.exidx.text.RCC_GPIOH_enable) refers to ecrcc2.o(.text.RCC_GPIOH_enable) for [Anonymous Symbol]
    ecsystick2.o(.text.SysTick_init) refers to ecsystick2.o(.text.__NVIC_SetPriority) for __NVIC_SetPriority
    ecsystick2.o(.text.SysTick_init) refers to ecsystick2.o(.text.__NVIC_EnableIRQ) for __NVIC_EnableIRQ
    ecsystick2.o(.ARM.exidx.text.SysTick_init) refers to ecsystick2.o(.text.SysTick_init) for [Anonymous Symbol]
    ecsystick2.o(.ARM.exidx.text.__NVIC_SetPriority) refers to ecsystick2.o(.text.__NVIC_SetPriority) for [Anonymous Symbol]
    ecsystick2.o(.ARM.exidx.text.__NVIC_EnableIRQ) refers to ecsystick2.o(.text.__NVIC_EnableIRQ) for [Anonymous Symbol]
    ecsystick2.o(.text.SysTick_Handler) refers to ecsystick2.o(.text.SysTick_counter) for SysTick_counter
    ecsystick2.o(.ARM.exidx.text.SysTick_Handler) refers to ecsystick2.o(.text.SysTick_Handler) for [Anonymous Symbol]
    ecsystick2.o(.text.SysTick_counter) refers to ecsystick2.o(.bss.msTicks) for msTicks
    ecsystick2.o(.ARM.exidx.text.SysTick_counter) refers to ecsystick2.o(.text.SysTick_counter) for [Anonymous Symbol]
    ecsystick2.o(.text.delay_ms) refers to ecsystick2.o(.bss.msTicks) for msTicks
    ecsystick2.o(.ARM.exidx.text.delay_ms) refers to ecsystick2.o(.text.delay_ms) for [Anonymous Symbol]
    ecsystick2.o(.ARM.exidx.text.SysTick_enable) refers to ecsystick2.o(.text.SysTick_enable) for [Anonymous Symbol]
    ecsystick2.o(.ARM.exidx.text.SysTick_disable) refers to ecsystick2.o(.text.SysTick_disable) for [Anonymous Symbol]
    ecsystick2.o(.ARM.exidx.text.SysTick_reset) refers to ecsystick2.o(.text.SysTick_reset) for [Anonymous Symbol]
    ecsystick2.o(.ARM.exidx.text.SysTick_val) refers to ecsystick2.o(.text.SysTick_val) for [Anonymous Symbol]
    ectim2.o(.text.TIM_init) refers to ectim2.o(.text.TIM_period_ms) for TIM_period_ms
    ectim2.o(.ARM.exidx.text.TIM_init) refers to ectim2.o(.text.TIM_init) for [Anonymous Symbol]
    ectim2.o(.ARM.exidx.text.TIM_period_ms) refers to ectim2.o(.text.TIM_period_ms) for [Anonymous Symbol]
    ectim2.o(.ARM.exidx.text.TIM_period_us) refers to ectim2.o(.text.TIM_period_us) for [Anonymous Symbol]
    ectim2.o(.text.TIM_period) refers to ectim2.o(.text.TIM_period_ms) for TIM_period_ms
    ectim2.o(.ARM.exidx.text.TIM_period) refers to ectim2.o(.text.TIM_period) for [Anonymous Symbol]
    ectim2.o(.text.TIM_UI_init) refers to ectim2.o(.text.TIM_init) for TIM_init
    ectim2.o(.text.TIM_UI_init) refers to ectim2.o(.text.TIM_period) for TIM_period
    ectim2.o(.text.TIM_UI_init) refers to ectim2.o(.text.TIM_UI_enable) for TIM_UI_enable
    ectim2.o(.text.TIM_UI_init) refers to ectim2.o(.text.__NVIC_EnableIRQ) for __NVIC_EnableIRQ
    ectim2.o(.text.TIM_UI_init) refers to ectim2.o(.text.__NVIC_SetPriority) for __NVIC_SetPriority
    ectim2.o(.ARM.exidx.text.TIM_UI_init) refers to ectim2.o(.text.TIM_UI_init) for [Anonymous Symbol]
    ectim2.o(.ARM.exidx.text.TIM_UI_enable) refers to ectim2.o(.text.TIM_UI_enable) for [Anonymous Symbol]
    ectim2.o(.ARM.exidx.text.__NVIC_EnableIRQ) refers to ectim2.o(.text.__NVIC_EnableIRQ) for [Anonymous Symbol]
    ectim2.o(.ARM.exidx.text.__NVIC_SetPriority) refers to ectim2.o(.text.__NVIC_SetPriority) for [Anonymous Symbol]
    ectim2.o(.ARM.exidx.text.TIM_UI_disable) refers to ectim2.o(.text.TIM_UI_disable) for [Anonymous Symbol]
    ectim2.o(.ARM.exidx.text.is_UIF) refers to ectim2.o(.text.is_UIF) for [Anonymous Symbol]
    ectim2.o(.ARM.exidx.text.clear_UIF) refers to ectim2.o(.text.clear_UIF) for [Anonymous Symbol]
    startup_stm32f411xe.o(STACK) refers (Special) to heapauxi.o(.text) for __use_two_region_memory
    startup_stm32f411xe.o(HEAP) refers (Special) to heapauxi.o(.text) for __use_two_region_memory
    startup_stm32f411xe.o(RESET) refers (Special) to heapauxi.o(.text) for __use_two_region_memory
    startup_stm32f411xe.o(RESET) refers to startup_stm32f411xe.o(STACK) for __initial_sp
    startup_stm32f411xe.o(RESET) refers to startup_stm32f411xe.o(.text) for Reset_Handler
    startup_stm32f411xe.o(RESET) refers to ecsystick2.o(.text.SysTick_Handler) for SysTick_Handler
    startup_stm32f411xe.o(RESET) refers to lab_pwm_rcmotor.o(.text.TIM3_IRQHandler) for TIM3_IRQHandler
    startup_stm32f411xe.o(RESET) refers to lab_pwm_rcmotor.o(.text.EXTI15_10_IRQHandler) for EXTI15_10_IRQHandler
    startup_stm32f411xe.o(.text) refers (Special) to heapauxi.o(.text) for __use_two_region_memory
    startup_stm32f411xe.o(.text) refers to system_stm32f4xx.o(.text.SystemInit) for SystemInit
    startup_stm32f411xe.o(.text) refers to __main.o(!!!main) for __main
    startup_stm32f411xe.o(.text) refers to startup_stm32f411xe.o(HEAP) for Heap_Mem
    startup_stm32f411xe.o(.text) refers to startup_stm32f411xe.o(STACK) for Stack_Mem
    system_stm32f4xx.o(.ARM.exidx.text.SystemInit) refers to system_stm32f4xx.o(.text.SystemInit) for [Anonymous Symbol]
    system_stm32f4xx.o(.text.SystemCoreClockUpdate) refers to system_stm32f4xx.o(.data.SystemCoreClock) for SystemCoreClock
    system_stm32f4xx.o(.text.SystemCoreClockUpdate) refers to system_stm32f4xx.o(.rodata.AHBPrescTable) for AHBPrescTable
    system_stm32f4xx.o(.ARM.exidx.text.SystemCoreClockUpdate) refers to system_stm32f4xx.o(.text.SystemCoreClockUpdate) for [Anonymous Symbol]
    __main.o(!!!main) refers to __rtentry.o(.ARM.Collect$$rtentry$$00000000) for __rt_entry
    d2f.o(x$fpl$d2f) refers (Special) to usenofp.o(x$fpl$usenofp) for __I$use$fp
    d2f.o(x$fpl$d2f) refers to fretinf.o(x$fpl$fretinf) for __fpl_fretinf
    d2f.o(x$fpl$d2f) refers to dnaninf.o(x$fpl$dnaninf) for __fpl_dnaninf
    daddsub_clz.o(x$fpl$dadd) refers (Special) to usenofp.o(x$fpl$usenofp) for __I$use$fp
    daddsub_clz.o(x$fpl$dadd) refers to daddsub_clz.o(x$fpl$dsub) for _dsub1
    daddsub_clz.o(x$fpl$dadd) refers to dretinf.o(x$fpl$dretinf) for __fpl_dretinf
    daddsub_clz.o(x$fpl$dadd) refers to dnaninf.o(x$fpl$dnaninf) for __fpl_dnaninf
    daddsub_clz.o(x$fpl$drsb) refers (Special) to usenofp.o(x$fpl$usenofp) for __I$use$fp
    daddsub_clz.o(x$fpl$drsb) refers to daddsub_clz.o(x$fpl$dadd) for _dadd1
    daddsub_clz.o(x$fpl$drsb) refers to daddsub_clz.o(x$fpl$dsub) for _dsub1
    daddsub_clz.o(x$fpl$dsub) refers (Special) to usenofp.o(x$fpl$usenofp) for __I$use$fp
    daddsub_clz.o(x$fpl$dsub) refers to daddsub_clz.o(x$fpl$dadd) for _dadd1
    daddsub_clz.o(x$fpl$dsub) refers to dnaninf.o(x$fpl$dnaninf) for __fpl_dnaninf
    ddiv.o(x$fpl$drdiv) refers (Special) to usenofp.o(x$fpl$usenofp) for __I$use$fp
    ddiv.o(x$fpl$drdiv) refers to ddiv.o(x$fpl$ddiv) for ddiv_entry
    ddiv.o(x$fpl$ddiv) refers (Special) to usenofp.o(x$fpl$usenofp) for __I$use$fp
    ddiv.o(x$fpl$ddiv) refers to dretinf.o(x$fpl$dretinf) for __fpl_dretinf
    ddiv.o(x$fpl$ddiv) refers to dnaninf.o(x$fpl$dnaninf) for __fpl_dnaninf
    dfixu.o(x$fpl$dfixu) refers (Special) to usenofp.o(x$fpl$usenofp) for __I$use$fp
    dfixu.o(x$fpl$dfixu) refers to dnaninf.o(x$fpl$dnaninf) for __fpl_dnaninf
    dfixu.o(x$fpl$dfixur) refers (Special) to usenofp.o(x$fpl$usenofp) for __I$use$fp
    dfixu.o(x$fpl$dfixur) refers to dnaninf.o(x$fpl$dnaninf) for __fpl_dnaninf
    dflt_clz.o(x$fpl$dfltu) refers (Special) to usenofp.o(x$fpl$usenofp) for __I$use$fp
    dflt_clz.o(x$fpl$dflt) refers (Special) to usenofp.o(x$fpl$usenofp) for __I$use$fp
    dflt_clz.o(x$fpl$dfltn) refers (Special) to usenofp.o(x$fpl$usenofp) for __I$use$fp
    dmul.o(x$fpl$dmul) refers (Special) to usenofp.o(x$fpl$usenofp) for __I$use$fp
    dmul.o(x$fpl$dmul) refers to dretinf.o(x$fpl$dretinf) for __fpl_dretinf
    dmul.o(x$fpl$dmul) refers to dnaninf.o(x$fpl$dnaninf) for __fpl_dnaninf
    __rtentry.o(.ARM.Collect$$rtentry$$00000000) refers (Special) to __rtentry2.o(.ARM.Collect$$rtentry$$0000000A) for __rt_entry_li
    __rtentry.o(.ARM.Collect$$rtentry$$00000000) refers (Special) to __rtentry2.o(.ARM.Collect$$rtentry$$0000000D) for __rt_entry_main
    __rtentry.o(.ARM.Collect$$rtentry$$00000000) refers (Special) to __rtentry2.o(.ARM.Collect$$rtentry$$0000000C) for __rt_entry_postli_1
    __rtentry.o(.ARM.Collect$$rtentry$$00000000) refers (Special) to __rtentry2.o(.ARM.Collect$$rtentry$$00000009) for __rt_entry_postsh_1
    __rtentry.o(.ARM.Collect$$rtentry$$00000000) refers (Special) to __rtentry2.o(.ARM.Collect$$rtentry$$00000002) for __rt_entry_presh_1
    __rtentry.o(.ARM.Collect$$rtentry$$00000000) refers (Special) to __rtentry4.o(.ARM.Collect$$rtentry$$00000004) for __rt_entry_sh
    dnaninf.o(x$fpl$dnaninf) refers (Special) to usenofp.o(x$fpl$usenofp) for __I$use$fp
    dretinf.o(x$fpl$dretinf) refers (Special) to usenofp.o(x$fpl$usenofp) for __I$use$fp
    fretinf.o(x$fpl$fretinf) refers (Special) to usenofp.o(x$fpl$usenofp) for __I$use$fp
    __rtentry2.o(.ARM.Collect$$rtentry$$00000008) refers to boardinit2.o(.text) for _platform_post_stackheap_init
    __rtentry2.o(.ARM.Collect$$rtentry$$0000000A) refers to libinit.o(.ARM.Collect$$libinit$$00000000) for __rt_lib_init
    __rtentry2.o(.ARM.Collect$$rtentry$$0000000B) refers to boardinit3.o(.text) for _platform_post_lib_init
    __rtentry2.o(.ARM.Collect$$rtentry$$0000000D) refers to lab_pwm_rcmotor.o(.text.main) for main
    __rtentry2.o(.ARM.Collect$$rtentry$$0000000D) refers to exit.o(.text) for exit
    __rtentry2.o(.ARM.exidx) refers to __rtentry2.o(.ARM.Collect$$rtentry$$00000001) for .ARM.Collect$$rtentry$$00000001
    __rtentry2.o(.ARM.exidx) refers to __rtentry2.o(.ARM.Collect$$rtentry$$00000008) for .ARM.Collect$$rtentry$$00000008
    __rtentry2.o(.ARM.exidx) refers to __rtentry2.o(.ARM.Collect$$rtentry$$0000000A) for .ARM.Collect$$rtentry$$0000000A
    __rtentry2.o(.ARM.exidx) refers to __rtentry2.o(.ARM.Collect$$rtentry$$0000000B) for .ARM.Collect$$rtentry$$0000000B
    __rtentry2.o(.ARM.exidx) refers to __rtentry2.o(.ARM.Collect$$rtentry$$0000000D) for .ARM.Collect$$rtentry$$0000000D
    __rtentry4.o(.ARM.Collect$$rtentry$$00000004) refers to sys_stackheap_outer.o(.text) for __user_setup_stackheap
    __rtentry4.o(.ARM.exidx) refers to __rtentry4.o(.ARM.Collect$$rtentry$$00000004) for .ARM.Collect$$rtentry$$00000004
    sys_stackheap_outer.o(.text) refers to libspace.o(.text) for __user_perproc_libspace
    sys_stackheap_outer.o(.text) refers to startup_stm32f411xe.o(.text) for __user_initial_stackheap
    exit.o(.text) refers to rtexit.o(.ARM.Collect$$rtexit$$00000000) for __rt_exit
    libinit.o(.ARM.Collect$$libinit$$00000000) refers (Special) to libinit2.o(.ARM.Collect$$libinit$$00000030) for __rt_lib_init_alloca_1
    libinit.o(.ARM.Collect$$libinit$$00000000) refers (Special) to libinit2.o(.ARM.Collect$$libinit$$0000002E) for __rt_lib_init_argv_1
    libinit.o(.ARM.Collect$$libinit$$00000000) refers (Special) to libinit2.o(.ARM.Collect$$libinit$$0000001D) for __rt_lib_init_atexit_1
    libinit.o(.ARM.Collect$$libinit$$00000000) refers (Special) to libinit2.o(.ARM.Collect$$libinit$$00000023) for __rt_lib_init_clock_1
    libinit.o(.ARM.Collect$$libinit$$00000000) refers (Special) to libinit2.o(.ARM.Collect$$libinit$$00000034) for __rt_lib_init_cpp_1
    libinit.o(.ARM.Collect$$libinit$$00000000) refers (Special) to libinit2.o(.ARM.Collect$$libinit$$00000032) for __rt_lib_init_exceptions_1
    libinit.o(.ARM.Collect$$libinit$$00000000) refers (Special) to libinit2.o(.ARM.Collect$$libinit$$00000001) for __rt_lib_init_fp_1
    libinit.o(.ARM.Collect$$libinit$$00000000) refers (Special) to libinit2.o(.ARM.Collect$$libinit$$00000021) for __rt_lib_init_fp_trap_1
    libinit.o(.ARM.Collect$$libinit$$00000000) refers (Special) to libinit2.o(.ARM.Collect$$libinit$$00000025) for __rt_lib_init_getenv_1
    libinit.o(.ARM.Collect$$libinit$$00000000) refers (Special) to libinit2.o(.ARM.Collect$$libinit$$0000000C) for __rt_lib_init_heap_1
    libinit.o(.ARM.Collect$$libinit$$00000000) refers (Special) to libinit2.o(.ARM.Collect$$libinit$$00000013) for __rt_lib_init_lc_collate_1
    libinit.o(.ARM.Collect$$libinit$$00000000) refers (Special) to libinit2.o(.ARM.Collect$$libinit$$00000015) for __rt_lib_init_lc_ctype_1
    libinit.o(.ARM.Collect$$libinit$$00000000) refers (Special) to libinit2.o(.ARM.Collect$$libinit$$00000017) for __rt_lib_init_lc_monetary_1
    libinit.o(.ARM.Collect$$libinit$$00000000) refers (Special) to libinit2.o(.ARM.Collect$$libinit$$00000019) for __rt_lib_init_lc_numeric_1
    libinit.o(.ARM.Collect$$libinit$$00000000) refers (Special) to libinit2.o(.ARM.Collect$$libinit$$0000001B) for __rt_lib_init_lc_time_1
    libinit.o(.ARM.Collect$$libinit$$00000000) refers (Special) to libinit2.o(.ARM.Collect$$libinit$$00000006) for __rt_lib_init_preinit_1
    libinit.o(.ARM.Collect$$libinit$$00000000) refers (Special) to libinit2.o(.ARM.Collect$$libinit$$00000010) for __rt_lib_init_rand_1
    libinit.o(.ARM.Collect$$libinit$$00000000) refers (Special) to libinit2.o(.ARM.Collect$$libinit$$00000004) for __rt_lib_init_relocate_pie_1
    libinit.o(.ARM.Collect$$libinit$$00000000) refers (Special) to libinit2.o(.ARM.Collect$$libinit$$00000035) for __rt_lib_init_return
    libinit.o(.ARM.Collect$$libinit$$00000000) refers (Special) to libinit2.o(.ARM.Collect$$libinit$$0000001F) for __rt_lib_init_signal_1
    libinit.o(.ARM.Collect$$libinit$$00000000) refers (Special) to libinit2.o(.ARM.Collect$$libinit$$00000027) for __rt_lib_init_stdio_1
    libinit.o(.ARM.Collect$$libinit$$00000000) refers (Special) to libinit2.o(.ARM.Collect$$libinit$$0000000E) for __rt_lib_init_user_alloc_1
    libspace.o(.text) refers to libspace.o(.bss) for __libspace_start
    rtexit.o(.ARM.Collect$$rtexit$$00000000) refers (Special) to rtexit2.o(.ARM.Collect$$rtexit$$00000004) for __rt_exit_exit
    rtexit.o(.ARM.Collect$$rtexit$$00000000) refers (Special) to rtexit2.o(.ARM.Collect$$rtexit$$00000003) for __rt_exit_ls
    rtexit.o(.ARM.Collect$$rtexit$$00000000) refers (Special) to rtexit2.o(.ARM.Collect$$rtexit$$00000002) for __rt_exit_prels_1
    rtexit.o(.ARM.exidx) refers (Special) to rtexit2.o(.ARM.Collect$$rtexit$$00000004) for __rt_exit_exit
    rtexit.o(.ARM.exidx) refers (Special) to rtexit2.o(.ARM.Collect$$rtexit$$00000003) for __rt_exit_ls
    rtexit.o(.ARM.exidx) refers (Special) to rtexit2.o(.ARM.Collect$$rtexit$$00000002) for __rt_exit_prels_1
    rtexit.o(.ARM.exidx) refers to rtexit.o(.ARM.Collect$$rtexit$$00000000) for .ARM.Collect$$rtexit$$00000000
    libinit2.o(.ARM.Collect$$libinit$$00000001) refers to fpinit.o(x$fpl$fpinit) for _fp_init
    libinit2.o(.ARM.Collect$$libinit$$00000012) refers to libinit2.o(.ARM.Collect$$libinit$$00000011) for .ARM.Collect$$libinit$$00000011
    libinit2.o(.ARM.Collect$$libinit$$00000014) refers to libinit2.o(.ARM.Collect$$libinit$$00000011) for .ARM.Collect$$libinit$$00000011
    libinit2.o(.ARM.Collect$$libinit$$00000016) refers to libinit2.o(.ARM.Collect$$libinit$$00000011) for .ARM.Collect$$libinit$$00000011
    libinit2.o(.ARM.Collect$$libinit$$00000018) refers to libinit2.o(.ARM.Collect$$libinit$$00000011) for .ARM.Collect$$libinit$$00000011
    libinit2.o(.ARM.Collect$$libinit$$0000001A) refers to libinit2.o(.ARM.Collect$$libinit$$00000011) for .ARM.Collect$$libinit$$00000011
    libinit2.o(.ARM.Collect$$libinit$$00000028) refers to argv_veneer.o(.emb_text) for __ARM_argv_veneer
    libinit2.o(.ARM.Collect$$libinit$$00000029) refers to argv_veneer.o(.emb_text) for __ARM_argv_veneer
    rtexit2.o(.ARM.Collect$$rtexit$$00000003) refers to libshutdown.o(.ARM.Collect$$libshutdown$$00000000) for __rt_lib_shutdown
    rtexit2.o(.ARM.Collect$$rtexit$$00000004) refers to sys_exit.o(.text) for _sys_exit
    rtexit2.o(.ARM.exidx) refers to rtexit2.o(.ARM.Collect$$rtexit$$00000001) for .ARM.Collect$$rtexit$$00000001
    rtexit2.o(.ARM.exidx) refers to rtexit2.o(.ARM.Collect$$rtexit$$00000003) for .ARM.Collect$$rtexit$$00000003
    rtexit2.o(.ARM.exidx) refers to rtexit2.o(.ARM.Collect$$rtexit$$00000004) for .ARM.Collect$$rtexit$$00000004
    argv_veneer.o(.emb_text) refers to no_argv.o(.text) for __ARM_get_argv
    sys_exit.o(.text) refers (Special) to use_no_semi.o(.text) for __I$use$semihosting
    sys_exit.o(.text) refers (Special) to indicate_semi.o(.text) for __semihosting_library_function
    sys_exit_hlt.o(.text) refers (Special) to use_no_semi.o(.text) for __I$use$semihosting
    sys_exit_hlt.o(.text) refers (Special) to indicate_semi.o(.text) for __semihosting_library_function
    _get_argv_nomalloc.o(.text) refers (Special) to hrguard.o(.text) for __heap_region$guard
    _get_argv_nomalloc.o(.text) refers to defsig_rtmem_outer.o(.text) for __rt_SIGRTMEM
    _get_argv_nomalloc.o(.text) refers to sys_command.o(.text) for _sys_command_string
    libshutdown.o(.ARM.Collect$$libshutdown$$00000000) refers (Special) to libshutdown2.o(.ARM.Collect$$libshutdown$$00000002) for __rt_lib_shutdown_cpp_1
    libshutdown.o(.ARM.Collect$$libshutdown$$00000000) refers (Special) to libshutdown2.o(.ARM.Collect$$libshutdown$$00000007) for __rt_lib_shutdown_fp_trap_1
    libshutdown.o(.ARM.Collect$$libshutdown$$00000000) refers (Special) to libshutdown2.o(.ARM.Collect$$libshutdown$$0000000F) for __rt_lib_shutdown_heap_1
    libshutdown.o(.ARM.Collect$$libshutdown$$00000000) refers (Special) to libshutdown2.o(.ARM.Collect$$libshutdown$$00000010) for __rt_lib_shutdown_return
    libshutdown.o(.ARM.Collect$$libshutdown$$00000000) refers (Special) to libshutdown2.o(.ARM.Collect$$libshutdown$$0000000A) for __rt_lib_shutdown_signal_1
    libshutdown.o(.ARM.Collect$$libshutdown$$00000000) refers (Special) to libshutdown2.o(.ARM.Collect$$libshutdown$$00000004) for __rt_lib_shutdown_stdio_1
    libshutdown.o(.ARM.Collect$$libshutdown$$00000000) refers (Special) to libshutdown2.o(.ARM.Collect$$libshutdown$$0000000C) for __rt_lib_shutdown_user_alloc_1
    sys_command.o(.text) refers (Special) to use_no_semi.o(.text) for __I$use$semihosting
    sys_command.o(.text) refers (Special) to indicate_semi.o(.text) for __semihosting_library_function
    sys_command_hlt.o(.text) refers (Special) to use_no_semi.o(.text) for __I$use$semihosting
    sys_command_hlt.o(.text) refers (Special) to indicate_semi.o(.text) for __semihosting_library_function
    defsig_rtmem_outer.o(.text) refers to defsig_rtmem_inner.o(.text) for __rt_SIGRTMEM_inner
    defsig_rtmem_outer.o(.text) refers to defsig_exit.o(.text) for __sig_exit
    defsig_rtmem_formal.o(.text) refers to rt_raise.o(.text) for __rt_raise
    rt_raise.o(.text) refers to __raise.o(.text) for __raise
    rt_raise.o(.text) refers to sys_exit.o(.text) for _sys_exit
    defsig_exit.o(.text) refers to sys_exit.o(.text) for _sys_exit
    defsig_rtmem_inner.o(.text) refers to defsig_general.o(.text) for __default_signal_display
    __raise.o(.text) refers to defsig.o(CL$$defsig) for __default_signal_handler
    defsig_general.o(.text) refers to sys_wrch.o(.text) for _ttywrch
    sys_wrch.o(.text) refers (Special) to use_no_semi.o(.text) for __I$use$semihosting
    sys_wrch.o(.text) refers (Special) to indicate_semi.o(.text) for __semihosting_library_function
    sys_wrch_hlt.o(.text) refers (Special) to use_no_semi.o(.text) for __I$use$semihosting
    sys_wrch_hlt.o(.text) refers (Special) to indicate_semi.o(.text) for __semihosting_library_function
    defsig.o(CL$$defsig) refers to defsig_rtmem_inner.o(.text) for __rt_SIGRTMEM_inner
    defsig_abrt_inner.o(.text) refers to defsig_general.o(.text) for __default_signal_display
    defsig_fpe_inner.o(.text) refers to defsig_general.o(.text) for __default_signal_display
    defsig_rtred_inner.o(.text) refers to defsig_general.o(.text) for __default_signal_display
    defsig_stak_inner.o(.text) refers to defsig_general.o(.text) for __default_signal_display
    defsig_pvfn_inner.o(.text) refers to defsig_general.o(.text) for __default_signal_display
    defsig_cppl_inner.o(.text) refers to defsig_general.o(.text) for __default_signal_display
    defsig_segv_inner.o(.text) refers to defsig_general.o(.text) for __default_signal_display
    defsig_other.o(.text) refers to defsig_general.o(.text) for __default_signal_display


==============================================================================

Removing Unused input sections from the image.

    Removing lab_pwm_rcmotor.o(.text), (0 bytes).
    Removing lab_pwm_rcmotor.o(.ARM.exidx.text.main), (8 bytes).
    Removing lab_pwm_rcmotor.o(.ARM.exidx.text.setup), (8 bytes).
    Removing lab_pwm_rcmotor.o(.ARM.exidx.text.TIM3_IRQHandler), (8 bytes).
    Removing lab_pwm_rcmotor.o(.ARM.exidx.text.EXTI15_10_IRQHandler), (8 bytes).
    Removing lab_pwm_rcmotor.o(.bss._count), (4 bytes).
    Removing lab_pwm_rcmotor.o(.bss.count), (4 bytes).
    Removing lab_pwm_rcmotor.o(.ARM.use_no_argv), (4 bytes).
    Removing ecexti2.o(.text), (0 bytes).
    Removing ecexti2.o(.ARM.exidx.text.EXTI_init), (8 bytes).
    Removing ecexti2.o(.ARM.exidx.text.__NVIC_SetPriority), (8 bytes).
    Removing ecexti2.o(.ARM.exidx.text.__NVIC_EnableIRQ), (8 bytes).
    Removing ecexti2.o(.text.EXTI_enable), (46 bytes).
    Removing ecexti2.o(.ARM.exidx.text.EXTI_enable), (8 bytes).
    Removing ecexti2.o(.text.EXTI_disable), (46 bytes).
    Removing ecexti2.o(.ARM.exidx.text.EXTI_disable), (8 bytes).
    Removing ecexti2.o(.ARM.exidx.text.is_pending_EXTI), (8 bytes).
    Removing ecexti2.o(.ARM.exidx.text.clear_pending_EXTI), (8 bytes).
    Removing ecgpio2.o(.text), (0 bytes).
    Removing ecgpio2.o(.ARM.exidx.text.RCC_GPIO_enable), (8 bytes).
    Removing ecgpio2.o(.text.delay_time), (40 bytes).
    Removing ecgpio2.o(.ARM.exidx.text.delay_time), (8 bytes).
    Removing ecgpio2.o(.ARM.exidx.text.GPIO_init), (8 bytes).
    Removing ecgpio2.o(.ARM.exidx.text.GPIO_mode), (8 bytes).
    Removing ecgpio2.o(.ARM.exidx.text.GPIO_ospeed), (8 bytes).
    Removing ecgpio2.o(.ARM.exidx.text.GPIO_otype), (8 bytes).
    Removing ecgpio2.o(.ARM.exidx.text.GPIO_pupd), (8 bytes).
    Removing ecgpio2.o(.text.GPIO_read), (40 bytes).
    Removing ecgpio2.o(.ARM.exidx.text.GPIO_read), (8 bytes).
    Removing ecgpio2.o(.text.GPIO_write), (70 bytes).
    Removing ecgpio2.o(.ARM.exidx.text.GPIO_write), (8 bytes).
    Removing ecgpio2.o(.text.sevensegment_display_init), (190 bytes).
    Removing ecgpio2.o(.ARM.exidx.text.sevensegment_display_init), (8 bytes).
    Removing ecgpio2.o(.text.sevensegment_display), (148 bytes).
    Removing ecgpio2.o(.ARM.exidx.text.sevensegment_display), (8 bytes).
    Removing ecgpio2.o(.text.sevensegment_decoder_init), (150 bytes).
    Removing ecgpio2.o(.ARM.exidx.text.sevensegment_decoder_init), (8 bytes).
    Removing ecgpio2.o(.text.sevensegment_decoder), (112 bytes).
    Removing ecgpio2.o(.ARM.exidx.text.sevensegment_decoder), (8 bytes).
    Removing ecgpio2.o(.bss.PinNameD), (1 bytes).
    Removing ecgpio2.o(.bss.PinNameC), (1 bytes).
    Removing ecgpio2.o(.bss.PinNameB), (1 bytes).
    Removing ecgpio2.o(.bss.PinNameA), (1 bytes).
    Removing ecgpio2.o(.rodata..L__const.sevensegment_display.value), (10 bytes).
    Removing ecgpio2.o(.rodata.cst8), (16 bytes).
    Removing ecgpio2.o(.rodata..L__const.sevensegment_decoder.value), (10 bytes).
    Removing ecpinnames.o(.text), (0 bytes).
    Removing ecpinnames.o(.ARM.exidx.text.ecPinmap), (8 bytes).
    Removing ecpwm2.o(.text), (0 bytes).
    Removing ecpwm2.o(.ARM.exidx.text.PWM_init), (8 bytes).
    Removing ecpwm2.o(.ARM.exidx.text.PWM_pinmap), (8 bytes).
    Removing ecpwm2.o(.ARM.exidx.text.PWM_period_ms), (8 bytes).
    Removing ecpwm2.o(.ARM.exidx.text.PWM_period), (8 bytes).
    Removing ecpwm2.o(.text.PWM_period_us), (46 bytes).
    Removing ecpwm2.o(.ARM.exidx.text.PWM_period_us), (8 bytes).
    Removing ecpwm2.o(.ARM.exidx.text.PWM_pulsewidth), (8 bytes).
    Removing ecpwm2.o(.text.PWM_pulsewidth_ms), (30 bytes).
    Removing ecpwm2.o(.ARM.exidx.text.PWM_pulsewidth_ms), (8 bytes).
    Removing ecpwm2.o(.text.PWM_pulsewidth_us), (206 bytes).
    Removing ecpwm2.o(.ARM.exidx.text.PWM_pulsewidth_us), (8 bytes).
    Removing ecpwm2.o(.text.PWM_duty), (172 bytes).
    Removing ecpwm2.o(.ARM.exidx.text.PWM_duty), (8 bytes).
    Removing ecrcc2.o(.text), (0 bytes).
    Removing ecrcc2.o(.text.RCC_HSI_init), (100 bytes).
    Removing ecrcc2.o(.ARM.exidx.text.RCC_HSI_init), (8 bytes).
    Removing ecrcc2.o(.ARM.exidx.text.RCC_PLL_init), (8 bytes).
    Removing ecrcc2.o(.ARM.exidx.text.RCC_GPIOA_enable), (8 bytes).
    Removing ecrcc2.o(.ARM.exidx.text.RCC_GPIOB_enable), (8 bytes).
    Removing ecrcc2.o(.ARM.exidx.text.RCC_GPIOC_enable), (8 bytes).
    Removing ecrcc2.o(.ARM.exidx.text.RCC_GPIOD_enable), (8 bytes).
    Removing ecrcc2.o(.ARM.exidx.text.RCC_GPIOE_enable), (8 bytes).
    Removing ecrcc2.o(.ARM.exidx.text.RCC_GPIOH_enable), (8 bytes).
    Removing ecsystick2.o(.text), (0 bytes).
    Removing ecsystick2.o(.text.SysTick_init), (100 bytes).
    Removing ecsystick2.o(.ARM.exidx.text.SysTick_init), (8 bytes).
    Removing ecsystick2.o(.text.__NVIC_SetPriority), (66 bytes).
    Removing ecsystick2.o(.ARM.exidx.text.__NVIC_SetPriority), (8 bytes).
    Removing ecsystick2.o(.text.__NVIC_EnableIRQ), (48 bytes).
    Removing ecsystick2.o(.ARM.exidx.text.__NVIC_EnableIRQ), (8 bytes).
    Removing ecsystick2.o(.ARM.exidx.text.SysTick_Handler), (8 bytes).
    Removing ecsystick2.o(.ARM.exidx.text.SysTick_counter), (8 bytes).
    Removing ecsystick2.o(.text.delay_ms), (58 bytes).
    Removing ecsystick2.o(.ARM.exidx.text.delay_ms), (8 bytes).
    Removing ecsystick2.o(.text.SysTick_enable), (18 bytes).
    Removing ecsystick2.o(.ARM.exidx.text.SysTick_enable), (8 bytes).
    Removing ecsystick2.o(.text.SysTick_disable), (18 bytes).
    Removing ecsystick2.o(.ARM.exidx.text.SysTick_disable), (8 bytes).
    Removing ecsystick2.o(.text.SysTick_reset), (14 bytes).
    Removing ecsystick2.o(.ARM.exidx.text.SysTick_reset), (8 bytes).
    Removing ecsystick2.o(.text.SysTick_val), (12 bytes).
    Removing ecsystick2.o(.ARM.exidx.text.SysTick_val), (8 bytes).
    Removing ectim2.o(.text), (0 bytes).
    Removing ectim2.o(.ARM.exidx.text.TIM_init), (8 bytes).
    Removing ectim2.o(.ARM.exidx.text.TIM_period_ms), (8 bytes).
    Removing ectim2.o(.text.TIM_period_us), (224 bytes).
    Removing ectim2.o(.ARM.exidx.text.TIM_period_us), (8 bytes).
    Removing ectim2.o(.ARM.exidx.text.TIM_period), (8 bytes).
    Removing ectim2.o(.ARM.exidx.text.TIM_UI_init), (8 bytes).
    Removing ectim2.o(.ARM.exidx.text.TIM_UI_enable), (8 bytes).
    Removing ectim2.o(.ARM.exidx.text.__NVIC_EnableIRQ), (8 bytes).
    Removing ectim2.o(.ARM.exidx.text.__NVIC_SetPriority), (8 bytes).
    Removing ectim2.o(.text.TIM_UI_disable), (18 bytes).
    Removing ectim2.o(.ARM.exidx.text.TIM_UI_disable), (8 bytes).
    Removing ectim2.o(.ARM.exidx.text.is_UIF), (8 bytes).
    Removing ectim2.o(.ARM.exidx.text.clear_UIF), (8 bytes).
    Removing system_stm32f4xx.o(.text), (0 bytes).
    Removing system_stm32f4xx.o(.ARM.exidx.text.SystemInit), (8 bytes).
    Removing system_stm32f4xx.o(.text.SystemCoreClockUpdate), (302 bytes).
    Removing system_stm32f4xx.o(.ARM.exidx.text.SystemCoreClockUpdate), (8 bytes).
    Removing system_stm32f4xx.o(.data.SystemCoreClock), (4 bytes).
    Removing system_stm32f4xx.o(.rodata.AHBPrescTable), (16 bytes).
    Removing system_stm32f4xx.o(.rodata.APBPrescTable), (8 bytes).

112 unused section(s) (total 2874 bytes) removed from the image.

==============================================================================

Image Symbol Table

    Local Symbols

    Symbol Name                              Value     Ov Type        Size  Object(Section)

    ../clib/angel/boardlib.s                 0x00000000   Number         0  boardinit1.o ABSOLUTE
    ../clib/angel/boardlib.s                 0x00000000   Number         0  boardinit2.o ABSOLUTE
    ../clib/angel/boardlib.s                 0x00000000   Number         0  boardinit3.o ABSOLUTE
    ../clib/angel/boardlib.s                 0x00000000   Number         0  boardshut.o ABSOLUTE
    ../clib/angel/handlers.s                 0x00000000   Number         0  __scatter_copy.o ABSOLUTE
    ../clib/angel/handlers.s                 0x00000000   Number         0  __scatter_zi.o ABSOLUTE
    ../clib/angel/kernel.s                   0x00000000   Number         0  __rtentry.o ABSOLUTE
    ../clib/angel/kernel.s                   0x00000000   Number         0  __rtentry2.o ABSOLUTE
    ../clib/angel/kernel.s                   0x00000000   Number         0  __rtentry4.o ABSOLUTE
    ../clib/angel/kernel.s                   0x00000000   Number         0  rtexit.o ABSOLUTE
    ../clib/angel/kernel.s                   0x00000000   Number         0  rtexit2.o ABSOLUTE
    ../clib/angel/rt.s                       0x00000000   Number         0  rt_raise.o ABSOLUTE
    ../clib/angel/scatter.s                  0x00000000   Number         0  __scatter.o ABSOLUTE
    ../clib/angel/startup.s                  0x00000000   Number         0  __main.o ABSOLUTE
    ../clib/angel/sys.s                      0x00000000   Number         0  sys_stackheap_outer.o ABSOLUTE
    ../clib/angel/sys.s                      0x00000000   Number         0  libspace.o ABSOLUTE
    ../clib/angel/sys.s                      0x00000000   Number         0  use_no_semi.o ABSOLUTE
    ../clib/angel/sys.s                      0x00000000   Number         0  indicate_semi.o ABSOLUTE
    ../clib/angel/sysapp.c                   0x00000000   Number         0  sys_exit.o ABSOLUTE
    ../clib/angel/sysapp.c                   0x00000000   Number         0  sys_exit_hlt.o ABSOLUTE
    ../clib/angel/sysapp.c                   0x00000000   Number         0  sys_command.o ABSOLUTE
    ../clib/angel/sysapp.c                   0x00000000   Number         0  sys_command_hlt.o ABSOLUTE
    ../clib/angel/sysapp.c                   0x00000000   Number         0  sys_wrch.o ABSOLUTE
    ../clib/angel/sysapp.c                   0x00000000   Number         0  sys_wrch_hlt.o ABSOLUTE
    ../clib/armsys.c                         0x00000000   Number         0  argv_veneer.o ABSOLUTE
    ../clib/armsys.c                         0x00000000   Number         0  argv_veneer.o ABSOLUTE
    ../clib/armsys.c                         0x00000000   Number         0  _get_argv_nomalloc.o ABSOLUTE
    ../clib/armsys.c                         0x00000000   Number         0  no_argv.o ABSOLUTE
    ../clib/heapalloc.c                      0x00000000   Number         0  hrguard.o ABSOLUTE
    ../clib/heapaux.c                        0x00000000   Number         0  heapauxi.o ABSOLUTE
    ../clib/libinit.s                        0x00000000   Number         0  libinit.o ABSOLUTE
    ../clib/libinit.s                        0x00000000   Number         0  libinit2.o ABSOLUTE
    ../clib/libinit.s                        0x00000000   Number         0  libshutdown.o ABSOLUTE
    ../clib/libinit.s                        0x00000000   Number         0  libshutdown2.o ABSOLUTE
    ../clib/signal.c                         0x00000000   Number         0  defsig_rtmem_outer.o ABSOLUTE
    ../clib/signal.c                         0x00000000   Number         0  defsig_rtmem_formal.o ABSOLUTE
    ../clib/signal.c                         0x00000000   Number         0  defsig_exit.o ABSOLUTE
    ../clib/signal.c                         0x00000000   Number         0  defsig_rtmem_inner.o ABSOLUTE
    ../clib/signal.c                         0x00000000   Number         0  __raise.o ABSOLUTE
    ../clib/signal.c                         0x00000000   Number         0  defsig_general.o ABSOLUTE
    ../clib/signal.c                         0x00000000   Number         0  defsig_abrt_inner.o ABSOLUTE
    ../clib/signal.c                         0x00000000   Number         0  defsig_fpe_inner.o ABSOLUTE
    ../clib/signal.c                         0x00000000   Number         0  defsig_rtred_inner.o ABSOLUTE
    ../clib/signal.c                         0x00000000   Number         0  defsig_stak_inner.o ABSOLUTE
    ../clib/signal.c                         0x00000000   Number         0  defsig_pvfn_inner.o ABSOLUTE
    ../clib/signal.c                         0x00000000   Number         0  defsig_cppl_inner.o ABSOLUTE
    ../clib/signal.c                         0x00000000   Number         0  defsig_segv_inner.o ABSOLUTE
    ../clib/signal.c                         0x00000000   Number         0  defsig_other.o ABSOLUTE
    ../clib/signal.s                         0x00000000   Number         0  defsig.o ABSOLUTE
    ../clib/stdlib.c                         0x00000000   Number         0  exit.o ABSOLUTE
    ../fplib/d2f.s                           0x00000000   Number         0  d2f.o ABSOLUTE
    ../fplib/daddsub.s                       0x00000000   Number         0  daddsub_clz.o ABSOLUTE
    ../fplib/ddiv.s                          0x00000000   Number         0  ddiv.o ABSOLUTE
    ../fplib/dfixu.s                         0x00000000   Number         0  dfixu.o ABSOLUTE
    ../fplib/dflt.s                          0x00000000   Number         0  dflt_clz.o ABSOLUTE
    ../fplib/dmul.s                          0x00000000   Number         0  dmul.o ABSOLUTE
    ../fplib/dnaninf.s                       0x00000000   Number         0  dnaninf.o ABSOLUTE
    ../fplib/dretinf.s                       0x00000000   Number         0  dretinf.o ABSOLUTE
    ../fplib/fpinit.s                        0x00000000   Number         0  fpinit.o ABSOLUTE
    ../fplib/fretinf.s                       0x00000000   Number         0  fretinf.o ABSOLUTE
    ../fplib/usenofp.s                       0x00000000   Number         0  usenofp.o ABSOLUTE
    LAB_PWM_RCmotor.c                        0x00000000   Number         0  lab_pwm_rcmotor.o ABSOLUTE
    RTE/Device/STM32F411RETx/startup_stm32f411xe.s 0x00000000   Number         0  startup_stm32f411xe.o ABSOLUTE
    dc.s                                     0x00000000   Number         0  dc.o ABSOLUTE
    ecEXTI2.c                                0x00000000   Number         0  ecexti2.o ABSOLUTE
    ecGPIO2.c                                0x00000000   Number         0  ecgpio2.o ABSOLUTE
    ecPWM2.c                                 0x00000000   Number         0  ecpwm2.o ABSOLUTE
    ecPinNames.c                             0x00000000   Number         0  ecpinnames.o ABSOLUTE
    ecRCC2.c                                 0x00000000   Number         0  ecrcc2.o ABSOLUTE
    ecSysTick2.c                             0x00000000   Number         0  ecsystick2.o ABSOLUTE
    ecTIM2.c                                 0x00000000   Number         0  ectim2.o ABSOLUTE
    system_stm32f4xx.c                       0x00000000   Number         0  system_stm32f4xx.o ABSOLUTE
    RESET                                    0x08000000   Section      408  startup_stm32f411xe.o(RESET)
    !!!main                                  0x08000198   Section        8  __main.o(!!!main)
    !!!scatter                               0x080001a0   Section       92  __scatter.o(!!!scatter)
    !!handler_copy                           0x080001fc   Section       26  __scatter_copy.o(!!handler_copy)
    !!handler_null                           0x08000218   Section        2  __scatter.o(!!handler_null)
    !!handler_zi                             0x0800021c   Section       28  __scatter_zi.o(!!handler_zi)
    .ARM.Collect$$libinit$$00000000          0x08000238   Section        2  libinit.o(.ARM.Collect$$libinit$$00000000)
    .ARM.Collect$$libinit$$00000001          0x0800023a   Section        4  libinit2.o(.ARM.Collect$$libinit$$00000001)
    .ARM.Collect$$libinit$$00000004          0x0800023e   Section        0  libinit2.o(.ARM.Collect$$libinit$$00000004)
    .ARM.Collect$$libinit$$00000006          0x0800023e   Section        0  libinit2.o(.ARM.Collect$$libinit$$00000006)
    .ARM.Collect$$libinit$$0000000C          0x0800023e   Section        0  libinit2.o(.ARM.Collect$$libinit$$0000000C)
    .ARM.Collect$$libinit$$0000000E          0x0800023e   Section        0  libinit2.o(.ARM.Collect$$libinit$$0000000E)
    .ARM.Collect$$libinit$$00000010          0x0800023e   Section        0  libinit2.o(.ARM.Collect$$libinit$$00000010)
    .ARM.Collect$$libinit$$00000013          0x0800023e   Section        0  libinit2.o(.ARM.Collect$$libinit$$00000013)
    .ARM.Collect$$libinit$$00000015          0x0800023e   Section        0  libinit2.o(.ARM.Collect$$libinit$$00000015)
    .ARM.Collect$$libinit$$00000017          0x0800023e   Section        0  libinit2.o(.ARM.Collect$$libinit$$00000017)
    .ARM.Collect$$libinit$$00000019          0x0800023e   Section        0  libinit2.o(.ARM.Collect$$libinit$$00000019)
    .ARM.Collect$$libinit$$0000001B          0x0800023e   Section        0  libinit2.o(.ARM.Collect$$libinit$$0000001B)
    .ARM.Collect$$libinit$$0000001D          0x0800023e   Section        0  libinit2.o(.ARM.Collect$$libinit$$0000001D)
    .ARM.Collect$$libinit$$0000001F          0x0800023e   Section        0  libinit2.o(.ARM.Collect$$libinit$$0000001F)
    .ARM.Collect$$libinit$$00000021          0x0800023e   Section        0  libinit2.o(.ARM.Collect$$libinit$$00000021)
    .ARM.Collect$$libinit$$00000023          0x0800023e   Section        0  libinit2.o(.ARM.Collect$$libinit$$00000023)
    .ARM.Collect$$libinit$$00000025          0x0800023e   Section        0  libinit2.o(.ARM.Collect$$libinit$$00000025)
    .ARM.Collect$$libinit$$00000027          0x0800023e   Section        0  libinit2.o(.ARM.Collect$$libinit$$00000027)
    .ARM.Collect$$libinit$$0000002E          0x0800023e   Section        0  libinit2.o(.ARM.Collect$$libinit$$0000002E)
    .ARM.Collect$$libinit$$00000030          0x0800023e   Section        0  libinit2.o(.ARM.Collect$$libinit$$00000030)
    .ARM.Collect$$libinit$$00000032          0x0800023e   Section        0  libinit2.o(.ARM.Collect$$libinit$$00000032)
    .ARM.Collect$$libinit$$00000034          0x0800023e   Section        0  libinit2.o(.ARM.Collect$$libinit$$00000034)
    .ARM.Collect$$libinit$$00000035          0x0800023e   Section        2  libinit2.o(.ARM.Collect$$libinit$$00000035)
    .ARM.Collect$$libshutdown$$00000000      0x08000240   Section        2  libshutdown.o(.ARM.Collect$$libshutdown$$00000000)
    .ARM.Collect$$libshutdown$$00000002      0x08000242   Section        0  libshutdown2.o(.ARM.Collect$$libshutdown$$00000002)
    .ARM.Collect$$libshutdown$$00000004      0x08000242   Section        0  libshutdown2.o(.ARM.Collect$$libshutdown$$00000004)
    .ARM.Collect$$libshutdown$$00000007      0x08000242   Section        0  libshutdown2.o(.ARM.Collect$$libshutdown$$00000007)
    .ARM.Collect$$libshutdown$$0000000A      0x08000242   Section        0  libshutdown2.o(.ARM.Collect$$libshutdown$$0000000A)
    .ARM.Collect$$libshutdown$$0000000C      0x08000242   Section        0  libshutdown2.o(.ARM.Collect$$libshutdown$$0000000C)
    .ARM.Collect$$libshutdown$$0000000F      0x08000242   Section        0  libshutdown2.o(.ARM.Collect$$libshutdown$$0000000F)
    .ARM.Collect$$libshutdown$$00000010      0x08000242   Section        2  libshutdown2.o(.ARM.Collect$$libshutdown$$00000010)
    .ARM.Collect$$rtentry$$00000000          0x08000244   Section        0  __rtentry.o(.ARM.Collect$$rtentry$$00000000)
    .ARM.Collect$$rtentry$$00000002          0x08000244   Section        0  __rtentry2.o(.ARM.Collect$$rtentry$$00000002)
    .ARM.Collect$$rtentry$$00000004          0x08000244   Section        6  __rtentry4.o(.ARM.Collect$$rtentry$$00000004)
    .ARM.Collect$$rtentry$$00000009          0x0800024a   Section        0  __rtentry2.o(.ARM.Collect$$rtentry$$00000009)
    .ARM.Collect$$rtentry$$0000000A          0x0800024a   Section        4  __rtentry2.o(.ARM.Collect$$rtentry$$0000000A)
    .ARM.Collect$$rtentry$$0000000C          0x0800024e   Section        0  __rtentry2.o(.ARM.Collect$$rtentry$$0000000C)
    .ARM.Collect$$rtentry$$0000000D          0x0800024e   Section        8  __rtentry2.o(.ARM.Collect$$rtentry$$0000000D)
    .ARM.Collect$$rtexit$$00000000           0x08000256   Section        2  rtexit.o(.ARM.Collect$$rtexit$$00000000)
    .ARM.Collect$$rtexit$$00000002           0x08000258   Section        0  rtexit2.o(.ARM.Collect$$rtexit$$00000002)
    .ARM.Collect$$rtexit$$00000003           0x08000258   Section        4  rtexit2.o(.ARM.Collect$$rtexit$$00000003)
    .ARM.Collect$$rtexit$$00000004           0x0800025c   Section        6  rtexit2.o(.ARM.Collect$$rtexit$$00000004)
    $v0                                      0x08000264   Number         0  startup_stm32f411xe.o(.text)
    .text                                    0x08000264   Section       64  startup_stm32f411xe.o(.text)
    .text                                    0x080002a4   Section        0  heapauxi.o(.text)
    .text                                    0x080002aa   Section       74  sys_stackheap_outer.o(.text)
    .text                                    0x080002f4   Section        0  exit.o(.text)
    .text                                    0x08000308   Section        8  libspace.o(.text)
    .text                                    0x08000310   Section        0  sys_exit.o(.text)
    .text                                    0x0800031c   Section        2  use_no_semi.o(.text)
    .text                                    0x0800031e   Section        0  indicate_semi.o(.text)
    [Anonymous Symbol]                       0x08000320   Section        0  lab_pwm_rcmotor.o(.text.EXTI15_10_IRQHandler)
    [Anonymous Symbol]                       0x08000364   Section        0  ecexti2.o(.text.EXTI_init)
    [Anonymous Symbol]                       0x08000514   Section        0  ecgpio2.o(.text.GPIO_init)
    [Anonymous Symbol]                       0x08000540   Section        0  ecgpio2.o(.text.GPIO_mode)
    [Anonymous Symbol]                       0x08000580   Section        0  ecgpio2.o(.text.GPIO_ospeed)
    [Anonymous Symbol]                       0x080005c0   Section        0  ecgpio2.o(.text.GPIO_otype)
    [Anonymous Symbol]                       0x080005fc   Section        0  ecgpio2.o(.text.GPIO_pupd)
    [Anonymous Symbol]                       0x08000640   Section        0  ecpwm2.o(.text.PWM_init)
    [Anonymous Symbol]                       0x08000980   Section        0  ecpwm2.o(.text.PWM_period)
    [Anonymous Symbol]                       0x08000998   Section        0  ecpwm2.o(.text.PWM_period_ms)
    [Anonymous Symbol]                       0x080009c8   Section        0  ecpwm2.o(.text.PWM_pinmap)
    [Anonymous Symbol]                       0x08000be4   Section        0  ecpwm2.o(.text.PWM_pulsewidth)
    [Anonymous Symbol]                       0x08000cb8   Section        0  ecrcc2.o(.text.RCC_GPIOA_enable)
    [Anonymous Symbol]                       0x08000ccc   Section        0  ecrcc2.o(.text.RCC_GPIOB_enable)
    [Anonymous Symbol]                       0x08000ce0   Section        0  ecrcc2.o(.text.RCC_GPIOC_enable)
    [Anonymous Symbol]                       0x08000cf4   Section        0  ecrcc2.o(.text.RCC_GPIOD_enable)
    [Anonymous Symbol]                       0x08000d08   Section        0  ecrcc2.o(.text.RCC_GPIOE_enable)
    [Anonymous Symbol]                       0x08000d1c   Section        0  ecrcc2.o(.text.RCC_GPIOH_enable)
    [Anonymous Symbol]                       0x08000d30   Section        0  ecgpio2.o(.text.RCC_GPIO_enable)
    [Anonymous Symbol]                       0x08000dcc   Section        0  ecrcc2.o(.text.RCC_PLL_init)
    [Anonymous Symbol]                       0x08000ee0   Section        0  ecsystick2.o(.text.SysTick_Handler)
    [Anonymous Symbol]                       0x08000ee8   Section        0  ecsystick2.o(.text.SysTick_counter)
    [Anonymous Symbol]                       0x08000ef8   Section        0  system_stm32f4xx.o(.text.SystemInit)
    [Anonymous Symbol]                       0x08000f10   Section        0  lab_pwm_rcmotor.o(.text.TIM3_IRQHandler)
    [Anonymous Symbol]                       0x08001020   Section        0  ectim2.o(.text.TIM_UI_enable)
    [Anonymous Symbol]                       0x08001034   Section        0  ectim2.o(.text.TIM_UI_init)
    [Anonymous Symbol]                       0x08001120   Section        0  ectim2.o(.text.TIM_init)
    [Anonymous Symbol]                       0x08001260   Section        0  ectim2.o(.text.TIM_period)
    [Anonymous Symbol]                       0x08001274   Section        0  ectim2.o(.text.TIM_period_ms)
    __NVIC_EnableIRQ                         0x08001369   Thumb Code    48  ecexti2.o(.text.__NVIC_EnableIRQ)
    [Anonymous Symbol]                       0x08001368   Section        0  ecexti2.o(.text.__NVIC_EnableIRQ)
    __NVIC_EnableIRQ                         0x08001399   Thumb Code    48  ectim2.o(.text.__NVIC_EnableIRQ)
    [Anonymous Symbol]                       0x08001398   Section        0  ectim2.o(.text.__NVIC_EnableIRQ)
    __NVIC_SetPriority                       0x080013c9   Thumb Code    66  ecexti2.o(.text.__NVIC_SetPriority)
    [Anonymous Symbol]                       0x080013c8   Section        0  ecexti2.o(.text.__NVIC_SetPriority)
    __NVIC_SetPriority                       0x0800140d   Thumb Code    66  ectim2.o(.text.__NVIC_SetPriority)
    [Anonymous Symbol]                       0x0800140c   Section        0  ectim2.o(.text.__NVIC_SetPriority)
    [Anonymous Symbol]                       0x08001450   Section        0  ectim2.o(.text.clear_UIF)
    [Anonymous Symbol]                       0x08001464   Section        0  ecexti2.o(.text.clear_pending_EXTI)
    [Anonymous Symbol]                       0x08001494   Section        0  ecpinnames.o(.text.ecPinmap)
    [Anonymous Symbol]                       0x08001550   Section        0  ectim2.o(.text.is_UIF)
    [Anonymous Symbol]                       0x08001560   Section        0  ecexti2.o(.text.is_pending_EXTI)
    [Anonymous Symbol]                       0x08001598   Section        0  lab_pwm_rcmotor.o(.text.main)
    [Anonymous Symbol]                       0x080015a8   Section        0  lab_pwm_rcmotor.o(.text.setup)
    $v0                                      0x0800161c   Number         0  d2f.o(x$fpl$d2f)
    x$fpl$d2f                                0x0800161c   Section       98  d2f.o(x$fpl$d2f)
    $v0                                      0x08001680   Number         0  daddsub_clz.o(x$fpl$dadd)
    x$fpl$dadd                               0x08001680   Section      336  daddsub_clz.o(x$fpl$dadd)
    _dadd1                                   0x08001691   Thumb Code     0  daddsub_clz.o(x$fpl$dadd)
    $v0                                      0x080017d0   Number         0  ddiv.o(x$fpl$ddiv)
    x$fpl$ddiv                               0x080017d0   Section      696  ddiv.o(x$fpl$ddiv)
    ddiv_entry                               0x080017d7   Thumb Code     0  ddiv.o(x$fpl$ddiv)
    $v0                                      0x08001a88   Number         0  dfixu.o(x$fpl$dfixu)
    x$fpl$dfixu                              0x08001a88   Section       90  dfixu.o(x$fpl$dfixu)
    $v0                                      0x08001ae2   Number         0  dflt_clz.o(x$fpl$dfltu)
    x$fpl$dfltu                              0x08001ae2   Section       38  dflt_clz.o(x$fpl$dfltu)
    $v0                                      0x08001b08   Number         0  dmul.o(x$fpl$dmul)
    x$fpl$dmul                               0x08001b08   Section      340  dmul.o(x$fpl$dmul)
    $v0                                      0x08001c5c   Number         0  dnaninf.o(x$fpl$dnaninf)
    x$fpl$dnaninf                            0x08001c5c   Section      156  dnaninf.o(x$fpl$dnaninf)
    $v0                                      0x08001cf8   Number         0  dretinf.o(x$fpl$dretinf)
    x$fpl$dretinf                            0x08001cf8   Section       12  dretinf.o(x$fpl$dretinf)
    $v0                                      0x08001d04   Number         0  daddsub_clz.o(x$fpl$dsub)
    x$fpl$dsub                               0x08001d04   Section      476  daddsub_clz.o(x$fpl$dsub)
    _dsub1                                   0x08001d15   Thumb Code     0  daddsub_clz.o(x$fpl$dsub)
    $v0                                      0x08001ee0   Number         0  fpinit.o(x$fpl$fpinit)
    x$fpl$fpinit                             0x08001ee0   Section       26  fpinit.o(x$fpl$fpinit)
    $v0                                      0x08001efa   Number         0  fretinf.o(x$fpl$fretinf)
    x$fpl$fretinf                            0x08001efa   Section       10  fretinf.o(x$fpl$fretinf)
    x$fpl$usenofp                            0x08001f04   Section        0  usenofp.o(x$fpl$usenofp)
    .bss                                     0x20000008   Section       96  libspace.o(.bss)
    Heap_Mem                                 0x20000078   Data         512  startup_stm32f411xe.o(HEAP)
    HEAP                                     0x20000078   Section      512  startup_stm32f411xe.o(HEAP)
    Stack_Mem                                0x20000278   Data        1024  startup_stm32f411xe.o(STACK)
    STACK                                    0x20000278   Section     1024  startup_stm32f411xe.o(STACK)
    __initial_sp                             0x20000678   Data           0  startup_stm32f411xe.o(STACK)

    Global Symbols

    Symbol Name                              Value     Ov Type        Size  Object(Section)

    BuildAttributes$$THM_ISAv4$E$P$D$K$B$S$7EM$VFPi3$EXTD16$VFPS$VFMA$PE$A:L22UL41UL21$X:L11$S22US41US21$IEEE1$IW$~IW$USESV6$~STKCKD$USESV7$~SHL$OSPACE$ROPI$EBA8$UX$STANDARDLIB$REQ8$PRES8$EABIv2 0x00000000   Number         0  anon$$obj.o ABSOLUTE
    __ARM_exceptions_init                     - Undefined Weak Reference
    __alloca_initialize                       - Undefined Weak Reference
    __arm_preinit_                            - Undefined Weak Reference
    __arm_relocate_pie_                       - Undefined Weak Reference
    __cpp_initialize__aeabi_                  - Undefined Weak Reference
    __cxa_finalize                            - Undefined Weak Reference
    __rt_locale                               - Undefined Weak Reference
    __sigvec_lookup                           - Undefined Weak Reference
    _atexit_init                              - Undefined Weak Reference
    _call_atexit_fns                          - Undefined Weak Reference
    _clock_init                               - Undefined Weak Reference
    _fp_trap_init                             - Undefined Weak Reference
    _fp_trap_shutdown                         - Undefined Weak Reference
    _get_lc_collate                           - Undefined Weak Reference
    _get_lc_ctype                             - Undefined Weak Reference
    _get_lc_monetary                          - Undefined Weak Reference
    _get_lc_numeric                           - Undefined Weak Reference
    _get_lc_time                              - Undefined Weak Reference
    _getenv_init                              - Undefined Weak Reference
    _handle_redirection                       - Undefined Weak Reference
    _init_alloc                               - Undefined Weak Reference
    _init_user_alloc                          - Undefined Weak Reference
    _initio                                   - Undefined Weak Reference
    _rand_init                                - Undefined Weak Reference
    _signal_finish                            - Undefined Weak Reference
    _signal_init                              - Undefined Weak Reference
    _terminate_alloc                          - Undefined Weak Reference
    _terminate_user_alloc                     - Undefined Weak Reference
    _terminateio                              - Undefined Weak Reference
    __Vectors_Size                           0x00000198   Number         0  startup_stm32f411xe.o ABSOLUTE
    __Vectors                                0x08000000   Data           4  startup_stm32f411xe.o(RESET)
    __Vectors_End                            0x08000198   Data           0  startup_stm32f411xe.o(RESET)
    __main                                   0x08000199   Thumb Code     8  __main.o(!!!main)
    __scatterload                            0x080001a1   Thumb Code     0  __scatter.o(!!!scatter)
    __scatterload_rt2                        0x080001a1   Thumb Code    84  __scatter.o(!!!scatter)
    __scatterload_rt2_thumb_only             0x080001a1   Thumb Code     0  __scatter.o(!!!scatter)
    __scatterload_loop                       0x080001ab   Thumb Code     0  __scatter.o(!!!scatter)
    __scatterload_copy                       0x080001fd   Thumb Code    26  __scatter_copy.o(!!handler_copy)
    __scatterload_null                       0x08000219   Thumb Code     2  __scatter.o(!!handler_null)
    __scatterload_zeroinit                   0x0800021d   Thumb Code    28  __scatter_zi.o(!!handler_zi)
    __rt_lib_init                            0x08000239   Thumb Code     0  libinit.o(.ARM.Collect$$libinit$$00000000)
    __rt_lib_init_fp_1                       0x0800023b   Thumb Code     0  libinit2.o(.ARM.Collect$$libinit$$00000001)
    __rt_lib_init_alloca_1                   0x0800023f   Thumb Code     0  libinit2.o(.ARM.Collect$$libinit$$00000030)
    __rt_lib_init_argv_1                     0x0800023f   Thumb Code     0  libinit2.o(.ARM.Collect$$libinit$$0000002E)
    __rt_lib_init_atexit_1                   0x0800023f   Thumb Code     0  libinit2.o(.ARM.Collect$$libinit$$0000001D)
    __rt_lib_init_clock_1                    0x0800023f   Thumb Code     0  libinit2.o(.ARM.Collect$$libinit$$00000023)
    __rt_lib_init_cpp_1                      0x0800023f   Thumb Code     0  libinit2.o(.ARM.Collect$$libinit$$00000034)
    __rt_lib_init_exceptions_1               0x0800023f   Thumb Code     0  libinit2.o(.ARM.Collect$$libinit$$00000032)
    __rt_lib_init_fp_trap_1                  0x0800023f   Thumb Code     0  libinit2.o(.ARM.Collect$$libinit$$00000021)
    __rt_lib_init_getenv_1                   0x0800023f   Thumb Code     0  libinit2.o(.ARM.Collect$$libinit$$00000025)
    __rt_lib_init_heap_1                     0x0800023f   Thumb Code     0  libinit2.o(.ARM.Collect$$libinit$$0000000C)
    __rt_lib_init_lc_collate_1               0x0800023f   Thumb Code     0  libinit2.o(.ARM.Collect$$libinit$$00000013)
    __rt_lib_init_lc_ctype_1                 0x0800023f   Thumb Code     0  libinit2.o(.ARM.Collect$$libinit$$00000015)
    __rt_lib_init_lc_monetary_1              0x0800023f   Thumb Code     0  libinit2.o(.ARM.Collect$$libinit$$00000017)
    __rt_lib_init_lc_numeric_1               0x0800023f   Thumb Code     0  libinit2.o(.ARM.Collect$$libinit$$00000019)
    __rt_lib_init_lc_time_1                  0x0800023f   Thumb Code     0  libinit2.o(.ARM.Collect$$libinit$$0000001B)
    __rt_lib_init_preinit_1                  0x0800023f   Thumb Code     0  libinit2.o(.ARM.Collect$$libinit$$00000006)
    __rt_lib_init_rand_1                     0x0800023f   Thumb Code     0  libinit2.o(.ARM.Collect$$libinit$$00000010)
    __rt_lib_init_relocate_pie_1             0x0800023f   Thumb Code     0  libinit2.o(.ARM.Collect$$libinit$$00000004)
    __rt_lib_init_return                     0x0800023f   Thumb Code     0  libinit2.o(.ARM.Collect$$libinit$$00000035)
    __rt_lib_init_signal_1                   0x0800023f   Thumb Code     0  libinit2.o(.ARM.Collect$$libinit$$0000001F)
    __rt_lib_init_stdio_1                    0x0800023f   Thumb Code     0  libinit2.o(.ARM.Collect$$libinit$$00000027)
    __rt_lib_init_user_alloc_1               0x0800023f   Thumb Code     0  libinit2.o(.ARM.Collect$$libinit$$0000000E)
    __rt_lib_shutdown                        0x08000241   Thumb Code     0  libshutdown.o(.ARM.Collect$$libshutdown$$00000000)
    __rt_lib_shutdown_cpp_1                  0x08000243   Thumb Code     0  libshutdown2.o(.ARM.Collect$$libshutdown$$00000002)
    __rt_lib_shutdown_fp_trap_1              0x08000243   Thumb Code     0  libshutdown2.o(.ARM.Collect$$libshutdown$$00000007)
    __rt_lib_shutdown_heap_1                 0x08000243   Thumb Code     0  libshutdown2.o(.ARM.Collect$$libshutdown$$0000000F)
    __rt_lib_shutdown_return                 0x08000243   Thumb Code     0  libshutdown2.o(.ARM.Collect$$libshutdown$$00000010)
    __rt_lib_shutdown_signal_1               0x08000243   Thumb Code     0  libshutdown2.o(.ARM.Collect$$libshutdown$$0000000A)
    __rt_lib_shutdown_stdio_1                0x08000243   Thumb Code     0  libshutdown2.o(.ARM.Collect$$libshutdown$$00000004)
    __rt_lib_shutdown_user_alloc_1           0x08000243   Thumb Code     0  libshutdown2.o(.ARM.Collect$$libshutdown$$0000000C)
    __rt_entry                               0x08000245   Thumb Code     0  __rtentry.o(.ARM.Collect$$rtentry$$00000000)
    __rt_entry_presh_1                       0x08000245   Thumb Code     0  __rtentry2.o(.ARM.Collect$$rtentry$$00000002)
    __rt_entry_sh                            0x08000245   Thumb Code     0  __rtentry4.o(.ARM.Collect$$rtentry$$00000004)
    __rt_entry_li                            0x0800024b   Thumb Code     0  __rtentry2.o(.ARM.Collect$$rtentry$$0000000A)
    __rt_entry_postsh_1                      0x0800024b   Thumb Code     0  __rtentry2.o(.ARM.Collect$$rtentry$$00000009)
    __rt_entry_main                          0x0800024f   Thumb Code     0  __rtentry2.o(.ARM.Collect$$rtentry$$0000000D)
    __rt_entry_postli_1                      0x0800024f   Thumb Code     0  __rtentry2.o(.ARM.Collect$$rtentry$$0000000C)
    __rt_exit                                0x08000257   Thumb Code     0  rtexit.o(.ARM.Collect$$rtexit$$00000000)
    __rt_exit_ls                             0x08000259   Thumb Code     0  rtexit2.o(.ARM.Collect$$rtexit$$00000003)
    __rt_exit_prels_1                        0x08000259   Thumb Code     0  rtexit2.o(.ARM.Collect$$rtexit$$00000002)
    __rt_exit_exit                           0x0800025d   Thumb Code     0  rtexit2.o(.ARM.Collect$$rtexit$$00000004)
    Reset_Handler                            0x08000265   Thumb Code     8  startup_stm32f411xe.o(.text)
    NMI_Handler                              0x0800026d   Thumb Code     2  startup_stm32f411xe.o(.text)
    HardFault_Handler                        0x0800026f   Thumb Code     2  startup_stm32f411xe.o(.text)
    MemManage_Handler                        0x08000271   Thumb Code     2  startup_stm32f411xe.o(.text)
    BusFault_Handler                         0x08000273   Thumb Code     2  startup_stm32f411xe.o(.text)
    UsageFault_Handler                       0x08000275   Thumb Code     2  startup_stm32f411xe.o(.text)
    SVC_Handler                              0x08000277   Thumb Code     2  startup_stm32f411xe.o(.text)
    DebugMon_Handler                         0x08000279   Thumb Code     2  startup_stm32f411xe.o(.text)
    PendSV_Handler                           0x0800027b   Thumb Code     2  startup_stm32f411xe.o(.text)
    ADC_IRQHandler                           0x0800027f   Thumb Code     0  startup_stm32f411xe.o(.text)
    DMA1_Stream0_IRQHandler                  0x0800027f   Thumb Code     0  startup_stm32f411xe.o(.text)
    DMA1_Stream1_IRQHandler                  0x0800027f   Thumb Code     0  startup_stm32f411xe.o(.text)
    DMA1_Stream2_IRQHandler                  0x0800027f   Thumb Code     0  startup_stm32f411xe.o(.text)
    DMA1_Stream3_IRQHandler                  0x0800027f   Thumb Code     0  startup_stm32f411xe.o(.text)
    DMA1_Stream4_IRQHandler                  0x0800027f   Thumb Code     0  startup_stm32f411xe.o(.text)
    DMA1_Stream5_IRQHandler                  0x0800027f   Thumb Code     0  startup_stm32f411xe.o(.text)
    DMA1_Stream6_IRQHandler                  0x0800027f   Thumb Code     0  startup_stm32f411xe.o(.text)
    DMA1_Stream7_IRQHandler                  0x0800027f   Thumb Code     0  startup_stm32f411xe.o(.text)
    DMA2_Stream0_IRQHandler                  0x0800027f   Thumb Code     0  startup_stm32f411xe.o(.text)
    DMA2_Stream1_IRQHandler                  0x0800027f   Thumb Code     0  startup_stm32f411xe.o(.text)
    DMA2_Stream2_IRQHandler                  0x0800027f   Thumb Code     0  startup_stm32f411xe.o(.text)
    DMA2_Stream3_IRQHandler                  0x0800027f   Thumb Code     0  startup_stm32f411xe.o(.text)
    DMA2_Stream4_IRQHandler                  0x0800027f   Thumb Code     0  startup_stm32f411xe.o(.text)
    DMA2_Stream5_IRQHandler                  0x0800027f   Thumb Code     0  startup_stm32f411xe.o(.text)
    DMA2_Stream6_IRQHandler                  0x0800027f   Thumb Code     0  startup_stm32f411xe.o(.text)
    DMA2_Stream7_IRQHandler                  0x0800027f   Thumb Code     0  startup_stm32f411xe.o(.text)
    EXTI0_IRQHandler                         0x0800027f   Thumb Code     0  startup_stm32f411xe.o(.text)
    EXTI1_IRQHandler                         0x0800027f   Thumb Code     0  startup_stm32f411xe.o(.text)
    EXTI2_IRQHandler                         0x0800027f   Thumb Code     0  startup_stm32f411xe.o(.text)
    EXTI3_IRQHandler                         0x0800027f   Thumb Code     0  startup_stm32f411xe.o(.text)
    EXTI4_IRQHandler                         0x0800027f   Thumb Code     0  startup_stm32f411xe.o(.text)
    EXTI9_5_IRQHandler                       0x0800027f   Thumb Code     0  startup_stm32f411xe.o(.text)
    FLASH_IRQHandler                         0x0800027f   Thumb Code     0  startup_stm32f411xe.o(.text)
    FPU_IRQHandler                           0x0800027f   Thumb Code     0  startup_stm32f411xe.o(.text)
    I2C1_ER_IRQHandler                       0x0800027f   Thumb Code     0  startup_stm32f411xe.o(.text)
    I2C1_EV_IRQHandler                       0x0800027f   Thumb Code     0  startup_stm32f411xe.o(.text)
    I2C2_ER_IRQHandler                       0x0800027f   Thumb Code     0  startup_stm32f411xe.o(.text)
    I2C2_EV_IRQHandler                       0x0800027f   Thumb Code     0  startup_stm32f411xe.o(.text)
    I2C3_ER_IRQHandler                       0x0800027f   Thumb Code     0  startup_stm32f411xe.o(.text)
    I2C3_EV_IRQHandler                       0x0800027f   Thumb Code     0  startup_stm32f411xe.o(.text)
    OTG_FS_IRQHandler                        0x0800027f   Thumb Code     0  startup_stm32f411xe.o(.text)
    OTG_FS_WKUP_IRQHandler                   0x0800027f   Thumb Code     0  startup_stm32f411xe.o(.text)
    PVD_IRQHandler                           0x0800027f   Thumb Code     0  startup_stm32f411xe.o(.text)
    RCC_IRQHandler                           0x0800027f   Thumb Code     0  startup_stm32f411xe.o(.text)
    RTC_Alarm_IRQHandler                     0x0800027f   Thumb Code     0  startup_stm32f411xe.o(.text)
    RTC_WKUP_IRQHandler                      0x0800027f   Thumb Code     0  startup_stm32f411xe.o(.text)
    SDIO_IRQHandler                          0x0800027f   Thumb Code     0  startup_stm32f411xe.o(.text)
    SPI1_IRQHandler                          0x0800027f   Thumb Code     0  startup_stm32f411xe.o(.text)
    SPI2_IRQHandler                          0x0800027f   Thumb Code     0  startup_stm32f411xe.o(.text)
    SPI3_IRQHandler                          0x0800027f   Thumb Code     0  startup_stm32f411xe.o(.text)
    SPI4_IRQHandler                          0x0800027f   Thumb Code     0  startup_stm32f411xe.o(.text)
    SPI5_IRQHandler                          0x0800027f   Thumb Code     0  startup_stm32f411xe.o(.text)
    TAMP_STAMP_IRQHandler                    0x0800027f   Thumb Code     0  startup_stm32f411xe.o(.text)
    TIM1_BRK_TIM9_IRQHandler                 0x0800027f   Thumb Code     0  startup_stm32f411xe.o(.text)
    TIM1_CC_IRQHandler                       0x0800027f   Thumb Code     0  startup_stm32f411xe.o(.text)
    TIM1_TRG_COM_TIM11_IRQHandler            0x0800027f   Thumb Code     0  startup_stm32f411xe.o(.text)
    TIM1_UP_TIM10_IRQHandler                 0x0800027f   Thumb Code     0  startup_stm32f411xe.o(.text)
    TIM2_IRQHandler                          0x0800027f   Thumb Code     0  startup_stm32f411xe.o(.text)
    TIM4_IRQHandler                          0x0800027f   Thumb Code     0  startup_stm32f411xe.o(.text)
    TIM5_IRQHandler                          0x0800027f   Thumb Code     0  startup_stm32f411xe.o(.text)
    USART1_IRQHandler                        0x0800027f   Thumb Code     0  startup_stm32f411xe.o(.text)
    USART2_IRQHandler                        0x0800027f   Thumb Code     0  startup_stm32f411xe.o(.text)
    USART6_IRQHandler                        0x0800027f   Thumb Code     0  startup_stm32f411xe.o(.text)
    WWDG_IRQHandler                          0x0800027f   Thumb Code     0  startup_stm32f411xe.o(.text)
    __user_initial_stackheap                 0x08000281   Thumb Code     0  startup_stm32f411xe.o(.text)
    __use_two_region_memory                  0x080002a5   Thumb Code     2  heapauxi.o(.text)
    __rt_heap_escrow$2region                 0x080002a7   Thumb Code     2  heapauxi.o(.text)
    __rt_heap_expand$2region                 0x080002a9   Thumb Code     2  heapauxi.o(.text)
    __user_setup_stackheap                   0x080002ab   Thumb Code    74  sys_stackheap_outer.o(.text)
    exit                                     0x080002f5   Thumb Code    18  exit.o(.text)
    __user_libspace                          0x08000309   Thumb Code     8  libspace.o(.text)
    __user_perproc_libspace                  0x08000309   Thumb Code     0  libspace.o(.text)
    __user_perthread_libspace                0x08000309   Thumb Code     0  libspace.o(.text)
    _sys_exit                                0x08000311   Thumb Code     8  sys_exit.o(.text)
    __I$use$semihosting                      0x0800031d   Thumb Code     0  use_no_semi.o(.text)
    __use_no_semihosting_swi                 0x0800031d   Thumb Code     2  use_no_semi.o(.text)
    __semihosting_library_function           0x0800031f   Thumb Code     0  indicate_semi.o(.text)
    EXTI15_10_IRQHandler                     0x08000321   Thumb Code    68  lab_pwm_rcmotor.o(.text.EXTI15_10_IRQHandler)
    EXTI_init                                0x08000365   Thumb Code   432  ecexti2.o(.text.EXTI_init)
    GPIO_init                                0x08000515   Thumb Code    44  ecgpio2.o(.text.GPIO_init)
    GPIO_mode                                0x08000541   Thumb Code    62  ecgpio2.o(.text.GPIO_mode)
    GPIO_ospeed                              0x08000581   Thumb Code    62  ecgpio2.o(.text.GPIO_ospeed)
    GPIO_otype                               0x080005c1   Thumb Code    58  ecgpio2.o(.text.GPIO_otype)
    GPIO_pupd                                0x080005fd   Thumb Code    62  ecgpio2.o(.text.GPIO_pupd)
    PWM_init                                 0x08000641   Thumb Code   824  ecpwm2.o(.text.PWM_init)
    PWM_period                               0x08000981   Thumb Code    24  ecpwm2.o(.text.PWM_period)
    PWM_period_ms                            0x08000999   Thumb Code    46  ecpwm2.o(.text.PWM_period_ms)
    PWM_pinmap                               0x080009c9   Thumb Code   538  ecpwm2.o(.text.PWM_pinmap)
    PWM_pulsewidth                           0x08000be5   Thumb Code   212  ecpwm2.o(.text.PWM_pulsewidth)
    RCC_GPIOA_enable                         0x08000cb9   Thumb Code    18  ecrcc2.o(.text.RCC_GPIOA_enable)
    RCC_GPIOB_enable                         0x08000ccd   Thumb Code    18  ecrcc2.o(.text.RCC_GPIOB_enable)
    RCC_GPIOC_enable                         0x08000ce1   Thumb Code    18  ecrcc2.o(.text.RCC_GPIOC_enable)
    RCC_GPIOD_enable                         0x08000cf5   Thumb Code    18  ecrcc2.o(.text.RCC_GPIOD_enable)
    RCC_GPIOE_enable                         0x08000d09   Thumb Code    18  ecrcc2.o(.text.RCC_GPIOE_enable)
    RCC_GPIOH_enable                         0x08000d1d   Thumb Code    18  ecrcc2.o(.text.RCC_GPIOH_enable)
    RCC_GPIO_enable                          0x08000d31   Thumb Code   154  ecgpio2.o(.text.RCC_GPIO_enable)
    RCC_PLL_init                             0x08000dcd   Thumb Code   276  ecrcc2.o(.text.RCC_PLL_init)
    SysTick_Handler                          0x08000ee1   Thumb Code     8  ecsystick2.o(.text.SysTick_Handler)
    SysTick_counter                          0x08000ee9   Thumb Code    16  ecsystick2.o(.text.SysTick_counter)
    SystemInit                               0x08000ef9   Thumb Code    18  system_stm32f4xx.o(.text.SystemInit)
    TIM3_IRQHandler                          0x08000f11   Thumb Code   256  lab_pwm_rcmotor.o(.text.TIM3_IRQHandler)
    TIM_UI_enable                            0x08001021   Thumb Code    18  ectim2.o(.text.TIM_UI_enable)
    TIM_UI_init                              0x08001035   Thumb Code   236  ectim2.o(.text.TIM_UI_init)
    TIM_init                                 0x08001121   Thumb Code   320  ectim2.o(.text.TIM_init)
    TIM_period                               0x08001261   Thumb Code    20  ectim2.o(.text.TIM_period)
    TIM_period_ms                            0x08001275   Thumb Code   244  ectim2.o(.text.TIM_period_ms)
    clear_UIF                                0x08001451   Thumb Code    18  ectim2.o(.text.clear_UIF)
    clear_pending_EXTI                       0x08001465   Thumb Code    46  ecexti2.o(.text.clear_pending_EXTI)
    ecPinmap                                 0x08001495   Thumb Code   188  ecpinnames.o(.text.ecPinmap)
    is_UIF                                   0x08001551   Thumb Code    16  ectim2.o(.text.is_UIF)
    is_pending_EXTI                          0x08001561   Thumb Code    54  ecexti2.o(.text.is_pending_EXTI)
    main                                     0x08001599   Thumb Code    16  lab_pwm_rcmotor.o(.text.main)
    setup                                    0x080015a9   Thumb Code   116  lab_pwm_rcmotor.o(.text.setup)
    __aeabi_d2f                              0x0800161d   Thumb Code     0  d2f.o(x$fpl$d2f)
    _d2f                                     0x0800161d   Thumb Code    98  d2f.o(x$fpl$d2f)
    __aeabi_dadd                             0x08001681   Thumb Code     0  daddsub_clz.o(x$fpl$dadd)
    _dadd                                    0x08001681   Thumb Code   332  daddsub_clz.o(x$fpl$dadd)
    __aeabi_ddiv                             0x080017d1   Thumb Code     0  ddiv.o(x$fpl$ddiv)
    _ddiv                                    0x080017d1   Thumb Code   560  ddiv.o(x$fpl$ddiv)
    __aeabi_d2uiz                            0x08001a89   Thumb Code     0  dfixu.o(x$fpl$dfixu)
    _dfixu                                   0x08001a89   Thumb Code    90  dfixu.o(x$fpl$dfixu)
    __aeabi_ui2d                             0x08001ae3   Thumb Code     0  dflt_clz.o(x$fpl$dfltu)
    _dfltu                                   0x08001ae3   Thumb Code    38  dflt_clz.o(x$fpl$dfltu)
    __aeabi_dmul                             0x08001b09   Thumb Code     0  dmul.o(x$fpl$dmul)
    _dmul                                    0x08001b09   Thumb Code   332  dmul.o(x$fpl$dmul)
    __fpl_dnaninf                            0x08001c5d   Thumb Code   156  dnaninf.o(x$fpl$dnaninf)
    __fpl_dretinf                            0x08001cf9   Thumb Code    12  dretinf.o(x$fpl$dretinf)
    __aeabi_dsub                             0x08001d05   Thumb Code     0  daddsub_clz.o(x$fpl$dsub)
    _dsub                                    0x08001d05   Thumb Code   472  daddsub_clz.o(x$fpl$dsub)
    _fp_init                                 0x08001ee1   Thumb Code    26  fpinit.o(x$fpl$fpinit)
    __fplib_config_fpu_vfp                   0x08001ef9   Thumb Code     0  fpinit.o(x$fpl$fpinit)
    __fplib_config_pureend_doubles           0x08001ef9   Thumb Code     0  fpinit.o(x$fpl$fpinit)
    __fpl_fretinf                            0x08001efb   Thumb Code    10  fretinf.o(x$fpl$fretinf)
    Region$$Table$$Base                      0x08001f04   Number         0  anon$$obj.o(Region$$Table)
    __I$use$fp                               0x08001f04   Number         0  usenofp.o(x$fpl$usenofp)
    Region$$Table$$Limit                     0x08001f24   Number         0  anon$$obj.o(Region$$Table)
    EC_SYSCLK                                0x20000000   Data           4  ecrcc2.o(.data.EC_SYSCLK)
    pulse_width                              0x20000004   Data           4  lab_pwm_rcmotor.o(.data.pulse_width)
    __libspace_start                         0x20000008   Data          96  libspace.o(.bss)
    __temporary_stack_top$libspace           0x20000068   Data           0  libspace.o(.bss)
    degree                                   0x20000068   Data           4  lab_pwm_rcmotor.o(.bss.degree)
    msTicks                                  0x2000006c   Data           4  ecsystick2.o(.bss.msTicks)
    state                                    0x20000070   Data           4  lab_pwm_rcmotor.o(.bss.state)



==============================================================================

Memory Map of the image

  Image Entry point : 0x08000199

  Load Region LR_IROM1 (Base: 0x08000000, Size: 0x00001f30, Max: 0x00080000, ABSOLUTE)

    Execution Region ER_IROM1 (Exec base: 0x08000000, Load base: 0x08000000, Size: 0x00001f24, Max: 0x00080000, ABSOLUTE)

    Exec Addr    Load Addr    Size         Type   Attr      Idx    E Section Name        Object

    0x08000000   0x08000000   0x00000198   Data   RO          199    RESET               startup_stm32f411xe.o
    0x08000198   0x08000198   0x00000008   Code   RO          224  * !!!main             c_w.l(__main.o)
    0x080001a0   0x080001a0   0x0000005c   Code   RO          420    !!!scatter          c_w.l(__scatter.o)
    0x080001fc   0x080001fc   0x0000001a   Code   RO          424    !!handler_copy      c_w.l(__scatter_copy.o)
    0x08000216   0x08000216   0x00000002   PAD
    0x08000218   0x08000218   0x00000002   Code   RO          421    !!handler_null      c_w.l(__scatter.o)
    0x0800021a   0x0800021a   0x00000002   PAD
    0x0800021c   0x0800021c   0x0000001c   Code   RO          426    !!handler_zi        c_w.l(__scatter_zi.o)
    0x08000238   0x08000238   0x00000002   Code   RO          282    .ARM.Collect$$libinit$$00000000  c_w.l(libinit.o)
    0x0800023a   0x0800023a   0x00000004   Code   RO          288    .ARM.Collect$$libinit$$00000001  c_w.l(libinit2.o)
    0x0800023e   0x0800023e   0x00000000   Code   RO          291    .ARM.Collect$$libinit$$00000004  c_w.l(libinit2.o)
    0x0800023e   0x0800023e   0x00000000   Code   RO          293    .ARM.Collect$$libinit$$00000006  c_w.l(libinit2.o)
    0x0800023e   0x0800023e   0x00000000   Code   RO          296    .ARM.Collect$$libinit$$0000000C  c_w.l(libinit2.o)
    0x0800023e   0x0800023e   0x00000000   Code   RO          298    .ARM.Collect$$libinit$$0000000E  c_w.l(libinit2.o)
    0x0800023e   0x0800023e   0x00000000   Code   RO          300    .ARM.Collect$$libinit$$00000010  c_w.l(libinit2.o)
    0x0800023e   0x0800023e   0x00000000   Code   RO          303    .ARM.Collect$$libinit$$00000013  c_w.l(libinit2.o)
    0x0800023e   0x0800023e   0x00000000   Code   RO          305    .ARM.Collect$$libinit$$00000015  c_w.l(libinit2.o)
    0x0800023e   0x0800023e   0x00000000   Code   RO          307    .ARM.Collect$$libinit$$00000017  c_w.l(libinit2.o)
    0x0800023e   0x0800023e   0x00000000   Code   RO          309    .ARM.Collect$$libinit$$00000019  c_w.l(libinit2.o)
    0x0800023e   0x0800023e   0x00000000   Code   RO          311    .ARM.Collect$$libinit$$0000001B  c_w.l(libinit2.o)
    0x0800023e   0x0800023e   0x00000000   Code   RO          313    .ARM.Collect$$libinit$$0000001D  c_w.l(libinit2.o)
    0x0800023e   0x0800023e   0x00000000   Code   RO          315    .ARM.Collect$$libinit$$0000001F  c_w.l(libinit2.o)
    0x0800023e   0x0800023e   0x00000000   Code   RO          317    .ARM.Collect$$libinit$$00000021  c_w.l(libinit2.o)
    0x0800023e   0x0800023e   0x00000000   Code   RO          319    .ARM.Collect$$libinit$$00000023  c_w.l(libinit2.o)
    0x0800023e   0x0800023e   0x00000000   Code   RO          321    .ARM.Collect$$libinit$$00000025  c_w.l(libinit2.o)
    0x0800023e   0x0800023e   0x00000000   Code   RO          323    .ARM.Collect$$libinit$$00000027  c_w.l(libinit2.o)
    0x0800023e   0x0800023e   0x00000000   Code   RO          327    .ARM.Collect$$libinit$$0000002E  c_w.l(libinit2.o)
    0x0800023e   0x0800023e   0x00000000   Code   RO          329    .ARM.Collect$$libinit$$00000030  c_w.l(libinit2.o)
    0x0800023e   0x0800023e   0x00000000   Code   RO          331    .ARM.Collect$$libinit$$00000032  c_w.l(libinit2.o)
    0x0800023e   0x0800023e   0x00000000   Code   RO          333    .ARM.Collect$$libinit$$00000034  c_w.l(libinit2.o)
    0x0800023e   0x0800023e   0x00000002   Code   RO          334    .ARM.Collect$$libinit$$00000035  c_w.l(libinit2.o)
    0x08000240   0x08000240   0x00000002   Code   RO          356    .ARM.Collect$$libshutdown$$00000000  c_w.l(libshutdown.o)
    0x08000242   0x08000242   0x00000000   Code   RO          371    .ARM.Collect$$libshutdown$$00000002  c_w.l(libshutdown2.o)
    0x08000242   0x08000242   0x00000000   Code   RO          373    .ARM.Collect$$libshutdown$$00000004  c_w.l(libshutdown2.o)
    0x08000242   0x08000242   0x00000000   Code   RO          376    .ARM.Collect$$libshutdown$$00000007  c_w.l(libshutdown2.o)
    0x08000242   0x08000242   0x00000000   Code   RO          379    .ARM.Collect$$libshutdown$$0000000A  c_w.l(libshutdown2.o)
    0x08000242   0x08000242   0x00000000   Code   RO          381    .ARM.Collect$$libshutdown$$0000000C  c_w.l(libshutdown2.o)
    0x08000242   0x08000242   0x00000000   Code   RO          384    .ARM.Collect$$libshutdown$$0000000F  c_w.l(libshutdown2.o)
    0x08000242   0x08000242   0x00000002   Code   RO          385    .ARM.Collect$$libshutdown$$00000010  c_w.l(libshutdown2.o)
    0x08000244   0x08000244   0x00000000   Code   RO          250    .ARM.Collect$$rtentry$$00000000  c_w.l(__rtentry.o)
    0x08000244   0x08000244   0x00000000   Code   RO          259    .ARM.Collect$$rtentry$$00000002  c_w.l(__rtentry2.o)
    0x08000244   0x08000244   0x00000006   Code   RO          271    .ARM.Collect$$rtentry$$00000004  c_w.l(__rtentry4.o)
    0x0800024a   0x0800024a   0x00000000   Code   RO          261    .ARM.Collect$$rtentry$$00000009  c_w.l(__rtentry2.o)
    0x0800024a   0x0800024a   0x00000004   Code   RO          262    .ARM.Collect$$rtentry$$0000000A  c_w.l(__rtentry2.o)
    0x0800024e   0x0800024e   0x00000000   Code   RO          264    .ARM.Collect$$rtentry$$0000000C  c_w.l(__rtentry2.o)
    0x0800024e   0x0800024e   0x00000008   Code   RO          265    .ARM.Collect$$rtentry$$0000000D  c_w.l(__rtentry2.o)
    0x08000256   0x08000256   0x00000002   Code   RO          286    .ARM.Collect$$rtexit$$00000000  c_w.l(rtexit.o)
    0x08000258   0x08000258   0x00000000   Code   RO          336    .ARM.Collect$$rtexit$$00000002  c_w.l(rtexit2.o)
    0x08000258   0x08000258   0x00000004   Code   RO          337    .ARM.Collect$$rtexit$$00000003  c_w.l(rtexit2.o)
    0x0800025c   0x0800025c   0x00000006   Code   RO          338    .ARM.Collect$$rtexit$$00000004  c_w.l(rtexit2.o)
    0x08000262   0x08000262   0x00000002   PAD
    0x08000264   0x08000264   0x00000040   Code   RO          200    .text               startup_stm32f411xe.o
    0x080002a4   0x080002a4   0x00000006   Code   RO          222    .text               c_w.l(heapauxi.o)
    0x080002aa   0x080002aa   0x0000004a   Code   RO          273    .text               c_w.l(sys_stackheap_outer.o)
    0x080002f4   0x080002f4   0x00000012   Code   RO          275    .text               c_w.l(exit.o)
    0x08000306   0x08000306   0x00000002   PAD
    0x08000308   0x08000308   0x00000008   Code   RO          283    .text               c_w.l(libspace.o)
    0x08000310   0x08000310   0x0000000c   Code   RO          346    .text               c_w.l(sys_exit.o)
    0x0800031c   0x0800031c   0x00000002   Code   RO          361    .text               c_w.l(use_no_semi.o)
    0x0800031e   0x0800031e   0x00000000   Code   RO          363    .text               c_w.l(indicate_semi.o)
    0x0800031e   0x0800031e   0x00000002   PAD
    0x08000320   0x08000320   0x00000044   Code   RO            8    .text.EXTI15_10_IRQHandler  lab_pwm_rcmotor.o
    0x08000364   0x08000364   0x000001b0   Code   RO           23    .text.EXTI_init     ecexti2.o
    0x08000514   0x08000514   0x0000002c   Code   RO           48    .text.GPIO_init     ecgpio2.o
    0x08000540   0x08000540   0x0000003e   Code   RO           50    .text.GPIO_mode     ecgpio2.o
    0x0800057e   0x0800057e   0x00000002   PAD
    0x08000580   0x08000580   0x0000003e   Code   RO           52    .text.GPIO_ospeed   ecgpio2.o
    0x080005be   0x080005be   0x00000002   PAD
    0x080005c0   0x080005c0   0x0000003a   Code   RO           54    .text.GPIO_otype    ecgpio2.o
    0x080005fa   0x080005fa   0x00000002   PAD
    0x080005fc   0x080005fc   0x0000003e   Code   RO           56    .text.GPIO_pupd     ecgpio2.o
    0x0800063a   0x0800063a   0x00000006   PAD
    0x08000640   0x08000640   0x00000340   Code   RO           92    .text.PWM_init      ecpwm2.o
    0x08000980   0x08000980   0x00000018   Code   RO           98    .text.PWM_period    ecpwm2.o
    0x08000998   0x08000998   0x0000002e   Code   RO           96    .text.PWM_period_ms  ecpwm2.o
    0x080009c6   0x080009c6   0x00000002   PAD
    0x080009c8   0x080009c8   0x0000021a   Code   RO           94    .text.PWM_pinmap    ecpwm2.o
    0x08000be2   0x08000be2   0x00000002   PAD
    0x08000be4   0x08000be4   0x000000d4   Code   RO          102    .text.PWM_pulsewidth  ecpwm2.o
    0x08000cb8   0x08000cb8   0x00000012   Code   RO          121    .text.RCC_GPIOA_enable  ecrcc2.o
    0x08000cca   0x08000cca   0x00000002   PAD
    0x08000ccc   0x08000ccc   0x00000012   Code   RO          123    .text.RCC_GPIOB_enable  ecrcc2.o
    0x08000cde   0x08000cde   0x00000002   PAD
    0x08000ce0   0x08000ce0   0x00000012   Code   RO          125    .text.RCC_GPIOC_enable  ecrcc2.o
    0x08000cf2   0x08000cf2   0x00000002   PAD
    0x08000cf4   0x08000cf4   0x00000012   Code   RO          127    .text.RCC_GPIOD_enable  ecrcc2.o
    0x08000d06   0x08000d06   0x00000002   PAD
    0x08000d08   0x08000d08   0x00000012   Code   RO          129    .text.RCC_GPIOE_enable  ecrcc2.o
    0x08000d1a   0x08000d1a   0x00000002   PAD
    0x08000d1c   0x08000d1c   0x00000012   Code   RO          131    .text.RCC_GPIOH_enable  ecrcc2.o
    0x08000d2e   0x08000d2e   0x00000002   PAD
    0x08000d30   0x08000d30   0x0000009a   Code   RO           44    .text.RCC_GPIO_enable  ecgpio2.o
    0x08000dca   0x08000dca   0x00000002   PAD
    0x08000dcc   0x08000dcc   0x00000114   Code   RO          119    .text.RCC_PLL_init  ecrcc2.o
    0x08000ee0   0x08000ee0   0x00000008   Code   RO          147    .text.SysTick_Handler  ecsystick2.o
    0x08000ee8   0x08000ee8   0x00000010   Code   RO          149    .text.SysTick_counter  ecsystick2.o
    0x08000ef8   0x08000ef8   0x00000012   Code   RO          207    .text.SystemInit    system_stm32f4xx.o
    0x08000f0a   0x08000f0a   0x00000006   PAD
    0x08000f10   0x08000f10   0x00000110   Code   RO            6    .text.TIM3_IRQHandler  lab_pwm_rcmotor.o
    0x08001020   0x08001020   0x00000012   Code   RO          179    .text.TIM_UI_enable  ectim2.o
    0x08001032   0x08001032   0x00000002   PAD
    0x08001034   0x08001034   0x000000ec   Code   RO          177    .text.TIM_UI_init   ectim2.o
    0x08001120   0x08001120   0x00000140   Code   RO          169    .text.TIM_init      ectim2.o
    0x08001260   0x08001260   0x00000014   Code   RO          175    .text.TIM_period    ectim2.o
    0x08001274   0x08001274   0x000000f4   Code   RO          171    .text.TIM_period_ms  ectim2.o
    0x08001368   0x08001368   0x00000030   Code   RO           27    .text.__NVIC_EnableIRQ  ecexti2.o
    0x08001398   0x08001398   0x00000030   Code   RO          181    .text.__NVIC_EnableIRQ  ectim2.o
    0x080013c8   0x080013c8   0x00000042   Code   RO           25    .text.__NVIC_SetPriority  ecexti2.o
    0x0800140a   0x0800140a   0x00000002   PAD
    0x0800140c   0x0800140c   0x00000042   Code   RO          183    .text.__NVIC_SetPriority  ectim2.o
    0x0800144e   0x0800144e   0x00000002   PAD
    0x08001450   0x08001450   0x00000012   Code   RO          189    .text.clear_UIF     ectim2.o
    0x08001462   0x08001462   0x00000002   PAD
    0x08001464   0x08001464   0x0000002e   Code   RO           35    .text.clear_pending_EXTI  ecexti2.o
    0x08001492   0x08001492   0x00000002   PAD
    0x08001494   0x08001494   0x000000bc   Code   RO           84    .text.ecPinmap      ecpinnames.o
    0x08001550   0x08001550   0x00000010   Code   RO          187    .text.is_UIF        ectim2.o
    0x08001560   0x08001560   0x00000036   Code   RO           33    .text.is_pending_EXTI  ecexti2.o
    0x08001596   0x08001596   0x00000002   PAD
    0x08001598   0x08001598   0x00000010   Code   RO            2    .text.main          lab_pwm_rcmotor.o
    0x080015a8   0x080015a8   0x00000074   Code   RO            4    .text.setup         lab_pwm_rcmotor.o
    0x0800161c   0x0800161c   0x00000062   Code   RO          226    x$fpl$d2f           fz_wm.l(d2f.o)
    0x0800167e   0x0800167e   0x00000002   PAD
    0x08001680   0x08001680   0x00000150   Code   RO          228    x$fpl$dadd          fz_wm.l(daddsub_clz.o)
    0x080017d0   0x080017d0   0x000002b8   Code   RO          235    x$fpl$ddiv          fz_wm.l(ddiv.o)
    0x08001a88   0x08001a88   0x0000005a   Code   RO          238    x$fpl$dfixu         fz_wm.l(dfixu.o)
    0x08001ae2   0x08001ae2   0x00000026   Code   RO          242    x$fpl$dfltu         fz_wm.l(dflt_clz.o)
    0x08001b08   0x08001b08   0x00000154   Code   RO          248    x$fpl$dmul          fz_wm.l(dmul.o)
    0x08001c5c   0x08001c5c   0x0000009c   Code   RO          251    x$fpl$dnaninf       fz_wm.l(dnaninf.o)
    0x08001cf8   0x08001cf8   0x0000000c   Code   RO          253    x$fpl$dretinf       fz_wm.l(dretinf.o)
    0x08001d04   0x08001d04   0x000001dc   Code   RO          230    x$fpl$dsub          fz_wm.l(daddsub_clz.o)
    0x08001ee0   0x08001ee0   0x0000001a   Code   RO          344    x$fpl$fpinit        fz_wm.l(fpinit.o)
    0x08001efa   0x08001efa   0x0000000a   Code   RO          255    x$fpl$fretinf       fz_wm.l(fretinf.o)
    0x08001f04   0x08001f04   0x00000000   Code   RO          257    x$fpl$usenofp       fz_wm.l(usenofp.o)
    0x08001f04   0x08001f04   0x00000020   Data   RO          419    Region$$Table       anon$$obj.o


    Execution Region RW_IRAM1 (Exec base: 0x20000000, Load base: 0x08001f28, Size: 0x00000678, Max: 0x00020000, ABSOLUTE)

    Exec Addr    Load Addr    Size         Type   Attr      Idx    E Section Name        Object

    0x20000000   0x08001f28   0x00000004   Data   RW          133    .data.EC_SYSCLK     ecrcc2.o
    0x20000004   0x08001f2c   0x00000004   Data   RW           10    .data.pulse_width   lab_pwm_rcmotor.o
    0x20000008        -       0x00000060   Zero   RW          284    .bss                c_w.l(libspace.o)
    0x20000068        -       0x00000004   Zero   RW           13    .bss.degree         lab_pwm_rcmotor.o
    0x2000006c        -       0x00000004   Zero   RW          161    .bss.msTicks        ecsystick2.o
    0x20000070        -       0x00000004   Zero   RW           11    .bss.state          lab_pwm_rcmotor.o
    0x20000074   0x08001f30   0x00000004   PAD
    0x20000078        -       0x00000200   Zero   RW          198    HEAP                startup_stm32f411xe.o
    0x20000278        -       0x00000400   Zero   RW          197    STACK               startup_stm32f411xe.o


==============================================================================

Image component sizes


      Code (inc. data)   RO Data    RW Data    ZI Data      Debug   Object Name

       646          0          0          0          0       7374   ecexti2.o
       442          0          0          0          0       5456   ecgpio2.o
       188          0          0          0          0       2653   ecpinnames.o
      1652         68          0          0          0       7123   ecpwm2.o
       384          0          0          4          0       2467   ecrcc2.o
        24          0          0          0          4       4532   ecsystick2.o
       986          0          0          0          0       6674   ectim2.o
       472         16          0          4          8       3085   lab_pwm_rcmotor.o
        64         26        408          0       1536        888   startup_stm32f411xe.o
        18          0          0          0          0       2815   system_stm32f4xx.o

    ----------------------------------------------------------------------
      4924        110        440          8       1552      43067   Object Totals
         0          0         32          0          0          0   (incl. Generated)
        48          0          0          0          4          0   (incl. Padding)

    ----------------------------------------------------------------------

      Code (inc. data)   RO Data    RW Data    ZI Data      Debug   Library Member Name

         8          0          0          0          0         68   __main.o
         0          0          0          0          0          0   __rtentry.o
        12          0          0          0          0          0   __rtentry2.o
         6          0          0          0          0          0   __rtentry4.o
        94          8          0          0          0          0   __scatter.o
        26          0          0          0          0          0   __scatter_copy.o
        28          0          0          0          0          0   __scatter_zi.o
        18          0          0          0          0         80   exit.o
         6          0          0          0          0        152   heapauxi.o
         0          0          0          0          0          0   indicate_semi.o
         2          0          0          0          0          0   libinit.o
         6          0          0          0          0          0   libinit2.o
         2          0          0          0          0          0   libshutdown.o
         2          0          0          0          0          0   libshutdown2.o
         8          4          0          0         96         68   libspace.o
         2          0          0          0          0          0   rtexit.o
        10          0          0          0          0          0   rtexit2.o
        12          4          0          0          0         68   sys_exit.o
        74          0          0          0          0         80   sys_stackheap_outer.o
         2          0          0          0          0         68   use_no_semi.o
        98          4          0          0          0        140   d2f.o
       812         16          0          0          0        392   daddsub_clz.o
       696        140          0          0          0        264   ddiv.o
        90          4          0          0          0        140   dfixu.o
        38          0          0          0          0        116   dflt_clz.o
       340         12          0          0          0        152   dmul.o
       156          4          0          0          0        140   dnaninf.o
        12          0          0          0          0        116   dretinf.o
        26          0          0          0          0        116   fpinit.o
        10          0          0          0          0        116   fretinf.o
         0          0          0          0          0          0   usenofp.o

    ----------------------------------------------------------------------
      2608        196          0          0         96       2276   Library Totals
        12          0          0          0          0          0   (incl. Padding)

    ----------------------------------------------------------------------

      Code (inc. data)   RO Data    RW Data    ZI Data      Debug   Library Name

       318         16          0          0         96        584   c_w.l
      2278        180          0          0          0       1692   fz_wm.l

    ----------------------------------------------------------------------
      2608        196          0          0         96       2276   Library Totals

    ----------------------------------------------------------------------

==============================================================================


      Code (inc. data)   RO Data    RW Data    ZI Data      Debug   

      7532        306        440          8       1648      44095   Grand Totals
      7532        306        440          8       1648      44095   ELF Image Totals
      7532        306        440          8          0          0   ROM Totals

==============================================================================

    Total RO  Size (Code + RO Data)                 7972 (   7.79kB)
    Total RW  Size (RW Data + ZI Data)              1656 (   1.62kB)
    Total ROM Size (Code + RO Data + RW Data)       7980 (   7.79kB)

==============================================================================

